drv_mx25.c:21:13:drv_writeData	32	static
drv_mx25.c:58:13:drv_readData	32	static
drv_mx25.c:87:6:drv_initFlash	16	static
drv_mx25.c:103:6:Wait_Flash_WarmUp	16	static
drv_mx25.c:119:6:Initial_Spi	16	static
drv_mx25.c:133:6:CS_Low	16	static
drv_mx25.c:142:6:CS_High	16	static
drv_mx25.c:158:6:InsertDummyCycle	24	static
drv_mx25.c:191:6:SendByte	16	static
drv_mx25.c:210:15:GetByte	24	static
drv_mx25.c:230:15:WaitFlashReady	24	static
drv_mx25.c:259:15:WaitRYBYReady	24	static
drv_mx25.c:290:15:IsFlashBusy	16	static
drv_mx25.c:308:15:IsFlashQIO	16	static
drv_mx25.c:329:15:IsFlash4Byte	4	static
drv_mx25.c:356:6:SendFlashAddr	16	static
drv_mx25.c:382:15:GetDummyCycle	16	static
drv_mx25.c:434:11:CMD_RDID	24	static
drv_mx25.c:468:11:CMD_RES	16	static
drv_mx25.c:495:11:CMD_REMS	24	static
drv_mx25.c:533:11:CMD_RDSR	24	static
drv_mx25.c:562:11:CMD_WRSR	16	static
drv_mx25.c:605:11:CMD_READ	40	static
drv_mx25.c:649:11:CMD_DREAD	40	static
drv_mx25.c:696:11:CMD_FASTREAD	40	static
drv_mx25.c:744:11:CMD_RDSFDP	40	static
drv_mx25.c:788:11:CMD_WREN	8	static
drv_mx25.c:809:11:CMD_WRDI	8	static
drv_mx25.c:837:11:CMD_PP	32	static
drv_mx25.c:893:11:CMD_SE	24	static
drv_mx25.c:937:11:CMD_BE	24	static
drv_mx25.c:979:11:CMD_CE	8	static
drv_mx25.c:1014:11:CMD_DP	8	static
drv_mx25.c:1035:11:CMD_RDP	8	static
