Archive member included to satisfy reference by file (symbol)

c:/st/stm32cubeide_1.4.0/stm32cubeide/plugins/com.st.stm32cube.ide.mcu.externaltools.gnu-tools-for-stm32.7-2018-q2-update.win32_1.4.0.202007081208/tools/bin/../lib/gcc/arm-none-eabi/7.3.1/../../../../arm-none-eabi/lib/thumb/v7e-m/fpv4-sp/hard\libc_nano.a(lib_a-errno.o)
                              Core/Src/syscalls.o (__errno)
c:/st/stm32cubeide_1.4.0/stm32cubeide/plugins/com.st.stm32cube.ide.mcu.externaltools.gnu-tools-for-stm32.7-2018-q2-update.win32_1.4.0.202007081208/tools/bin/../lib/gcc/arm-none-eabi/7.3.1/../../../../arm-none-eabi/lib/thumb/v7e-m/fpv4-sp/hard\libc_nano.a(lib_a-exit.o)
                              c:/st/stm32cubeide_1.4.0/stm32cubeide/plugins/com.st.stm32cube.ide.mcu.externaltools.gnu-tools-for-stm32.7-2018-q2-update.win32_1.4.0.202007081208/tools/bin/../lib/gcc/arm-none-eabi/7.3.1/../../../../arm-none-eabi/lib/thumb/v7e-m/fpv4-sp/hard/crt0.o (exit)
c:/st/stm32cubeide_1.4.0/stm32cubeide/plugins/com.st.stm32cube.ide.mcu.externaltools.gnu-tools-for-stm32.7-2018-q2-update.win32_1.4.0.202007081208/tools/bin/../lib/gcc/arm-none-eabi/7.3.1/../../../../arm-none-eabi/lib/thumb/v7e-m/fpv4-sp/hard\libc_nano.a(lib_a-impure.o)
                              c:/st/stm32cubeide_1.4.0/stm32cubeide/plugins/com.st.stm32cube.ide.mcu.externaltools.gnu-tools-for-stm32.7-2018-q2-update.win32_1.4.0.202007081208/tools/bin/../lib/gcc/arm-none-eabi/7.3.1/../../../../arm-none-eabi/lib/thumb/v7e-m/fpv4-sp/hard\libc_nano.a(lib_a-exit.o) (_global_impure_ptr)
c:/st/stm32cubeide_1.4.0/stm32cubeide/plugins/com.st.stm32cube.ide.mcu.externaltools.gnu-tools-for-stm32.7-2018-q2-update.win32_1.4.0.202007081208/tools/bin/../lib/gcc/arm-none-eabi/7.3.1/../../../../arm-none-eabi/lib/thumb/v7e-m/fpv4-sp/hard\libc_nano.a(lib_a-init.o)
                              c:/st/stm32cubeide_1.4.0/stm32cubeide/plugins/com.st.stm32cube.ide.mcu.externaltools.gnu-tools-for-stm32.7-2018-q2-update.win32_1.4.0.202007081208/tools/bin/../lib/gcc/arm-none-eabi/7.3.1/../../../../arm-none-eabi/lib/thumb/v7e-m/fpv4-sp/hard/crt0.o (__libc_init_array)
c:/st/stm32cubeide_1.4.0/stm32cubeide/plugins/com.st.stm32cube.ide.mcu.externaltools.gnu-tools-for-stm32.7-2018-q2-update.win32_1.4.0.202007081208/tools/bin/../lib/gcc/arm-none-eabi/7.3.1/../../../../arm-none-eabi/lib/thumb/v7e-m/fpv4-sp/hard\libc_nano.a(lib_a-memcpy-stub.o)
                              APP/src/app_data.o (memcpy)
c:/st/stm32cubeide_1.4.0/stm32cubeide/plugins/com.st.stm32cube.ide.mcu.externaltools.gnu-tools-for-stm32.7-2018-q2-update.win32_1.4.0.202007081208/tools/bin/../lib/gcc/arm-none-eabi/7.3.1/../../../../arm-none-eabi/lib/thumb/v7e-m/fpv4-sp/hard\libc_nano.a(lib_a-memset.o)
                              c:/st/stm32cubeide_1.4.0/stm32cubeide/plugins/com.st.stm32cube.ide.mcu.externaltools.gnu-tools-for-stm32.7-2018-q2-update.win32_1.4.0.202007081208/tools/bin/../lib/gcc/arm-none-eabi/7.3.1/../../../../arm-none-eabi/lib/thumb/v7e-m/fpv4-sp/hard/crt0.o (memset)
c:/st/stm32cubeide_1.4.0/stm32cubeide/plugins/com.st.stm32cube.ide.mcu.externaltools.gnu-tools-for-stm32.7-2018-q2-update.win32_1.4.0.202007081208/tools/bin/../lib/gcc/arm-none-eabi/7.3.1/../../../../arm-none-eabi/lib/thumb/v7e-m/fpv4-sp/hard\libc_nano.a(lib_a-rand.o)
                              APP/src/app_task.o (srand)
c:/st/stm32cubeide_1.4.0/stm32cubeide/plugins/com.st.stm32cube.ide.mcu.externaltools.gnu-tools-for-stm32.7-2018-q2-update.win32_1.4.0.202007081208/tools/bin/../lib/gcc/arm-none-eabi/7.3.1/../../../../arm-none-eabi/lib/thumb/v7e-m/fpv4-sp/hard\libc_nano.a(lib_a-sprintf.o)
                              DRV/src/drv_cat1.o (sprintf)
c:/st/stm32cubeide_1.4.0/stm32cubeide/plugins/com.st.stm32cube.ide.mcu.externaltools.gnu-tools-for-stm32.7-2018-q2-update.win32_1.4.0.202007081208/tools/bin/../lib/gcc/arm-none-eabi/7.3.1/../../../../arm-none-eabi/lib/thumb/v7e-m/fpv4-sp/hard\libc_nano.a(lib_a-strlen.o)
                              DRV/src/drv_cat1.o (strlen)
c:/st/stm32cubeide_1.4.0/stm32cubeide/plugins/com.st.stm32cube.ide.mcu.externaltools.gnu-tools-for-stm32.7-2018-q2-update.win32_1.4.0.202007081208/tools/bin/../lib/gcc/arm-none-eabi/7.3.1/../../../../arm-none-eabi/lib/thumb/v7e-m/fpv4-sp/hard\libc_nano.a(lib_a-strstr.o)
                              DRV/src/drv_cat1.o (strstr)
c:/st/stm32cubeide_1.4.0/stm32cubeide/plugins/com.st.stm32cube.ide.mcu.externaltools.gnu-tools-for-stm32.7-2018-q2-update.win32_1.4.0.202007081208/tools/bin/../lib/gcc/arm-none-eabi/7.3.1/../../../../arm-none-eabi/lib/thumb/v7e-m/fpv4-sp/hard\libc_nano.a(lib_a-malloc.o)
                              c:/st/stm32cubeide_1.4.0/stm32cubeide/plugins/com.st.stm32cube.ide.mcu.externaltools.gnu-tools-for-stm32.7-2018-q2-update.win32_1.4.0.202007081208/tools/bin/../lib/gcc/arm-none-eabi/7.3.1/../../../../arm-none-eabi/lib/thumb/v7e-m/fpv4-sp/hard\libc_nano.a(lib_a-rand.o) (malloc)
[...]
Memory Configuration

Name             Origin             Length             Attributes
CCMRAM           0x0000000010000000 0x0000000000010000 xrw
RAM              0x0000000020000000 0x0000000000020000 xrw
FLASH            0x0000000008020000 0x0000000000020000 xr
*default*        0x0000000000000000 0xffffffffffffffff

Linker script and memory map

LOAD c:/st/stm32cubeide_1.4.0/stm32cubeide/plugins/com.st.stm32cube.ide.mcu.externaltools.gnu-tools-for-stm32.7-2018-q2-update.win32_1.4.0.202007081208/tools/bin/../lib/gcc/arm-none-eabi/7.3.1/thumb/v7e-m/fpv4-sp/hard/crti.o
LOAD c:/st/stm32cubeide_1.4.0/stm32cubeide/plugins/com.st.stm32cube.ide.mcu.externaltools.gnu-tools-for-stm32.7-2018-q2-update.win32_1.4.0.202007081208/tools/bin/../lib/gcc/arm-none-eabi/7.3.1/thumb/v7e-m/fpv4-sp/hard/crtbegin.o
LOAD c:/st/stm32cubeide_1.4.0/stm32cubeide/plugins/com.st.stm32cube.ide.mcu.externaltools.gnu-tools-for-stm32.7-2018-q2-update.win32_1.4.0.202007081208/tools/bin/../lib/gcc/arm-none-eabi/7.3.1/../../../../arm-none-eabi/lib/thumb/v7e-m/fpv4-sp/hard/crt0.o
LOAD APP/src/app_communication.o
LOAD APP/src/app_data.o
LOAD APP/src/app_device.o
LOAD APP/src/app_protocol.o
LOAD APP/src/app_task.o
LOAD Core/Src/freertos.o
LOAD Core/Src/main.o
LOAD Core/Src/stm32f4xx_hal_msp.o
LOAD Core/Src/stm32f4xx_it.o
LOAD Core/Src/syscalls.o
LOAD Core/Src/sysmem.o
LOAD Core/Src/system_stm32f4xx.o
LOAD Core/Startup/startup_stm32f407vetx.o
LOAD DRV/src/drv_485.o
LOAD DRV/src/drv_ble.o
LOAD DRV/src/drv_cat1.o
LOAD DRV/src/drv_debug.o
LOAD DRV/src/drv_led.o
LOAD DRV/src/drv_mx25.o
LOAD DRV/src/drv_pwm2iv.o
LOAD DRV/src/drv_sx1278.o
LOAD Drivers/STM32F4xx_HAL_Driver/Src/stm32f4xx_hal.o
LOAD Drivers/STM32F4xx_HAL_Driver/Src/stm32f4xx_hal_adc.o
LOAD Drivers/STM32F4xx_HAL_Driver/Src/stm32f4xx_hal_adc_ex.o
LOAD Drivers/STM32F4xx_HAL_Driver/Src/stm32f4xx_hal_cortex.o
LOAD Drivers/STM32F4xx_HAL_Driver/Src/stm32f4xx_hal_dma.o
LOAD Drivers/STM32F4xx_HAL_Driver/Src/stm32f4xx_hal_dma_ex.o
LOAD Drivers/STM32F4xx_HAL_Driver/Src/stm32f4xx_hal_exti.o
LOAD Drivers/STM32F4xx_HAL_Driver/Src/stm32f4xx_hal_flash.o
LOAD Drivers/STM32F4xx_HAL_Driver/Src/stm32f4xx_hal_flash_ex.o
LOAD Drivers/STM32F4xx_HAL_Driver/Src/stm32f4xx_hal_flash_ramfunc.o
LOAD Drivers/STM32F4xx_HAL_Driver/Src/stm32f4xx_hal_gpio.o
LOAD Drivers/STM32F4xx_HAL_Driver/Src/stm32f4xx_hal_iwdg.o
LOAD Drivers/STM32F4xx_HAL_Driver/Src/stm32f4xx_hal_pwr.o
LOAD Drivers/STM32F4xx_HAL_Driver/Src/stm32f4xx_hal_pwr_ex.o
LOAD Drivers/STM32F4xx_HAL_Driver/Src/stm32f4xx_hal_rcc.o
LOAD Drivers/STM32F4xx_HAL_Driver/Src/stm32f4xx_hal_rcc_ex.o
LOAD Drivers/STM32F4xx_HAL_Driver/Src/stm32f4xx_hal_rtc.o
LOAD Drivers/STM32F4xx_HAL_Driver/Src/stm32f4xx_hal_rtc_ex.o
LOAD Drivers/STM32F4xx_HAL_Driver/Src/stm32f4xx_hal_spi.o
LOAD Drivers/STM32F4xx_HAL_Driver/Src/stm32f4xx_hal_tim.o
LOAD Drivers/STM32F4xx_HAL_Driver/Src/stm32f4xx_hal_tim_ex.o
LOAD Drivers/STM32F4xx_HAL_Driver/Src/stm32f4xx_hal_uart.o
LOAD Drivers/STM32F4xx_HAL_Driver/Src/stm32f4xx_hal_usart.o
LOAD HAL/src/hal_adc.o
LOAD HAL/src/hal_flash.o
LOAD HAL/src/hal_gpio.o
LOAD HAL/src/hal_spi.o
LOAD HAL/src/hal_timer.o
LOAD HAL/src/hal_uart.o
LOAD HAL/src/hal_wdg.o
LOAD Middlewares/Third_Party/FreeRTOS/Source/CMSIS_RTOS_V2/cmsis_os2.o
LOAD Middlewares/Third_Party/FreeRTOS/Source/croutine.o
LOAD Middlewares/Third_Party/FreeRTOS/Source/event_groups.o
LOAD Middlewares/Third_Party/FreeRTOS/Source/list.o
LOAD Middlewares/Third_Party/FreeRTOS/Source/queue.o
LOAD Middlewares/Third_Party/FreeRTOS/Source/stream_buffer.o
LOAD Middlewares/Third_Party/FreeRTOS/Source/tasks.o
LOAD Middlewares/Third_Party/FreeRTOS/Source/timers.o
LOAD Middlewares/Third_Party/FreeRTOS/Source/portable/GCC/ARM_CM4F/port.o
LOAD Middlewares/Third_Party/FreeRTOS/Source/portable/MemMang/heap_4.o
LOAD SX127xLib/radio.o
LOAD SX127xLib/sx1276-Fsk.o
LOAD SX127xLib/sx1276-FskMisc.o
LOAD SX127xLib/sx1276-Hal.o
LOAD SX127xLib/sx1276-LoRa.o
LOAD SX127xLib/sx1276-LoRaMisc.o
LOAD SX127xLib/sx1276.o
START GROUP
LOAD c:/st/stm32cubeide_1.4.0/stm32cubeide/plugins/com.st.stm32cube.ide.mcu.externaltools.gnu-tools-for-stm32.7-2018-q2-update.win32_1.4.0.202007081208/tools/bin/../lib/gcc/arm-none-eabi/7.3.1/../../../../arm-none-eabi/lib/thumb/v7e-m/fpv4-sp/hard\libc_nano.a
LOAD c:/st/stm32cubeide_1.4.0/stm32cubeide/plugins/com.st.stm32cube.ide.mcu.externaltools.gnu-tools-for-stm32.7-2018-q2-update.win32_1.4.0.202007081208/tools/bin/../lib/gcc/arm-none-eabi/7.3.1/../../../../arm-none-eabi/lib/thumb/v7e-m/fpv4-sp/hard\libm.a
END GROUP
START GROUP
LOAD c:/st/stm32cubeide_1.4.0/stm32cubeide/plugins/com.st.stm32cube.ide.mcu.externaltools.gnu-tools-for-stm32.7-2018-q2-update.win32_1.4.0.202007081208/tools/bin/../lib/gcc/arm-none-eabi/7.3.1/thumb/v7e-m/fpv4-sp/hard\libgcc.a
LOAD c:/st/stm32cubeide_1.4.0/stm32cubeide/plugins/com.st.stm32cube.ide.mcu.externaltools.gnu-tools-for-stm32.7-2018-q2-update.win32_1.4.0.202007081208/tools/bin/../lib/gcc/arm-none-eabi/7.3.1/../../../../arm-none-eabi/lib/thumb/v7e-m/fpv4-sp/hard\libc_nano.a
END GROUP
START GROUP
LOAD c:/st/stm32cubeide_1.4.0/stm32cubeide/plugins/com.st.stm32cube.ide.mcu.externaltools.gnu-tools-for-stm32.7-2018-q2-update.win32_1.4.0.202007081208/tools/bin/../lib/gcc/arm-none-eabi/7.3.1/thumb/v7e-m/fpv4-sp/hard\libgcc.a
LOAD c:/st/stm32cubeide_1.4.0/stm32cubeide/plugins/com.st.stm32cube.ide.mcu.externaltools.gnu-tools-for-stm32.7-2018-q2-update.win32_1.4.0.202007081208/tools/bin/../lib/gcc/arm-none-eabi/7.3.1/../../../../arm-none-eabi/lib/thumb/v7e-m/fpv4-sp/hard\libc_nano.a
LOAD c:/st/stm32cubeide_1.4.0/stm32cubeide/plugins/com.st.stm32cube.ide.mcu.externaltools.gnu-tools-for-stm32.7-2018-q2-update.win32_1.4.0.202007081208/tools/bin/../lib/gcc/arm-none-eabi/7.3.1/../../../../arm-none-eabi/lib/thumb/v7e-m/fpv4-sp/hard\libnosys.a
END GROUP
START GROUP
LOAD c:/st/stm32cubeide_1.4.0/stm32cubeide/plugins/com.st.stm32cube.ide.mcu.externaltools.gnu-tools-for-stm32.7-2018-q2-update.win32_1.4.0.202007081208/tools/bin/../lib/gcc/arm-none-eabi/7.3.1/thumb/v7e-m/fpv4-sp/hard\libgcc.a
LOAD c:/st/stm32cubeide_1.4.0/stm32cubeide/plugins/com.st.stm32cube.ide.mcu.externaltools.gnu-tools-for-stm32.7-2018-q2-update.win32_1.4.0.202007081208/tools/bin/../lib/gcc/arm-none-eabi/7.3.1/../../../../arm-none-eabi/lib/thumb/v7e-m/fpv4-sp/hard\libc_nano.a
LOAD c:/st/stm32cubeide_1.4.0/stm32cubeide/plugins/com.st.stm32cube.ide.mcu.externaltools.gnu-tools-for-stm32.7-2018-q2-update.win32_1.4.0.202007081208/tools/bin/../lib/gcc/arm-none-eabi/7.3.1/../../../../arm-none-eabi/lib/thumb/v7e-m/fpv4-sp/hard\libnosys.a
END GROUP
LOAD c:/st/stm32cubeide_1.4.0/stm32cubeide/plugins/com.st.stm32cube.ide.mcu.externaltools.gnu-tools-for-stm32.7-2018-q2-update.win32_1.4.0.202007081208/tools/bin/../lib/gcc/arm-none-eabi/7.3.1/thumb/v7e-m/fpv4-sp/hard/crtend.o
LOAD c:/st/stm32cubeide_1.4.0/stm32cubeide/plugins/com.st.stm32cube.ide.mcu.externaltools.gnu-tools-for-stm32.7-2018-q2-update.win32_1.4.0.202007081208/tools/bin/../lib/gcc/arm-none-eabi/7.3.1/thumb/v7e-m/fpv4-sp/hard/crtn.o
                0x0000000020020000                _estack = (ORIGIN (RAM) + LENGTH (RAM))
                0x0000000000001000                _Min_Heap_Size = 0x1000
                0x0000000000001000                _Min_Stack_Size = 0x1000

.isr_vector     0x0000000008020000      0x188
                0x0000000008020000                . = ALIGN (0x4)
 *(.isr_vector)
 .isr_vector    0x0000000008020000      0x188 Core/Startup/startup_stm32f407vetx.o
                0x0000000008020000                g_pfnVectors
                0x0000000008020188                . = ALIGN (0x4)

.text           0x0000000008020190     0xd5f4
                0x0000000008020190                . = ALIGN (0x4)
 *(.text)
 .text          0x0000000008020190       0x40 c:/st/stm32cubeide_1.4.0/stm32cubeide/plugins/com.st.stm32cube.ide.mcu.externaltools.gnu-tools-for-stm32.7-2018-q2-update.win32_1.4.0.202007081208/tools/bin/../lib/gcc/arm-none-eabi/7.3.1/thumb/v7e-m/fpv4-sp/hard/crtbegin.o
 .text          0x00000000080201d0       0x10 c:/st/stm32cubeide_1.4.0/stm32cubeide/plugins/com.st.stm32cube.ide.mcu.externaltools.gnu-tools-for-stm32.7-2018-q2-update.win32_1.4.0.202007081208/tools/bin/../lib/gcc/arm-none-eabi/7.3.1/../../../../arm-none-eabi/lib/thumb/v7e-m/fpv4-sp/hard\libc_nano.a(lib_a-strlen.o)
                0x00000000080201d0                strlen
 .text          0x00000000080201e0       0xa0 c:/st/stm32cubeide_1.4.0/stm32cubeide/plugins/com.st.stm32cube.ide.mcu.externaltools.gnu-tools-for-stm32.7-2018-q2-update.win32_1.4.0.202007081208/tools/bin/../lib/gcc/arm-none-eabi/7.3.1/../../../../arm-none-eabi/lib/thumb/v7e-m/fpv4-sp/hard\libc_nano.a(lib_a-memchr.o)
                0x00000000080201e0                memchr
 .text          0x0000000008020280      0x378 c:/st/stm32cubeide_1.4.0/stm32cubeide/plugins/com.st.stm32cube.ide.mcu.externaltools.gnu-tools-for-stm32.7-2018-q2-update.win32_1.4.0.202007081208/tools/bin/../lib/gcc/arm-none-eabi/7.3.1/thumb/v7e-m/fpv4-sp/hard\libgcc.a(_arm_addsubdf3.o)
                0x0000000008020280                __aeabi_drsub
                0x0000000008020288                __aeabi_dsub
                0x0000000008020288                __subdf3
                0x000000000802028c                __aeabi_dadd
                0x000000000802028c                __adddf3
                0x0000000008020504                __floatunsidf
                0x0000000008020504                __aeabi_ui2d
                0x0000000008020524                __floatsidf
                0x0000000008020524                __aeabi_i2d
                0x0000000008020548                __aeabi_f2d
                0x0000000008020548                __extendsfdf2
                0x000000000802058c                __floatundidf
                0x000000000802058c                __aeabi_ul2d
                0x000000000802059c                __floatdidf
                0x000000000802059c                __aeabi_l2d
 .text          0x00000000080205f8      0x424 c:/st/stm32cubeide_1.4.0/stm32cubeide/plugins/com.st.stm32cube.ide.mcu.externaltools.gnu-tools-for-stm32.7-2018-q2-update.win32_1.4.0.202007081208/tools/bin/../lib/gcc/arm-none-eabi/7.3.1/thumb/v7e-m/fpv4-sp/hard\libgcc.a(_arm_muldivdf3.o)
                0x00000000080205f8                __aeabi_dmul
                0x00000000080205f8                __muldf3
                0x000000000802084c                __divdf3
                0x000000000802084c                __aeabi_ddiv
 .text          0x0000000008020a1c       0x40 c:/st/stm32cubeide_1.4.0/stm32cubeide/plugins/com.st.stm32cube.ide.mcu.externaltools.gnu-tools-for-stm32.7-2018-q2-update.win32_1.4.0.202007081208/tools/bin/../lib/gcc/arm-none-eabi/7.3.1/thumb/v7e-m/fpv4-sp/hard\libgcc.a(_arm_fixunsdfsi.o)
                0x0000000008020a1c                __aeabi_d2uiz
                0x0000000008020a1c                __fixunsdfsi
 .text          0x0000000008020a5c       0x30 c:/st/stm32cubeide_1.4.0/stm32cubeide/plugins/com.st.stm32cube.ide.mcu.externaltools.gnu-tools-for-stm32.7-2018-q2-update.win32_1.4.0.202007081208/tools/bin/../lib/gcc/arm-none-eabi/7.3.1/thumb/v7e-m/fpv4-sp/hard\libgcc.a(_aeabi_uldivmod.o)
                0x0000000008020a5c                __aeabi_uldivmod
 .text          0x0000000008020a8c      0x2cc c:/st/stm32cubeide_1.4.0/stm32cubeide/plugins/com.st.stm32cube.ide.mcu.externaltools.gnu-tools-for-stm32.7-2018-q2-update.win32_1.4.0.202007081208/tools/bin/../lib/gcc/arm-none-eabi/7.3.1/thumb/v7e-m/fpv4-sp/hard\libgcc.a(_udivmoddi4.o)
                0x0000000008020a8c                __udivmoddi4
 .text          0x0000000008020d58        0x4 c:/st/stm32cubeide_1.4.0/stm32cubeide/plugins/com.st.stm32cube.ide.mcu.externaltools.gnu-tools-for-stm32.7-2018-q2-update.win32_1.4.0.202007081208/tools/bin/../lib/gcc/arm-none-eabi/7.3.1/thumb/v7e-m/fpv4-sp/hard\libgcc.a(_dvmd_tls.o)
                0x0000000008020d58                __aeabi_idiv0
                0x0000000008020d58                __aeabi_ldiv0
 *(.text*)
 .text.__NVIC_SystemReset
                0x0000000008020d5c       0x28 APP/src/app_communication.o
 .text.app_pollCommunicationEvents
                0x0000000008020d84      0x220 APP/src/app_communication.o
                0x0000000008020d84                app_pollCommunicationEvents
 .text.__NVIC_SystemReset
                0x0000000008020fa4       0x28 APP/src/app_data.o
 .text.app_changeEndian
                0x0000000008020fcc       0x60 APP/src/app_data.o
 .text.app_sendMsg
                0x000000000802102c       0xb8 APP/src/app_data.o
                0x000000000802102c                app_sendMsg
 .text.app_revDebugMsg
                0x00000000080210e4       0x18 APP/src/app_data.o
                0x00000000080210e4                app_revDebugMsg
 .text.app_revLoRa1Msg
                0x00000000080210fc       0x30 APP/src/app_data.o
                0x00000000080210fc                app_revLoRa1Msg
 .text.app_revRS4851Msg
                0x000000000802112c       0x28 APP/src/app_data.o
                0x000000000802112c                app_revRS4851Msg
 .text.app_revRS4852Msg
                0x0000000008021154       0x28 APP/src/app_data.o
                0x0000000008021154                app_revRS4852Msg
 .text.app_revCat1Msg
                0x000000000802117c       0x20 APP/src/app_data.o
                0x000000000802117c                app_revCat1Msg
 .text.app_connectServer
                0x000000000802119c       0x3c APP/src/app_data.o
                0x000000000802119c                app_connectServer
 .text.app_restartCat1
                0x00000000080211d8       0x18 APP/src/app_data.o
                0x00000000080211d8                app_restartCat1
 .text.app_registCat1
                0x00000000080211f0       0x1c APP/src/app_data.o
                0x00000000080211f0                app_registCat1
 .text.app_revBLEMsg
                0x000000000802120c       0x18 APP/src/app_data.o
                0x000000000802120c                app_revBLEMsg
 .text.app_sendProtocolMsg
                0x0000000008021224      0x46c APP/src/app_data.o
                0x0000000008021224                app_sendProtocolMsg
 .text.app_procProtocolMsg
                0x0000000008021690      0x9a0 APP/src/app_data.o
                0x0000000008021690                app_procProtocolMsg
 .text.app_readSysConfig
                0x0000000008022030       0x20 APP/src/app_device.o
                0x0000000008022030                app_readSysConfig
 .text.app_saveSysConfig
                0x0000000008022050       0x38 APP/src/app_device.o
                0x0000000008022050                app_saveSysConfig
 .text.app_initDevice
                0x0000000008022088      0x1c0 APP/src/app_device.o
                0x0000000008022088                app_initDevice
 .text.getCrc16
                0x0000000008022248       0x42 APP/src/app_protocol.o
 .text.app_packProtocolMsg
                0x000000000802228a      0x158 APP/src/app_protocol.o
                0x000000000802228a                app_packProtocolMsg
 .text.app_unpackProtocolMsg
                0x00000000080223e2      0x340 APP/src/app_protocol.o
                0x00000000080223e2                app_unpackProtocolMsg
 *fill*         0x0000000008022722        0x2 
 .text.__NVIC_SystemReset
                0x0000000008022724       0x28 APP/src/app_task.o
 .text.vApplicationIdleHook
                0x000000000802274c       0x38 APP/src/app_task.o
                0x000000000802274c                vApplicationIdleHook
 .text.app_mainTask
                0x0000000008022784      0x570 APP/src/app_task.o
                0x0000000008022784                app_mainTask
 .text.app_communicationTask
                0x0000000008022cf4       0x1c APP/src/app_task.o
                0x0000000008022cf4                app_communicationTask
 .text.app_driverTask
                0x0000000008022d10       0x64 APP/src/app_task.o
                0x0000000008022d10                app_driverTask
 .text.app_createAllTask
                0x0000000008022d74       0x5c APP/src/app_task.o
                0x0000000008022d74                app_createAllTask
 .text.main     0x0000000008022dd0       0x24 Core/Src/main.o
                0x0000000008022dd0                main
 .text.SystemClock_Config
                0x0000000008022df4      0x104 Core/Src/main.o
                0x0000000008022df4                SystemClock_Config
 .text.Error_Handler
                0x0000000008022ef8        0xe Core/Src/main.o
                0x0000000008022ef8                Error_Handler
 *fill*         0x0000000008022f06        0x2 
 .text.HAL_MspInit
                0x0000000008022f08       0x50 Core/Src/stm32f4xx_hal_msp.o
                0x0000000008022f08                HAL_MspInit
 .text.HAL_TIM_PWM_MspInit
                0x0000000008022f58       0x98 Core/Src/stm32f4xx_hal_msp.o
                0x0000000008022f58                HAL_TIM_PWM_MspInit
 .text.HAL_TIM_PWM_IO_MspInit
                0x0000000008022ff0      0x110 Core/Src/stm32f4xx_hal_msp.o
                0x0000000008022ff0                HAL_TIM_PWM_IO_MspInit
 .text.HAL_SPI_MspInit
                0x0000000008023100      0x178 Core/Src/stm32f4xx_hal_msp.o
                0x0000000008023100                HAL_SPI_MspInit
 .text.HAL_UART_MspInit
                0x0000000008023278      0x28c Core/Src/stm32f4xx_hal_msp.o
                0x0000000008023278                HAL_UART_MspInit
 .text.__NVIC_SystemReset
                0x0000000008023504       0x28 Core/Src/stm32f4xx_it.o
 .text.NMI_Handler
                0x000000000802352c        0xe Core/Src/stm32f4xx_it.o
                0x000000000802352c                NMI_Handler
 .text.HardFault_Handler
                0x000000000802353a        0x8 Core/Src/stm32f4xx_it.o
                0x000000000802353a                HardFault_Handler
 .text.MemManage_Handler
                0x0000000008023542        0x8 Core/Src/stm32f4xx_it.o
                0x0000000008023542                MemManage_Handler
 .text.BusFault_Handler
                0x000000000802354a        0x8 Core/Src/stm32f4xx_it.o
                0x000000000802354a                BusFault_Handler
 .text.UsageFault_Handler
                0x0000000008023552        0x8 Core/Src/stm32f4xx_it.o
                0x0000000008023552                UsageFault_Handler
 .text.DebugMon_Handler
                0x000000000802355a        0xe Core/Src/stm32f4xx_it.o
                0x000000000802355a                DebugMon_Handler
 .text.SysTick_Handler
                0x0000000008023568       0x6c Core/Src/stm32f4xx_it.o
                0x0000000008023568                SysTick_Handler
 .text.USART1_IRQHandler
                0x00000000080235d4       0x48 Core/Src/stm32f4xx_it.o
                0x00000000080235d4                USART1_IRQHandler
 .text.USART2_IRQHandler
                0x000000000802361c       0x80 Core/Src/stm32f4xx_it.o
                0x000000000802361c                USART2_IRQHandler
 .text.USART3_IRQHandler
                0x000000000802369c       0x7c Core/Src/stm32f4xx_it.o
                0x000000000802369c                USART3_IRQHandler
 .text.UART4_IRQHandler
                0x0000000008023718       0x7c Core/Src/stm32f4xx_it.o
                0x0000000008023718                UART4_IRQHandler
 .text.USART6_IRQHandler
                0x0000000008023794       0x70 Core/Src/stm32f4xx_it.o
                0x0000000008023794                USART6_IRQHandler
 .text._sbrk    0x0000000008023804       0x6c Core/Src/sysmem.o
                0x0000000008023804                _sbrk
 .text.SystemInit
                0x0000000008023870       0x2c Core/Src/system_stm32f4xx.o
                0x0000000008023870                SystemInit
 .text.Reset_Handler
                0x000000000802389c       0x50 Core/Startup/startup_stm32f407vetx.o
                0x000000000802389c                Reset_Handler
 .text.Default_Handler
                0x00000000080238ec        0x2 Core/Startup/startup_stm32f407vetx.o
                0x00000000080238ec                RTC_Alarm_IRQHandler
                0x00000000080238ec                HASH_RNG_IRQHandler
                0x00000000080238ec                EXTI2_IRQHandler
                0x00000000080238ec                TIM8_CC_IRQHandler
                0x00000000080238ec                TIM1_CC_IRQHandler
                0x00000000080238ec                DMA2_Stream5_IRQHandler
                0x00000000080238ec                DMA1_Stream5_IRQHandler
                0x00000000080238ec                PVD_IRQHandler
                0x00000000080238ec                SDIO_IRQHandler
                0x00000000080238ec                TAMP_STAMP_IRQHandler
                0x00000000080238ec                CAN2_RX1_IRQHandler
                0x00000000080238ec                EXTI3_IRQHandler
                0x00000000080238ec                TIM8_TRG_COM_TIM14_IRQHandler
                0x00000000080238ec                TIM1_UP_TIM10_IRQHandler
                0x00000000080238ec                TIM8_UP_TIM13_IRQHandler
                0x00000000080238ec                I2C3_ER_IRQHandler
                0x00000000080238ec                EXTI0_IRQHandler
                0x00000000080238ec                I2C2_EV_IRQHandler
                0x00000000080238ec                DMA1_Stream2_IRQHandler
                0x00000000080238ec                CAN1_RX0_IRQHandler
                0x00000000080238ec                FPU_IRQHandler
                0x00000000080238ec                OTG_HS_WKUP_IRQHandler
                0x00000000080238ec                CAN2_SCE_IRQHandler
                0x00000000080238ec                DMA2_Stream2_IRQHandler
                0x00000000080238ec                SPI1_IRQHandler
                0x00000000080238ec                TIM6_DAC_IRQHandler
                0x00000000080238ec                TIM1_BRK_TIM9_IRQHandler
                0x00000000080238ec                DCMI_IRQHandler
                0x00000000080238ec                CAN2_RX0_IRQHandler
                0x00000000080238ec                DMA2_Stream3_IRQHandler
                0x00000000080238ec                CAN1_RX1_IRQHandler
                0x00000000080238ec                UART5_IRQHandler
                0x00000000080238ec                DMA2_Stream0_IRQHandler
                0x00000000080238ec                TIM4_IRQHandler
                0x00000000080238ec                I2C1_EV_IRQHandler
                0x00000000080238ec                DMA1_Stream6_IRQHandler
                0x00000000080238ec                DMA1_Stream1_IRQHandler
                0x00000000080238ec                TIM3_IRQHandler
                0x00000000080238ec                RCC_IRQHandler
                0x00000000080238ec                TIM8_BRK_TIM12_IRQHandler
                0x00000000080238ec                Default_Handler
                0x00000000080238ec                EXTI15_10_IRQHandler
                0x00000000080238ec                ADC_IRQHandler
                0x00000000080238ec                DMA1_Stream7_IRQHandler
                0x00000000080238ec                TIM7_IRQHandler
                0x00000000080238ec                CAN2_TX_IRQHandler
                0x00000000080238ec                TIM5_IRQHandler
                0x00000000080238ec                DMA2_Stream7_IRQHandler
                0x00000000080238ec                I2C3_EV_IRQHandler
                0x00000000080238ec                EXTI9_5_IRQHandler
                0x00000000080238ec                RTC_WKUP_IRQHandler
                0x00000000080238ec                ETH_WKUP_IRQHandler
                0x00000000080238ec                SPI2_IRQHandler
                0x00000000080238ec                OTG_HS_EP1_IN_IRQHandler
                0x00000000080238ec                DMA1_Stream0_IRQHandler
                0x00000000080238ec                CAN1_TX_IRQHandler
                0x00000000080238ec                EXTI4_IRQHandler
                0x00000000080238ec                FSMC_IRQHandler
                0x00000000080238ec                ETH_IRQHandler
                0x00000000080238ec                OTG_HS_EP1_OUT_IRQHandler
                0x00000000080238ec                WWDG_IRQHandler
                0x00000000080238ec                TIM2_IRQHandler
                0x00000000080238ec                OTG_FS_WKUP_IRQHandler
                0x00000000080238ec                TIM1_TRG_COM_TIM11_IRQHandler
                0x00000000080238ec                OTG_HS_IRQHandler
                0x00000000080238ec                EXTI1_IRQHandler
                0x00000000080238ec                I2C2_ER_IRQHandler
                0x00000000080238ec                DMA2_Stream1_IRQHandler
                0x00000000080238ec                CAN1_SCE_IRQHandler
                0x00000000080238ec                FLASH_IRQHandler
                0x00000000080238ec                DMA2_Stream4_IRQHandler
                0x00000000080238ec                OTG_FS_IRQHandler
                0x00000000080238ec                SPI3_IRQHandler
                0x00000000080238ec                DMA1_Stream4_IRQHandler
                0x00000000080238ec                I2C1_ER_IRQHandler
                0x00000000080238ec                DMA2_Stream6_IRQHandler
                0x00000000080238ec                DMA1_Stream3_IRQHandler
 *fill*         0x00000000080238ee        0x2 
 .text.drv_sendRS485_1_Data
                0x00000000080238f0       0x44 DRV/src/drv_485.o
 .text.drv_sendRS485_2_Data
                0x0000000008023934       0x44 DRV/src/drv_485.o
 .text.drv_initRS485
                0x0000000008023978       0xa8 DRV/src/drv_485.o
                0x0000000008023978                drv_initRS485
 .text.drv_pollRS485Events
                0x0000000008023a20       0x44 DRV/src/drv_485.o
                0x0000000008023a20                drv_pollRS485Events
 .text.drv_sendBLEData
                0x0000000008023a64       0x20 DRV/src/drv_ble.o
 .text.drv_initBLE
                0x0000000008023a84       0x48 DRV/src/drv_ble.o
                0x0000000008023a84                drv_initBLE
 .text.drv_pollBLEEvents
                0x0000000008023acc       0x46 DRV/src/drv_ble.o
                0x0000000008023acc                drv_pollBLEEvents
 *fill*         0x0000000008023b12        0x2 
 .text.drv_sendATCmd
                0x0000000008023b14      0x124 DRV/src/drv_cat1.o
 .text.drv_sendData
                0x0000000008023c38       0x20 DRV/src/drv_cat1.o
 .text.drv_initCat1
                0x0000000008023c58       0x78 DRV/src/drv_cat1.o
                0x0000000008023c58                drv_initCat1
 .text.drv_pollSCat1Events
                0x0000000008023cd0      0x62c DRV/src/drv_cat1.o
                0x0000000008023cd0                drv_pollSCat1Events
 .text.drv_sendDebugData
                0x00000000080242fc       0x20 DRV/src/drv_debug.o
 .text.drv_initDebug
                0x000000000802431c       0x44 DRV/src/drv_debug.o
                0x000000000802431c                drv_initDebug
 .text.drv_writeSysLED
                0x0000000008024360       0x28 DRV/src/drv_led.o
 .text.drv_writeNetLED
                0x0000000008024388       0x28 DRV/src/drv_led.o
 .text.drv_writeDataLED
                0x00000000080243b0       0x28 DRV/src/drv_led.o
 .text.drv_readSysLED
                0x00000000080243d8       0x28 DRV/src/drv_led.o
 .text.drv_readNetLED
                0x0000000008024400       0x2c DRV/src/drv_led.o
 .text.drv_readDataLED
                0x000000000802442c       0x2c DRV/src/drv_led.o
 .text.drv_initLED
                0x0000000008024458       0x98 DRV/src/drv_led.o
                0x0000000008024458                drv_initLED
 .text.drv_pollLEDEvent
                0x00000000080244f0       0xaa DRV/src/drv_led.o
                0x00000000080244f0                drv_pollLEDEvent
 .text.drv_writeData
                0x000000000802459a       0xae DRV/src/drv_mx25.o
 .text.drv_readData
                0x0000000008024648       0x94 DRV/src/drv_mx25.o
 .text.drv_initFlash
                0x00000000080246dc       0x30 DRV/src/drv_mx25.o
                0x00000000080246dc                drv_initFlash
 .text.Wait_Flash_WarmUp
                0x000000000802470c       0x28 DRV/src/drv_mx25.o
                0x000000000802470c                Wait_Flash_WarmUp
 .text.Initial_Spi
                0x0000000008024734       0x2c DRV/src/drv_mx25.o
                0x0000000008024734                Initial_Spi
 .text.CS_Low   0x0000000008024760       0x20 DRV/src/drv_mx25.o
                0x0000000008024760                CS_Low
 .text.CS_High  0x0000000008024780       0x20 DRV/src/drv_mx25.o
                0x0000000008024780                CS_High
 .text.SendByte
                0x00000000080247a0       0x24 DRV/src/drv_mx25.o
                0x00000000080247a0                SendByte
 .text.GetByte  0x00000000080247c4       0x22 DRV/src/drv_mx25.o
                0x00000000080247c4                GetByte
 .text.WaitFlashReady
                0x00000000080247e6       0x34 DRV/src/drv_mx25.o
                0x00000000080247e6                WaitFlashReady
 .text.IsFlashBusy
                0x000000000802481a       0x26 DRV/src/drv_mx25.o
                0x000000000802481a                IsFlashBusy
 .text.IsFlash4Byte
                0x0000000008024840       0x10 DRV/src/drv_mx25.o
                0x0000000008024840                IsFlash4Byte
 .text.SendFlashAddr
                0x0000000008024850       0x5c DRV/src/drv_mx25.o
                0x0000000008024850                SendFlashAddr
 .text.CMD_RDID
                0x00000000080248ac       0x5a DRV/src/drv_mx25.o
                0x00000000080248ac                CMD_RDID
 .text.CMD_RDSR
                0x0000000008024906       0x32 DRV/src/drv_mx25.o
                0x0000000008024906                CMD_RDSR
 .text.CMD_READ
                0x0000000008024938       0x76 DRV/src/drv_mx25.o
                0x0000000008024938                CMD_READ
 .text.CMD_WREN
                0x00000000080249ae       0x1a DRV/src/drv_mx25.o
                0x00000000080249ae                CMD_WREN
 .text.CMD_PP   0x00000000080249c8       0x9c DRV/src/drv_mx25.o
                0x00000000080249c8                CMD_PP
 .text.CMD_SE   0x0000000008024a64       0x74 DRV/src/drv_mx25.o
                0x0000000008024a64                CMD_SE
 .text.drv_setPWM2IV
                0x0000000008024ad8       0x2c DRV/src/drv_pwm2iv.o
 .text.drv_initPWM2IV
                0x0000000008024b04       0x40 DRV/src/drv_pwm2iv.o
                0x0000000008024b04                drv_initPWM2IV
 .text.drv_switchReceiveMode
                0x0000000008024b44        0xe DRV/src/drv_sx1278.o
 .text.drv_sendLoRaData
                0x0000000008024b52       0x1e DRV/src/drv_sx1278.o
 .text.drv_setLoRaResetLevel
                0x0000000008024b70       0x34 DRV/src/drv_sx1278.o
 .text.drv_getDIO0Level
                0x0000000008024ba4       0x30 DRV/src/drv_sx1278.o
 .text.drv_setLoRaNSSLevel
                0x0000000008024bd4       0x34 DRV/src/drv_sx1278.o
 .text.drv_initSX1278
                0x0000000008024c08       0xe8 DRV/src/drv_sx1278.o
                0x0000000008024c08                drv_initSX1278
 .text.drv_pollLoRaEvents
                0x0000000008024cf0       0x68 DRV/src/drv_sx1278.o
                0x0000000008024cf0                drv_pollLoRaEvents
 .text.HAL_Init
                0x0000000008024d58       0x44 Drivers/STM32F4xx_HAL_Driver/Src/stm32f4xx_hal.o
                0x0000000008024d58                HAL_Init
 .text.HAL_InitTick
                0x0000000008024d9c       0x60 Drivers/STM32F4xx_HAL_Driver/Src/stm32f4xx_hal.o
                0x0000000008024d9c                HAL_InitTick
 .text.HAL_IncTick
                0x0000000008024dfc       0x28 Drivers/STM32F4xx_HAL_Driver/Src/stm32f4xx_hal.o
                0x0000000008024dfc                HAL_IncTick
 .text.HAL_GetTick
                0x0000000008024e24       0x18 Drivers/STM32F4xx_HAL_Driver/Src/stm32f4xx_hal.o
                0x0000000008024e24                HAL_GetTick
 .text.HAL_Delay
                0x0000000008024e3c       0x44 Drivers/STM32F4xx_HAL_Driver/Src/stm32f4xx_hal.o
                0x0000000008024e3c                HAL_Delay
 .text.HAL_GetUIDw0
                0x0000000008024e80       0x18 Drivers/STM32F4xx_HAL_Driver/Src/stm32f4xx_hal.o
                0x0000000008024e80                HAL_GetUIDw0
 .text.HAL_GetUIDw1
                0x0000000008024e98       0x18 Drivers/STM32F4xx_HAL_Driver/Src/stm32f4xx_hal.o
                0x0000000008024e98                HAL_GetUIDw1
 .text.__NVIC_SetPriorityGrouping
                0x0000000008024eb0       0x48 Drivers/STM32F4xx_HAL_Driver/Src/stm32f4xx_hal_cortex.o
 .text.__NVIC_GetPriorityGrouping
                0x0000000008024ef8       0x1c Drivers/STM32F4xx_HAL_Driver/Src/stm32f4xx_hal_cortex.o
 .text.__NVIC_EnableIRQ
                0x0000000008024f14       0x3c Drivers/STM32F4xx_HAL_Driver/Src/stm32f4xx_hal_cortex.o
 .text.__NVIC_SetPriority
                0x0000000008024f50       0x54 Drivers/STM32F4xx_HAL_Driver/Src/stm32f4xx_hal_cortex.o
 .text.NVIC_EncodePriority
                0x0000000008024fa4       0x66 Drivers/STM32F4xx_HAL_Driver/Src/stm32f4xx_hal_cortex.o
 *fill*         0x000000000802500a        0x2 
 .text.__NVIC_SystemReset
                0x000000000802500c       0x28 Drivers/STM32F4xx_HAL_Driver/Src/stm32f4xx_hal_cortex.o
 .text.SysTick_Config
                0x0000000008025034       0x44 Drivers/STM32F4xx_HAL_Driver/Src/stm32f4xx_hal_cortex.o
 .text.HAL_NVIC_SetPriorityGrouping
                0x0000000008025078       0x16 Drivers/STM32F4xx_HAL_Driver/Src/stm32f4xx_hal_cortex.o
                0x0000000008025078                HAL_NVIC_SetPriorityGrouping
 .text.HAL_NVIC_SetPriority
                0x000000000802508e       0x38 Drivers/STM32F4xx_HAL_Driver/Src/stm32f4xx_hal_cortex.o
                0x000000000802508e                HAL_NVIC_SetPriority
 .text.HAL_NVIC_EnableIRQ
                0x00000000080250c6       0x1c Drivers/STM32F4xx_HAL_Driver/Src/stm32f4xx_hal_cortex.o
                0x00000000080250c6                HAL_NVIC_EnableIRQ
 .text.HAL_NVIC_SystemReset
                0x00000000080250e2        0x8 Drivers/STM32F4xx_HAL_Driver/Src/stm32f4xx_hal_cortex.o
                0x00000000080250e2                HAL_NVIC_SystemReset
 .text.HAL_SYSTICK_Config
                0x00000000080250ea       0x18 Drivers/STM32F4xx_HAL_Driver/Src/stm32f4xx_hal_cortex.o
                0x00000000080250ea                HAL_SYSTICK_Config
 *fill*         0x0000000008025102        0x2 
 .text.HAL_FLASH_Program
                0x0000000008025104       0xa8 Drivers/STM32F4xx_HAL_Driver/Src/stm32f4xx_hal_flash.o
                0x0000000008025104                HAL_FLASH_Program
 .text.HAL_FLASH_Unlock
                0x00000000080251ac       0x44 Drivers/STM32F4xx_HAL_Driver/Src/stm32f4xx_hal_flash.o
                0x00000000080251ac                HAL_FLASH_Unlock
 .text.HAL_FLASH_Lock
                0x00000000080251f0       0x20 Drivers/STM32F4xx_HAL_Driver/Src/stm32f4xx_hal_flash.o
                0x00000000080251f0                HAL_FLASH_Lock
 .text.FLASH_WaitForLastOperation
                0x0000000008025210       0x80 Drivers/STM32F4xx_HAL_Driver/Src/stm32f4xx_hal_flash.o
                0x0000000008025210                FLASH_WaitForLastOperation
 .text.FLASH_Program_DoubleWord
                0x0000000008025290       0x60 Drivers/STM32F4xx_HAL_Driver/Src/stm32f4xx_hal_flash.o
 .text.FLASH_Program_Word
                0x00000000080252f0       0x44 Drivers/STM32F4xx_HAL_Driver/Src/stm32f4xx_hal_flash.o
 .text.FLASH_Program_HalfWord
                0x0000000008025334       0x48 Drivers/STM32F4xx_HAL_Driver/Src/stm32f4xx_hal_flash.o
 .text.FLASH_Program_Byte
                0x000000000802537c       0x44 Drivers/STM32F4xx_HAL_Driver/Src/stm32f4xx_hal_flash.o
 .text.FLASH_SetErrorCode
                0x00000000080253c0       0xac Drivers/STM32F4xx_HAL_Driver/Src/stm32f4xx_hal_flash.o
 .text.HAL_FLASHEx_Erase
                0x000000000802546c       0xe0 Drivers/STM32F4xx_HAL_Driver/Src/stm32f4xx_hal_flash_ex.o
                0x000000000802546c                HAL_FLASHEx_Erase
 .text.FLASH_MassErase
                0x000000000802554c       0x48 Drivers/STM32F4xx_HAL_Driver/Src/stm32f4xx_hal_flash_ex.o
 .text.FLASH_Erase_Sector
                0x0000000008025594       0x90 Drivers/STM32F4xx_HAL_Driver/Src/stm32f4xx_hal_flash_ex.o
                0x0000000008025594                FLASH_Erase_Sector
 .text.FLASH_FlushCaches
                0x0000000008025624       0x8c Drivers/STM32F4xx_HAL_Driver/Src/stm32f4xx_hal_flash_ex.o
                0x0000000008025624                FLASH_FlushCaches
 .text.HAL_GPIO_Init
                0x00000000080256b0      0x334 Drivers/STM32F4xx_HAL_Driver/Src/stm32f4xx_hal_gpio.o
                0x00000000080256b0                HAL_GPIO_Init
 .text.HAL_GPIO_ReadPin
                0x00000000080259e4       0x30 Drivers/STM32F4xx_HAL_Driver/Src/stm32f4xx_hal_gpio.o
                0x00000000080259e4                HAL_GPIO_ReadPin
 .text.HAL_GPIO_WritePin
                0x0000000008025a14       0x32 Drivers/STM32F4xx_HAL_Driver/Src/stm32f4xx_hal_gpio.o
                0x0000000008025a14                HAL_GPIO_WritePin
 .text.HAL_IWDG_Init
                0x0000000008025a46       0x72 Drivers/STM32F4xx_HAL_Driver/Src/stm32f4xx_hal_iwdg.o
                0x0000000008025a46                HAL_IWDG_Init
 .text.HAL_IWDG_Refresh
                0x0000000008025ab8       0x20 Drivers/STM32F4xx_HAL_Driver/Src/stm32f4xx_hal_iwdg.o
                0x0000000008025ab8                HAL_IWDG_Refresh
 .text.HAL_RCC_OscConfig
                0x0000000008025ad8      0x4e0 Drivers/STM32F4xx_HAL_Driver/Src/stm32f4xx_hal_rcc.o
                0x0000000008025ad8                HAL_RCC_OscConfig
 .text.HAL_RCC_ClockConfig
                0x0000000008025fb8      0x1cc Drivers/STM32F4xx_HAL_Driver/Src/stm32f4xx_hal_rcc.o
                0x0000000008025fb8                HAL_RCC_ClockConfig
 .text.HAL_RCC_GetSysClockFreq
                0x0000000008026184      0x1b0 Drivers/STM32F4xx_HAL_Driver/Src/stm32f4xx_hal_rcc.o
                0x0000000008026184                HAL_RCC_GetSysClockFreq
 .text.HAL_RCC_GetHCLKFreq
                0x0000000008026334       0x18 Drivers/STM32F4xx_HAL_Driver/Src/stm32f4xx_hal_rcc.o
                0x0000000008026334                HAL_RCC_GetHCLKFreq
 .text.HAL_RCC_GetPCLK1Freq
                0x000000000802634c       0x28 Drivers/STM32F4xx_HAL_Driver/Src/stm32f4xx_hal_rcc.o
                0x000000000802634c                HAL_RCC_GetPCLK1Freq
 .text.HAL_RCC_GetPCLK2Freq
                0x0000000008026374       0x28 Drivers/STM32F4xx_HAL_Driver/Src/stm32f4xx_hal_rcc.o
                0x0000000008026374                HAL_RCC_GetPCLK2Freq
 .text.HAL_RCCEx_PeriphCLKConfig
                0x000000000802639c      0x1c4 Drivers/STM32F4xx_HAL_Driver/Src/stm32f4xx_hal_rcc_ex.o
                0x000000000802639c                HAL_RCCEx_PeriphCLKConfig
 .text.HAL_SPI_Init
                0x0000000008026560       0xc8 Drivers/STM32F4xx_HAL_Driver/Src/stm32f4xx_hal_spi.o
                0x0000000008026560                HAL_SPI_Init
 .text.HAL_SPI_Transmit
                0x0000000008026628      0x268 Drivers/STM32F4xx_HAL_Driver/Src/stm32f4xx_hal_spi.o
                0x0000000008026628                HAL_SPI_Transmit
 .text.HAL_SPI_Receive
                0x0000000008026890      0x212 Drivers/STM32F4xx_HAL_Driver/Src/stm32f4xx_hal_spi.o
                0x0000000008026890                HAL_SPI_Receive
 .text.HAL_SPI_TransmitReceive
                0x0000000008026aa2      0x344 Drivers/STM32F4xx_HAL_Driver/Src/stm32f4xx_hal_spi.o
                0x0000000008026aa2                HAL_SPI_TransmitReceive
 .text.SPI_WaitFlagStateUntilTimeout
                0x0000000008026de6       0xd4 Drivers/STM32F4xx_HAL_Driver/Src/stm32f4xx_hal_spi.o
 .text.SPI_EndRxTransaction
                0x0000000008026eba       0xca Drivers/STM32F4xx_HAL_Driver/Src/stm32f4xx_hal_spi.o
 .text.SPI_EndRxTxTransaction
                0x0000000008026f84       0x84 Drivers/STM32F4xx_HAL_Driver/Src/stm32f4xx_hal_spi.o
 .text.HAL_TIM_PWM_Init
                0x0000000008027008       0x56 Drivers/STM32F4xx_HAL_Driver/Src/stm32f4xx_hal_tim.o
                0x0000000008027008                HAL_TIM_PWM_Init
 *fill*         0x000000000802705e        0x2 
 .text.HAL_TIM_PWM_Start
                0x0000000008027060       0x7c Drivers/STM32F4xx_HAL_Driver/Src/stm32f4xx_hal_tim.o
                0x0000000008027060                HAL_TIM_PWM_Start
 .text.HAL_TIM_OC_ConfigChannel
                0x00000000080270dc       0xc0 Drivers/STM32F4xx_HAL_Driver/Src/stm32f4xx_hal_tim.o
                0x00000000080270dc                HAL_TIM_OC_ConfigChannel
 .text.TIM_Base_SetConfig
                0x000000000802719c      0x140 Drivers/STM32F4xx_HAL_Driver/Src/stm32f4xx_hal_tim.o
                0x000000000802719c                TIM_Base_SetConfig
 .text.TIM_OC1_SetConfig
                0x00000000080272dc       0xe0 Drivers/STM32F4xx_HAL_Driver/Src/stm32f4xx_hal_tim.o
 .text.TIM_OC2_SetConfig
                0x00000000080273bc       0xec Drivers/STM32F4xx_HAL_Driver/Src/stm32f4xx_hal_tim.o
                0x00000000080273bc                TIM_OC2_SetConfig
 .text.TIM_OC3_SetConfig
                0x00000000080274a8       0xe8 Drivers/STM32F4xx_HAL_Driver/Src/stm32f4xx_hal_tim.o
 .text.TIM_OC4_SetConfig
                0x0000000008027590       0xac Drivers/STM32F4xx_HAL_Driver/Src/stm32f4xx_hal_tim.o
 .text.TIM_CCxChannelCmd
                0x000000000802763c       0x4a Drivers/STM32F4xx_HAL_Driver/Src/stm32f4xx_hal_tim.o
                0x000000000802763c                TIM_CCxChannelCmd
 .text.HAL_UART_Init
                0x0000000008027686       0x9a Drivers/STM32F4xx_HAL_Driver/Src/stm32f4xx_hal_uart.o
                0x0000000008027686                HAL_UART_Init
 .text.HAL_UART_Transmit
                0x0000000008027720      0x132 Drivers/STM32F4xx_HAL_Driver/Src/stm32f4xx_hal_uart.o
                0x0000000008027720                HAL_UART_Transmit
 .text.UART_WaitOnFlagUntilTimeout
                0x0000000008027852       0x94 Drivers/STM32F4xx_HAL_Driver/Src/stm32f4xx_hal_uart.o
 *fill*         0x00000000080278e6        0x2 
 .text.UART_SetConfig
                0x00000000080278e8      0x6f8 Drivers/STM32F4xx_HAL_Driver/Src/stm32f4xx_hal_uart.o
 .text.hal_programFlash
                0x0000000008027fe0       0x88 HAL/src/hal_flash.o
                0x0000000008027fe0                hal_programFlash
 .text.hal_readFlash
                0x0000000008028068       0x48 HAL/src/hal_flash.o
                0x0000000008028068                hal_readFlash
 .text.hal_eraseFlash
                0x00000000080280b0       0x56 HAL/src/hal_flash.o
                0x00000000080280b0                hal_eraseFlash
 *fill*         0x0000000008028106        0x2 
 .text.hal_initGPIO
                0x0000000008028108      0x170 HAL/src/hal_gpio.o
                0x0000000008028108                hal_initGPIO
 .text.hal_setGPIOLevel
                0x0000000008028278       0x26 HAL/src/hal_gpio.o
                0x0000000008028278                hal_setGPIOLevel
 .text.hal_getGPIOLevel
                0x000000000802829e       0x28 HAL/src/hal_gpio.o
                0x000000000802829e                hal_getGPIOLevel
 *fill*         0x00000000080282c6        0x2 
 .text.hal_initSPI
                0x00000000080282c8       0xf0 HAL/src/hal_spi.o
                0x00000000080282c8                hal_initSPI
 .text.hal_sendSPIBytes
                0x00000000080283b8       0x64 HAL/src/hal_spi.o
                0x00000000080283b8                hal_sendSPIBytes
 .text.hal_readSPIBytes
                0x000000000802841c       0x64 HAL/src/hal_spi.o
                0x000000000802841c                hal_readSPIBytes
 .text.hal_initTimer
                0x0000000008028480      0x278 HAL/src/hal_timer.o
                0x0000000008028480                hal_initTimer
 .text.hal_setPulse
                0x00000000080286f8      0x154 HAL/src/hal_timer.o
                0x00000000080286f8                hal_setPulse
 .text.hal_initUART
                0x000000000802884c      0x248 HAL/src/hal_uart.o
                0x000000000802884c                hal_initUART
 .text.hal_sendUARTBytes
                0x0000000008028a94       0xb4 HAL/src/hal_uart.o
                0x0000000008028a94                hal_sendUARTBytes
 .text.hal_initWdg
                0x0000000008028b48       0x34 HAL/src/hal_wdg.o
                0x0000000008028b48                hal_initWdg
 .text.hal_feedWdg
                0x0000000008028b7c       0x14 HAL/src/hal_wdg.o
                0x0000000008028b7c                hal_feedWdg
 .text.SVC_Setup
                0x0000000008028b90        0xe Middlewares/Third_Party/FreeRTOS/Source/CMSIS_RTOS_V2/cmsis_os2.o
 *fill*         0x0000000008028b9e        0x2 
 .text.osKernelInitialize
                0x0000000008028ba0       0x68 Middlewares/Third_Party/FreeRTOS/Source/CMSIS_RTOS_V2/cmsis_os2.o
                0x0000000008028ba0                osKernelInitialize
 .text.osKernelStart
                0x0000000008028c08       0x6c Middlewares/Third_Party/FreeRTOS/Source/CMSIS_RTOS_V2/cmsis_os2.o
                0x0000000008028c08                osKernelStart
 .text.osKernelGetTickCount
                0x0000000008028c74       0x50 Middlewares/Third_Party/FreeRTOS/Source/CMSIS_RTOS_V2/cmsis_os2.o
                0x0000000008028c74                osKernelGetTickCount
 .text.osThreadNew
                0x0000000008028cc4      0x14c Middlewares/Third_Party/FreeRTOS/Source/CMSIS_RTOS_V2/cmsis_os2.o
                0x0000000008028cc4                osThreadNew
 .text.osThreadGetStackSpace
                0x0000000008028e10       0x5c Middlewares/Third_Party/FreeRTOS/Source/CMSIS_RTOS_V2/cmsis_os2.o
                0x0000000008028e10                osThreadGetStackSpace
 .text.osDelay  0x0000000008028e6c       0x5c Middlewares/Third_Party/FreeRTOS/Source/CMSIS_RTOS_V2/cmsis_os2.o
                0x0000000008028e6c                osDelay
 .text.vApplicationGetIdleTaskMemory
                0x0000000008028ec8       0x34 Middlewares/Third_Party/FreeRTOS/Source/CMSIS_RTOS_V2/cmsis_os2.o
                0x0000000008028ec8                vApplicationGetIdleTaskMemory
 .text.vApplicationGetTimerTaskMemory
                0x0000000008028efc       0x34 Middlewares/Third_Party/FreeRTOS/Source/CMSIS_RTOS_V2/cmsis_os2.o
                0x0000000008028efc                vApplicationGetTimerTaskMemory
 .text.vListInitialise
                0x0000000008028f30       0x40 Middlewares/Third_Party/FreeRTOS/Source/list.o
                0x0000000008028f30                vListInitialise
 .text.vListInitialiseItem
                0x0000000008028f70       0x1a Middlewares/Third_Party/FreeRTOS/Source/list.o
                0x0000000008028f70                vListInitialiseItem
 .text.vListInsertEnd
                0x0000000008028f8a       0x48 Middlewares/Third_Party/FreeRTOS/Source/list.o
                0x0000000008028f8a                vListInsertEnd
 .text.vListInsert
                0x0000000008028fd2       0x72 Middlewares/Third_Party/FreeRTOS/Source/list.o
                0x0000000008028fd2                vListInsert
 .text.uxListRemove
                0x0000000008029044       0x54 Middlewares/Third_Party/FreeRTOS/Source/list.o
                0x0000000008029044                uxListRemove
 .text.xQueueGenericReset
                0x0000000008029098       0xd0 Middlewares/Third_Party/FreeRTOS/Source/queue.o
                0x0000000008029098                xQueueGenericReset
 .text.xQueueGenericCreateStatic
                0x0000000008029168       0xe6 Middlewares/Third_Party/FreeRTOS/Source/queue.o
                0x0000000008029168                xQueueGenericCreateStatic
 .text.prvInitialiseNewQueue
                0x000000000802924e       0x46 Middlewares/Third_Party/FreeRTOS/Source/queue.o
 .text.xQueueGenericSend
                0x0000000008029294      0x1f4 Middlewares/Third_Party/FreeRTOS/Source/queue.o
                0x0000000008029294                xQueueGenericSend
 .text.xQueueGenericSendFromISR
                0x0000000008029488      0x128 Middlewares/Third_Party/FreeRTOS/Source/queue.o
                0x0000000008029488                xQueueGenericSendFromISR
 .text.xQueueReceive
                0x00000000080295b0      0x1b8 Middlewares/Third_Party/FreeRTOS/Source/queue.o
                0x00000000080295b0                xQueueReceive
 .text.prvCopyDataToQueue
                0x0000000008029768       0xd4 Middlewares/Third_Party/FreeRTOS/Source/queue.o
 .text.prvCopyDataFromQueue
                0x000000000802983c       0x4c Middlewares/Third_Party/FreeRTOS/Source/queue.o
 .text.prvUnlockQueue
                0x0000000008029888       0xa4 Middlewares/Third_Party/FreeRTOS/Source/queue.o
 .text.prvIsQueueEmpty
                0x000000000802992c       0x2c Middlewares/Third_Party/FreeRTOS/Source/queue.o
 .text.prvIsQueueFull
                0x0000000008029958       0x30 Middlewares/Third_Party/FreeRTOS/Source/queue.o
 .text.vQueueAddToRegistry
                0x0000000008029988       0x50 Middlewares/Third_Party/FreeRTOS/Source/queue.o
                0x0000000008029988                vQueueAddToRegistry
 .text.vQueueWaitForMessageRestricted
                0x00000000080299d8       0x68 Middlewares/Third_Party/FreeRTOS/Source/queue.o
                0x00000000080299d8                vQueueWaitForMessageRestricted
 .text.xTaskCreateStatic
                0x0000000008029a40       0xb4 Middlewares/Third_Party/FreeRTOS/Source/tasks.o
                0x0000000008029a40                xTaskCreateStatic
 .text.xTaskCreate
                0x0000000008029af4       0x8a Middlewares/Third_Party/FreeRTOS/Source/tasks.o
                0x0000000008029af4                xTaskCreate
 .text.prvInitialiseNewTask
                0x0000000008029b7e      0x11c Middlewares/Third_Party/FreeRTOS/Source/tasks.o
 *fill*         0x0000000008029c9a        0x2 
 .text.prvAddNewTaskToReadyList
                0x0000000008029c9c       0xe0 Middlewares/Third_Party/FreeRTOS/Source/tasks.o
 .text.vTaskDelay
                0x0000000008029d7c       0x68 Middlewares/Third_Party/FreeRTOS/Source/tasks.o
                0x0000000008029d7c                vTaskDelay
 .text.vTaskStartScheduler
                0x0000000008029de4       0xc8 Middlewares/Third_Party/FreeRTOS/Source/tasks.o
                0x0000000008029de4                vTaskStartScheduler
 .text.vTaskSuspendAll
                0x0000000008029eac       0x1c Middlewares/Third_Party/FreeRTOS/Source/tasks.o
                0x0000000008029eac                vTaskSuspendAll
 .text.xTaskResumeAll
                0x0000000008029ec8      0x138 Middlewares/Third_Party/FreeRTOS/Source/tasks.o
                0x0000000008029ec8                xTaskResumeAll
 .text.xTaskGetTickCount
                0x000000000802a000       0x20 Middlewares/Third_Party/FreeRTOS/Source/tasks.o
                0x000000000802a000                xTaskGetTickCount
 .text.xTaskGetTickCountFromISR
                0x000000000802a020       0x24 Middlewares/Third_Party/FreeRTOS/Source/tasks.o
                0x000000000802a020                xTaskGetTickCountFromISR
 .text.xTaskIncrementTick
                0x000000000802a044      0x170 Middlewares/Third_Party/FreeRTOS/Source/tasks.o
                0x000000000802a044                xTaskIncrementTick
 .text.vTaskSwitchContext
                0x000000000802a1b4       0xb8 Middlewares/Third_Party/FreeRTOS/Source/tasks.o
                0x000000000802a1b4                vTaskSwitchContext
 .text.vTaskPlaceOnEventList
                0x000000000802a26c       0x48 Middlewares/Third_Party/FreeRTOS/Source/tasks.o
                0x000000000802a26c                vTaskPlaceOnEventList
 .text.vTaskPlaceOnEventListRestricted
                0x000000000802a2b4       0x54 Middlewares/Third_Party/FreeRTOS/Source/tasks.o
                0x000000000802a2b4                vTaskPlaceOnEventListRestricted
 .text.xTaskRemoveFromEventList
                0x000000000802a308       0xc4 Middlewares/Third_Party/FreeRTOS/Source/tasks.o
                0x000000000802a308                xTaskRemoveFromEventList
 .text.vTaskInternalSetTimeOutState
                0x000000000802a3cc       0x2c Middlewares/Third_Party/FreeRTOS/Source/tasks.o
                0x000000000802a3cc                vTaskInternalSetTimeOutState
 .text.xTaskCheckForTimeOut
                0x000000000802a3f8       0xc0 Middlewares/Third_Party/FreeRTOS/Source/tasks.o
                0x000000000802a3f8                xTaskCheckForTimeOut
 .text.vTaskMissedYield
                0x000000000802a4b8       0x18 Middlewares/Third_Party/FreeRTOS/Source/tasks.o
                0x000000000802a4b8                vTaskMissedYield
 .text.prvIdleTask
                0x000000000802a4d0       0x34 Middlewares/Third_Party/FreeRTOS/Source/tasks.o
 .text.prvInitialiseTaskLists
                0x000000000802a504       0x80 Middlewares/Third_Party/FreeRTOS/Source/tasks.o
 .text.prvCheckTasksWaitingTermination
                0x000000000802a584       0x58 Middlewares/Third_Party/FreeRTOS/Source/tasks.o
 .text.prvTaskCheckFreeStackSpace
                0x000000000802a5dc       0x38 Middlewares/Third_Party/FreeRTOS/Source/tasks.o
 .text.uxTaskGetStackHighWaterMark
                0x000000000802a614       0x38 Middlewares/Third_Party/FreeRTOS/Source/tasks.o
                0x000000000802a614                uxTaskGetStackHighWaterMark
 .text.prvDeleteTCB
                0x000000000802a64c       0x5c Middlewares/Third_Party/FreeRTOS/Source/tasks.o
 .text.prvResetNextTaskUnblockTime
                0x000000000802a6a8       0x40 Middlewares/Third_Party/FreeRTOS/Source/tasks.o
 .text.xTaskGetSchedulerState
                0x000000000802a6e8       0x3c Middlewares/Third_Party/FreeRTOS/Source/tasks.o
                0x000000000802a6e8                xTaskGetSchedulerState
 .text.xTaskPriorityDisinherit
                0x000000000802a724       0xd8 Middlewares/Third_Party/FreeRTOS/Source/tasks.o
                0x000000000802a724                xTaskPriorityDisinherit
 .text.prvAddCurrentTaskToDelayedList
                0x000000000802a7fc       0xa8 Middlewares/Third_Party/FreeRTOS/Source/tasks.o
 .text.xTimerCreateTimerTask
                0x000000000802a8a4       0x90 Middlewares/Third_Party/FreeRTOS/Source/timers.o
                0x000000000802a8a4                xTimerCreateTimerTask
 .text.xTimerGenericCommand
                0x000000000802a934       0x98 Middlewares/Third_Party/FreeRTOS/Source/timers.o
                0x000000000802a934                xTimerGenericCommand
 .text.prvProcessExpiredTimer
                0x000000000802a9cc       0x98 Middlewares/Third_Party/FreeRTOS/Source/timers.o
 .text.prvTimerTask
                0x000000000802aa64       0x24 Middlewares/Third_Party/FreeRTOS/Source/timers.o
 .text.prvProcessTimerOrBlockTask
                0x000000000802aa88       0x9c Middlewares/Third_Party/FreeRTOS/Source/timers.o
 .text.prvGetNextExpireTime
                0x000000000802ab24       0x48 Middlewares/Third_Party/FreeRTOS/Source/timers.o
 .text.prvSampleTimeNow
                0x000000000802ab6c       0x40 Middlewares/Third_Party/FreeRTOS/Source/timers.o
 .text.prvInsertTimerInActiveList
                0x000000000802abac       0x84 Middlewares/Third_Party/FreeRTOS/Source/timers.o
 .text.prvProcessReceivedCommands
                0x000000000802ac30      0x1b8 Middlewares/Third_Party/FreeRTOS/Source/timers.o
 .text.prvSwitchTimerLists
                0x000000000802ade8       0xc8 Middlewares/Third_Party/FreeRTOS/Source/timers.o
 .text.prvCheckForValidListAndQueue
                0x000000000802aeb0       0x80 Middlewares/Third_Party/FreeRTOS/Source/timers.o
 .text.pxPortInitialiseStack
                0x000000000802af30       0x68 Middlewares/Third_Party/FreeRTOS/Source/portable/GCC/ARM_CM4F/port.o
                0x000000000802af30                pxPortInitialiseStack
 .text.prvTaskExitError
                0x000000000802af98       0x54 Middlewares/Third_Party/FreeRTOS/Source/portable/GCC/ARM_CM4F/port.o
 *fill*         0x000000000802afec        0x4 
 .text.SVC_Handler
                0x000000000802aff0       0x28 Middlewares/Third_Party/FreeRTOS/Source/portable/GCC/ARM_CM4F/port.o
                0x000000000802aff0                SVC_Handler
 .text.prvPortStartFirstTask
                0x000000000802b018       0x28 Middlewares/Third_Party/FreeRTOS/Source/portable/GCC/ARM_CM4F/port.o
 .text.xPortStartScheduler
                0x000000000802b040      0x13c Middlewares/Third_Party/FreeRTOS/Source/portable/GCC/ARM_CM4F/port.o
                0x000000000802b040                xPortStartScheduler
 .text.vPortEnterCritical
                0x000000000802b17c       0x5c Middlewares/Third_Party/FreeRTOS/Source/portable/GCC/ARM_CM4F/port.o
                0x000000000802b17c                vPortEnterCritical
 .text.vPortExitCritical
                0x000000000802b1d8       0x50 Middlewares/Third_Party/FreeRTOS/Source/portable/GCC/ARM_CM4F/port.o
                0x000000000802b1d8                vPortExitCritical
 *fill*         0x000000000802b228        0x8 
 .text.PendSV_Handler
                0x000000000802b230       0x68 Middlewares/Third_Party/FreeRTOS/Source/portable/GCC/ARM_CM4F/port.o
                0x000000000802b230                PendSV_Handler
 .text.xPortSysTickHandler
                0x000000000802b298       0x40 Middlewares/Third_Party/FreeRTOS/Source/portable/GCC/ARM_CM4F/port.o
                0x000000000802b298                xPortSysTickHandler
 .text.vPortSetupTimerInterrupt
                0x000000000802b2d8       0x48 Middlewares/Third_Party/FreeRTOS/Source/portable/GCC/ARM_CM4F/port.o
                0x000000000802b2d8                vPortSetupTimerInterrupt
 .text.vPortEnableVFP
                0x000000000802b320       0x14 Middlewares/Third_Party/FreeRTOS/Source/portable/GCC/ARM_CM4F/port.o
 .text.vPortValidateInterruptPriority
                0x000000000802b334       0x7c Middlewares/Third_Party/FreeRTOS/Source/portable/GCC/ARM_CM4F/port.o
                0x000000000802b334                vPortValidateInterruptPriority
 .text.pvPortMalloc
                0x000000000802b3b0      0x184 Middlewares/Third_Party/FreeRTOS/Source/portable/MemMang/heap_4.o
                0x000000000802b3b0                pvPortMalloc
 .text.vPortFree
                0x000000000802b534       0xb0 Middlewares/Third_Party/FreeRTOS/Source/portable/MemMang/heap_4.o
                0x000000000802b534                vPortFree
 .text.prvHeapInit
                0x000000000802b5e4       0xc4 Middlewares/Third_Party/FreeRTOS/Source/portable/MemMang/heap_4.o
 .text.prvInsertBlockIntoFreeList
                0x000000000802b6a8       0xb4 Middlewares/Third_Party/FreeRTOS/Source/portable/MemMang/heap_4.o
 .text.SX1276SetReset
                0x000000000802b75c       0x28 SX127xLib/sx1276-Hal.o
                0x000000000802b75c                SX1276SetReset
 .text.SX1276Write
                0x000000000802b784       0x24 SX127xLib/sx1276-Hal.o
                0x000000000802b784                SX1276Write
 .text.SX1276Read
                0x000000000802b7a8       0x20 SX127xLib/sx1276-Hal.o
                0x000000000802b7a8                SX1276Read
 .text.SX1276WriteBuffer
                0x000000000802b7c8       0x70 SX127xLib/sx1276-Hal.o
                0x000000000802b7c8                SX1276WriteBuffer
 .text.SX1276ReadBuffer
                0x000000000802b838       0x70 SX127xLib/sx1276-Hal.o
                0x000000000802b838                SX1276ReadBuffer
 .text.SX1276WriteFifo
                0x000000000802b8a8       0x20 SX127xLib/sx1276-Hal.o
                0x000000000802b8a8                SX1276WriteFifo
 .text.SX1276ReadFifo
                0x000000000802b8c8       0x20 SX127xLib/sx1276-Hal.o
                0x000000000802b8c8                SX1276ReadFifo
 .text.SX1276ReadDio0
                0x000000000802b8e8       0x28 SX127xLib/sx1276-Hal.o
                0x000000000802b8e8                SX1276ReadDio0
 .text.SX1276ReadDio2
                0x000000000802b910       0x10 SX127xLib/sx1276-Hal.o
                0x000000000802b910                SX1276ReadDio2
 .text.SX1276ReadDio3
                0x000000000802b920       0x10 SX127xLib/sx1276-Hal.o
                0x000000000802b920                SX1276ReadDio3
 .text.SX1276ReadDio4
                0x000000000802b930       0x10 SX127xLib/sx1276-Hal.o
                0x000000000802b930                SX1276ReadDio4
 .text.SX1276WriteRxTx
                0x000000000802b940       0x16 SX127xLib/sx1276-Hal.o
                0x000000000802b940                SX1276WriteRxTx
 *fill*         0x000000000802b956        0x2 
 .text.SX1276LoRaInit
                0x000000000802b958      0x110 SX127xLib/sx1276-LoRa.o
                0x000000000802b958                SX1276LoRaInit
 .text.SX1276LoRaSetDefaults
                0x000000000802ba68       0x20 SX127xLib/sx1276-LoRa.o
                0x000000000802ba68                SX1276LoRaSetDefaults
 .text.SX1276LoRaSetOpMode
                0x000000000802ba88       0xa8 SX127xLib/sx1276-LoRa.o
                0x000000000802ba88                SX1276LoRaSetOpMode
 .text.SX1276LoRaReadRxGain
                0x000000000802bb30       0x2c SX127xLib/sx1276-LoRa.o
                0x000000000802bb30                SX1276LoRaReadRxGain
 .text.SX1276LoRaGetRxPacket
                0x000000000802bb5c       0x54 SX127xLib/sx1276-LoRa.o
                0x000000000802bb5c                SX1276LoRaGetRxPacket
 .text.SX1276LoRaSetTxPacket
                0x000000000802bbb0       0x3c SX127xLib/sx1276-LoRa.o
                0x000000000802bbb0                SX1276LoRaSetTxPacket
 .text.SX1276LoRaSetRFState
                0x000000000802bbec       0x24 SX127xLib/sx1276-LoRa.o
                0x000000000802bbec                SX1276LoRaSetRFState
 .text.SX1276LoRaProcess
                0x000000000802bc10      0x8fc SX127xLib/sx1276-LoRa.o
                0x000000000802bc10                SX1276LoRaProcess
 *fill*         0x000000000802c50c        0x4 
 .text.SX1276LoRaSetRFFrequency
                0x000000000802c510       0x8c SX127xLib/sx1276-LoRaMisc.o
                0x000000000802c510                SX1276LoRaSetRFFrequency
 .text.SX1276LoRaSetRFPower
                0x000000000802c59c      0x1a4 SX127xLib/sx1276-LoRaMisc.o
                0x000000000802c59c                SX1276LoRaSetRFPower
 .text.SX1276LoRaSetSignalBandwidth
                0x000000000802c740       0x6c SX127xLib/sx1276-LoRaMisc.o
                0x000000000802c740                SX1276LoRaSetSignalBandwidth
 .text.SX1276LoRaSetSpreadingFactor
                0x000000000802c7ac       0x94 SX127xLib/sx1276-LoRaMisc.o
                0x000000000802c7ac                SX1276LoRaSetSpreadingFactor
 .text.SX1276LoRaSetErrorCoding
                0x000000000802c840       0x6c SX127xLib/sx1276-LoRaMisc.o
                0x000000000802c840                SX1276LoRaSetErrorCoding
 .text.SX1276LoRaSetPacketCrcOn
                0x000000000802c8ac       0x6c SX127xLib/sx1276-LoRaMisc.o
                0x000000000802c8ac                SX1276LoRaSetPacketCrcOn
 .text.SX1276LoRaSetPreambleLength
                0x000000000802c918       0x64 SX127xLib/sx1276-LoRaMisc.o
                0x000000000802c918                SX1276LoRaSetPreambleLength
 .text.SX1276LoRaSetImplicitHeaderOn
                0x000000000802c97c       0x6c SX127xLib/sx1276-LoRaMisc.o
                0x000000000802c97c                SX1276LoRaSetImplicitHeaderOn
 .text.SX1276LoRaSetPayloadLength
                0x000000000802c9e8       0x44 SX127xLib/sx1276-LoRaMisc.o
                0x000000000802c9e8                SX1276LoRaSetPayloadLength
 .text.SX1276LoRaSetPa20dBm
                0x000000000802ca2c       0x84 SX127xLib/sx1276-LoRaMisc.o
                0x000000000802ca2c                SX1276LoRaSetPa20dBm
 .text.SX1276LoRaSetPAOutput
                0x000000000802cab0       0x60 SX127xLib/sx1276-LoRaMisc.o
                0x000000000802cab0                SX1276LoRaSetPAOutput
 .text.SX1276LoRaSetSymbTimeout
                0x000000000802cb10       0x7c SX127xLib/sx1276-LoRaMisc.o
                0x000000000802cb10                SX1276LoRaSetSymbTimeout
 .text.SX1276LoRaSetLowDatarateOptimize
                0x000000000802cb8c       0x68 SX127xLib/sx1276-LoRaMisc.o
                0x000000000802cb8c                SX1276LoRaSetLowDatarateOptimize
 .text.SX1276LoRaSetNbTrigPeaks
                0x000000000802cbf4       0x68 SX127xLib/sx1276-LoRaMisc.o
                0x000000000802cbf4                SX1276LoRaSetNbTrigPeaks
 .text.SX1276Init
                0x000000000802cc5c       0x4c SX127xLib/sx1276.o
                0x000000000802cc5c                SX1276Init
 .text.SX1276Reset
                0x000000000802cca8       0x1a SX127xLib/sx1276.o
                0x000000000802cca8                SX1276Reset
 *fill*         0x000000000802ccc2        0x2 
 .text.SX1276SetLoRaOn
                0x000000000802ccc4      0x110 SX127xLib/sx1276.o
                0x000000000802ccc4                SX1276SetLoRaOn
 .text.SX1276GetRxPacket
                0x000000000802cdd4       0x30 SX127xLib/sx1276.o
                0x000000000802cdd4                SX1276GetRxPacket
 .text.__errno  0x000000000802ce04        0xc c:/st/stm32cubeide_1.4.0/stm32cubeide/plugins/com.st.stm32cube.ide.mcu.externaltools.gnu-tools-for-stm32.7-2018-q2-update.win32_1.4.0.202007081208/tools/bin/../lib/gcc/arm-none-eabi/7.3.1/../../../../arm-none-eabi/lib/thumb/v7e-m/fpv4-sp/hard\libc_nano.a(lib_a-errno.o)
                0x000000000802ce04                __errno
 .text.__libc_init_array
                0x000000000802ce10       0x48 c:/st/stm32cubeide_1.4.0/stm32cubeide/plugins/com.st.stm32cube.ide.mcu.externaltools.gnu-tools-for-stm32.7-2018-q2-update.win32_1.4.0.202007081208/tools/bin/../lib/gcc/arm-none-eabi/7.3.1/../../../../arm-none-eabi/lib/thumb/v7e-m/fpv4-sp/hard\libc_nano.a(lib_a-init.o)
                0x000000000802ce10                __libc_init_array
 .text.memcpy   0x000000000802ce58       0x16 c:/st/stm32cubeide_1.4.0/stm32cubeide/plugins/com.st.stm32cube.ide.mcu.externaltools.gnu-tools-for-stm32.7-2018-q2-update.win32_1.4.0.202007081208/tools/bin/../lib/gcc/arm-none-eabi/7.3.1/../../../../arm-none-eabi/lib/thumb/v7e-m/fpv4-sp/hard\libc_nano.a(lib_a-memcpy-stub.o)
                0x000000000802ce58                memcpy
 .text.memset   0x000000000802ce6e       0x10 c:/st/stm32cubeide_1.4.0/stm32cubeide/plugins/com.st.stm32cube.ide.mcu.externaltools.gnu-tools-for-stm32.7-2018-q2-update.win32_1.4.0.202007081208/tools/bin/../lib/gcc/arm-none-eabi/7.3.1/../../../../arm-none-eabi/lib/thumb/v7e-m/fpv4-sp/hard\libc_nano.a(lib_a-memset.o)
                0x000000000802ce6e                memset
 *fill*         0x000000000802ce7e        0x2 
 .text.srand    0x000000000802ce80       0x48 c:/st/stm32cubeide_1.4.0/stm32cubeide/plugins/com.st.stm32cube.ide.mcu.externaltools.gnu-tools-for-stm32.7-2018-q2-update.win32_1.4.0.202007081208/tools/bin/../lib/gcc/arm-none-eabi/7.3.1/../../../../arm-none-eabi/lib/thumb/v7e-m/fpv4-sp/hard\libc_nano.a(lib_a-rand.o)
                0x000000000802ce80                srand
 .text.rand     0x000000000802cec8       0x68 c:/st/stm32cubeide_1.4.0/stm32cubeide/plugins/com.st.stm32cube.ide.mcu.externaltools.gnu-tools-for-stm32.7-2018-q2-update.win32_1.4.0.202007081208/tools/bin/../lib/gcc/arm-none-eabi/7.3.1/../../../../arm-none-eabi/lib/thumb/v7e-m/fpv4-sp/hard\libc_nano.a(lib_a-rand.o)
                0x000000000802cec8                rand
 .text.sprintf  0x000000000802cf30       0x40 c:/st/stm32cubeide_1.4.0/stm32cubeide/plugins/com.st.stm32cube.ide.mcu.externaltools.gnu-tools-for-stm32.7-2018-q2-update.win32_1.4.0.202007081208/tools/bin/../lib/gcc/arm-none-eabi/7.3.1/../../../../arm-none-eabi/lib/thumb/v7e-m/fpv4-sp/hard\libc_nano.a(lib_a-sprintf.o)
                0x000000000802cf30                siprintf
                0x000000000802cf30                sprintf
 .text.strstr   0x000000000802cf70       0x34 c:/st/stm32cubeide_1.4.0/stm32cubeide/plugins/com.st.stm32cube.ide.mcu.externaltools.gnu-tools-for-stm32.7-2018-q2-update.win32_1.4.0.202007081208/tools/bin/../lib/gcc/arm-none-eabi/7.3.1/../../../../arm-none-eabi/lib/thumb/v7e-m/fpv4-sp/hard\libc_nano.a(lib_a-strstr.o)
                0x000000000802cf70                strstr
 .text.malloc   0x000000000802cfa4       0x10 c:/st/stm32cubeide_1.4.0/stm32cubeide/plugins/com.st.stm32cube.ide.mcu.externaltools.gnu-tools-for-stm32.7-2018-q2-update.win32_1.4.0.202007081208/tools/bin/../lib/gcc/arm-none-eabi/7.3.1/../../../../arm-none-eabi/lib/thumb/v7e-m/fpv4-sp/hard\libc_nano.a(lib_a-malloc.o)
                0x000000000802cfa4                malloc
 .text._free_r  0x000000000802cfb4       0x9c c:/st/stm32cubeide_1.4.0/stm32cubeide/plugins/com.st.stm32cube.ide.mcu.externaltools.gnu-tools-for-stm32.7-2018-q2-update.win32_1.4.0.202007081208/tools/bin/../lib/gcc/arm-none-eabi/7.3.1/../../../../arm-none-eabi/lib/thumb/v7e-m/fpv4-sp/hard\libc_nano.a(lib_a-nano-freer.o)
                0x000000000802cfb4                _free_r
 .text._malloc_r
                0x000000000802d050       0xb4 c:/st/stm32cubeide_1.4.0/stm32cubeide/plugins/com.st.stm32cube.ide.mcu.externaltools.gnu-tools-for-stm32.7-2018-q2-update.win32_1.4.0.202007081208/tools/bin/../lib/gcc/arm-none-eabi/7.3.1/../../../../arm-none-eabi/lib/thumb/v7e-m/fpv4-sp/hard\libc_nano.a(lib_a-nano-mallocr.o)
                0x000000000802d050                _malloc_r
 .text.__ssputs_r
                0x000000000802d104       0xb4 c:/st/stm32cubeide_1.4.0/stm32cubeide/plugins/com.st.stm32cube.ide.mcu.externaltools.gnu-tools-for-stm32.7-2018-q2-update.win32_1.4.0.202007081208/tools/bin/../lib/gcc/arm-none-eabi/7.3.1/../../../../arm-none-eabi/lib/thumb/v7e-m/fpv4-sp/hard\libc_nano.a(lib_a-nano-svfprintf.o)
                0x000000000802d104                __ssputs_r
 .text._svfprintf_r
                0x000000000802d1b8      0x1f0 c:/st/stm32cubeide_1.4.0/stm32cubeide/plugins/com.st.stm32cube.ide.mcu.externaltools.gnu-tools-for-stm32.7-2018-q2-update.win32_1.4.0.202007081208/tools/bin/../lib/gcc/arm-none-eabi/7.3.1/../../../../arm-none-eabi/lib/thumb/v7e-m/fpv4-sp/hard\libc_nano.a(lib_a-nano-svfprintf.o)
                0x000000000802d1b8                _svfiprintf_r
                0x000000000802d1b8                _svfprintf_r
 .text._printf_common
                0x000000000802d3a8       0xea c:/st/stm32cubeide_1.4.0/stm32cubeide/plugins/com.st.stm32cube.ide.mcu.externaltools.gnu-tools-for-stm32.7-2018-q2-update.win32_1.4.0.202007081208/tools/bin/../lib/gcc/arm-none-eabi/7.3.1/../../../../arm-none-eabi/lib/thumb/v7e-m/fpv4-sp/hard\libc_nano.a(lib_a-nano-vfprintf_i.o)
                0x000000000802d3a8                _printf_common
 *fill*         0x000000000802d492        0x2 
 .text._printf_i
                0x000000000802d494      0x224 c:/st/stm32cubeide_1.4.0/stm32cubeide/plugins/com.st.stm32cube.ide.mcu.externaltools.gnu-tools-for-stm32.7-2018-q2-update.win32_1.4.0.202007081208/tools/bin/../lib/gcc/arm-none-eabi/7.3.1/../../../../arm-none-eabi/lib/thumb/v7e-m/fpv4-sp/hard\libc_nano.a(lib_a-nano-vfprintf_i.o)
                0x000000000802d494                _printf_i
 .text._sbrk_r  0x000000000802d6b8       0x20 c:/st/stm32cubeide_1.4.0/stm32cubeide/plugins/com.st.stm32cube.ide.mcu.externaltools.gnu-tools-for-stm32.7-2018-q2-update.win32_1.4.0.202007081208/tools/bin/../lib/gcc/arm-none-eabi/7.3.1/../../../../arm-none-eabi/lib/thumb/v7e-m/fpv4-sp/hard\libc_nano.a(lib_a-sbrkr.o)
                0x000000000802d6b8                _sbrk_r
 .text.memmove  0x000000000802d6d8       0x32 c:/st/stm32cubeide_1.4.0/stm32cubeide/plugins/com.st.stm32cube.ide.mcu.externaltools.gnu-tools-for-stm32.7-2018-q2-update.win32_1.4.0.202007081208/tools/bin/../lib/gcc/arm-none-eabi/7.3.1/../../../../arm-none-eabi/lib/thumb/v7e-m/fpv4-sp/hard\libc_nano.a(lib_a-memmove.o)
                0x000000000802d6d8                memmove
 .text.__malloc_lock
                0x000000000802d70a        0x2 c:/st/stm32cubeide_1.4.0/stm32cubeide/plugins/com.st.stm32cube.ide.mcu.externaltools.gnu-tools-for-stm32.7-2018-q2-update.win32_1.4.0.202007081208/tools/bin/../lib/gcc/arm-none-eabi/7.3.1/../../../../arm-none-eabi/lib/thumb/v7e-m/fpv4-sp/hard\libc_nano.a(lib_a-mlock.o)
                0x000000000802d70a                __malloc_lock
 .text.__malloc_unlock
                0x000000000802d70c        0x2 c:/st/stm32cubeide_1.4.0/stm32cubeide/plugins/com.st.stm32cube.ide.mcu.externaltools.gnu-tools-for-stm32.7-2018-q2-update.win32_1.4.0.202007081208/tools/bin/../lib/gcc/arm-none-eabi/7.3.1/../../../../arm-none-eabi/lib/thumb/v7e-m/fpv4-sp/hard\libc_nano.a(lib_a-mlock.o)
                0x000000000802d70c                __malloc_unlock
 .text._realloc_r
                0x000000000802d70e       0x4c c:/st/stm32cubeide_1.4.0/stm32cubeide/plugins/com.st.stm32cube.ide.mcu.externaltools.gnu-tools-for-stm32.7-2018-q2-update.win32_1.4.0.202007081208/tools/bin/../lib/gcc/arm-none-eabi/7.3.1/../../../../arm-none-eabi/lib/thumb/v7e-m/fpv4-sp/hard\libc_nano.a(lib_a-nano-reallocr.o)
                0x000000000802d70e                _realloc_r
 .text._malloc_usable_size_r
                0x000000000802d75a       0x10 c:/st/stm32cubeide_1.4.0/stm32cubeide/plugins/com.st.stm32cube.ide.mcu.externaltools.gnu-tools-for-stm32.7-2018-q2-update.win32_1.4.0.202007081208/tools/bin/../lib/gcc/arm-none-eabi/7.3.1/../../../../arm-none-eabi/lib/thumb/v7e-m/fpv4-sp/hard\libc_nano.a(lib_a-nano-msizer.o)
                0x000000000802d75a                _malloc_usable_size_r
 *(.glue_7)
 .glue_7        0x000000000802d76a        0x0 linker stubs
 *(.glue_7t)
 .glue_7t       0x000000000802d76a        0x0 linker stubs
 *(.eh_frame)
 *fill*         0x000000000802d76a        0x2 
 .eh_frame      0x000000000802d76c        0x0 c:/st/stm32cubeide_1.4.0/stm32cubeide/plugins/com.st.stm32cube.ide.mcu.externaltools.gnu-tools-for-stm32.7-2018-q2-update.win32_1.4.0.202007081208/tools/bin/../lib/gcc/arm-none-eabi/7.3.1/thumb/v7e-m/fpv4-sp/hard/crtbegin.o
 *(.init)
 .init          0x000000000802d76c        0x4 c:/st/stm32cubeide_1.4.0/stm32cubeide/plugins/com.st.stm32cube.ide.mcu.externaltools.gnu-tools-for-stm32.7-2018-q2-update.win32_1.4.0.202007081208/tools/bin/../lib/gcc/arm-none-eabi/7.3.1/thumb/v7e-m/fpv4-sp/hard/crti.o
                0x000000000802d76c                _init
 .init          0x000000000802d770        0x8 c:/st/stm32cubeide_1.4.0/stm32cubeide/plugins/com.st.stm32cube.ide.mcu.externaltools.gnu-tools-for-stm32.7-2018-q2-update.win32_1.4.0.202007081208/tools/bin/../lib/gcc/arm-none-eabi/7.3.1/thumb/v7e-m/fpv4-sp/hard/crtn.o
 *(.fini)
 .fini          0x000000000802d778        0x4 c:/st/stm32cubeide_1.4.0/stm32cubeide/plugins/com.st.stm32cube.ide.mcu.externaltools.gnu-tools-for-stm32.7-2018-q2-update.win32_1.4.0.202007081208/tools/bin/../lib/gcc/arm-none-eabi/7.3.1/thumb/v7e-m/fpv4-sp/hard/crti.o
                0x000000000802d778                _fini
 .fini          0x000000000802d77c        0x8 c:/st/stm32cubeide_1.4.0/stm32cubeide/plugins/com.st.stm32cube.ide.mcu.externaltools.gnu-tools-for-stm32.7-2018-q2-update.win32_1.4.0.202007081208/tools/bin/../lib/gcc/arm-none-eabi/7.3.1/thumb/v7e-m/fpv4-sp/hard/crtn.o
                0x000000000802d784                . = ALIGN (0x4)
                0x000000000802d784                _etext = .

.vfp11_veneer   0x000000000802d784        0x0
 .vfp11_veneer  0x000000000802d784        0x0 linker stubs

.v4_bx          0x000000000802d784        0x0
 .v4_bx         0x000000000802d784        0x0 linker stubs

.iplt           0x000000000802d784        0x0
 .iplt          0x000000000802d784        0x0 c:/st/stm32cubeide_1.4.0/stm32cubeide/plugins/com.st.stm32cube.ide.mcu.externaltools.gnu-tools-for-stm32.7-2018-q2-update.win32_1.4.0.202007081208/tools/bin/../lib/gcc/arm-none-eabi/7.3.1/thumb/v7e-m/fpv4-sp/hard/crtbegin.o

.rodata         0x000000000802d784      0x268
                0x000000000802d784                . = ALIGN (0x4)
 *(.rodata)
 .rodata        0x000000000802d784       0x23 APP/src/app_task.o
 *fill*         0x000000000802d7a7        0x1 
 .rodata        0x000000000802d7a8       0xa7 DRV/src/drv_cat1.o
 *fill*         0x000000000802d84f        0x1 
 .rodata        0x000000000802d850        0x5 Middlewares/Third_Party/FreeRTOS/Source/tasks.o
 *fill*         0x000000000802d855        0x3 
 .rodata        0x000000000802d858        0xd Middlewares/Third_Party/FreeRTOS/Source/timers.o
 *(.rodata*)
 *fill*         0x000000000802d865        0x3 
 .rodata.mainTask_attributes
                0x000000000802d868       0x24 APP/src/app_task.o
                0x000000000802d868                mainTask_attributes
 .rodata.commuTask_attributes
                0x000000000802d88c       0x24 APP/src/app_task.o
                0x000000000802d88c                commuTask_attributes
 .rodata.driverTask_attributes
                0x000000000802d8b0       0x24 APP/src/app_task.o
                0x000000000802d8b0                driverTask_attributes
 .rodata.AHBPrescTable
                0x000000000802d8d4       0x10 Core/Src/system_stm32f4xx.o
                0x000000000802d8d4                AHBPrescTable
 .rodata.APBPrescTable
                0x000000000802d8e4        0x8 Core/Src/system_stm32f4xx.o
                0x000000000802d8e4                APBPrescTable
 .rodata.HoppingFrequencies
                0x000000000802d8ec       0xcc SX127xLib/sx1276-LoRa.o
                0x000000000802d8ec                HoppingFrequencies
 .rodata._svfprintf_r.str1.1
                0x000000000802d9b8       0x11 c:/st/stm32cubeide_1.4.0/stm32cubeide/plugins/com.st.stm32cube.ide.mcu.externaltools.gnu-tools-for-stm32.7-2018-q2-update.win32_1.4.0.202007081208/tools/bin/../lib/gcc/arm-none-eabi/7.3.1/../../../../arm-none-eabi/lib/thumb/v7e-m/fpv4-sp/hard\libc_nano.a(lib_a-nano-svfprintf.o)
 .rodata._printf_i.str1.1
                0x000000000802d9c9       0x22 c:/st/stm32cubeide_1.4.0/stm32cubeide/plugins/com.st.stm32cube.ide.mcu.externaltools.gnu-tools-for-stm32.7-2018-q2-update.win32_1.4.0.202007081208/tools/bin/../lib/gcc/arm-none-eabi/7.3.1/../../../../arm-none-eabi/lib/thumb/v7e-m/fpv4-sp/hard\libc_nano.a(lib_a-nano-vfprintf_i.o)
                0x000000000802d9ec                . = ALIGN (0x4)
 *fill*         0x000000000802d9eb        0x1 

.ARM.extab      0x000000000802d9ec        0x0
                0x000000000802d9ec                . = ALIGN (0x4)
 *(.ARM.extab* .gnu.linkonce.armextab.*)
                0x000000000802d9ec                . = ALIGN (0x4)

.ARM            0x000000000802d9ec        0x8
                0x000000000802d9ec                . = ALIGN (0x4)
                0x000000000802d9ec                __exidx_start = .
 *(.ARM.exidx*)
 .ARM.exidx     0x000000000802d9ec        0x8 c:/st/stm32cubeide_1.4.0/stm32cubeide/plugins/com.st.stm32cube.ide.mcu.externaltools.gnu-tools-for-stm32.7-2018-q2-update.win32_1.4.0.202007081208/tools/bin/../lib/gcc/arm-none-eabi/7.3.1/thumb/v7e-m/fpv4-sp/hard\libgcc.a(_udivmoddi4.o)
                0x000000000802d9f4                __exidx_end = .
                0x000000000802d9f4                . = ALIGN (0x4)

.rel.dyn        0x000000000802d9f4        0x0
 .rel.iplt      0x000000000802d9f4        0x0 c:/st/stm32cubeide_1.4.0/stm32cubeide/plugins/com.st.stm32cube.ide.mcu.externaltools.gnu-tools-for-stm32.7-2018-q2-update.win32_1.4.0.202007081208/tools/bin/../lib/gcc/arm-none-eabi/7.3.1/thumb/v7e-m/fpv4-sp/hard/crtbegin.o

.preinit_array  0x000000000802d9f4        0x0
                0x000000000802d9f4                . = ALIGN (0x4)
                0x000000000802d9f4                PROVIDE (__preinit_array_start = .)
 *(.preinit_array*)
                0x000000000802d9f4                PROVIDE (__preinit_array_end = .)
                0x000000000802d9f4                . = ALIGN (0x4)

.init_array     0x000000000802d9f4        0x4
                0x000000000802d9f4                . = ALIGN (0x4)
                0x000000000802d9f4                PROVIDE (__init_array_start = .)
 *(SORT_BY_NAME(.init_array.*))
 *(.init_array*)
 .init_array    0x000000000802d9f4        0x4 c:/st/stm32cubeide_1.4.0/stm32cubeide/plugins/com.st.stm32cube.ide.mcu.externaltools.gnu-tools-for-stm32.7-2018-q2-update.win32_1.4.0.202007081208/tools/bin/../lib/gcc/arm-none-eabi/7.3.1/thumb/v7e-m/fpv4-sp/hard/crtbegin.o
                0x000000000802d9f8                PROVIDE (__init_array_end = .)
                0x000000000802d9f8                . = ALIGN (0x4)

.fini_array     0x000000000802d9f8        0x4
                0x000000000802d9f8                . = ALIGN (0x4)
                [!provide]                        PROVIDE (__fini_array_start = .)
 *(SORT_BY_NAME(.fini_array.*))
 *(.fini_array*)
 .fini_array    0x000000000802d9f8        0x4 c:/st/stm32cubeide_1.4.0/stm32cubeide/plugins/com.st.stm32cube.ide.mcu.externaltools.gnu-tools-for-stm32.7-2018-q2-update.win32_1.4.0.202007081208/tools/bin/../lib/gcc/arm-none-eabi/7.3.1/thumb/v7e-m/fpv4-sp/hard/crtbegin.o
                [!provide]                        PROVIDE (__fini_array_end = .)
                0x000000000802d9fc                . = ALIGN (0x4)
                0x000000000802d9fc                _sidata = LOADADDR (.data)

.data           0x0000000020000000      0x458 load address 0x000000000802d9fc
                0x0000000020000000                . = ALIGN (0x4)
                0x0000000020000000                _sdata = .
 *(.data)
 *(.data*)
 .data.led_sys  0x0000000020000000       0x14 APP/src/app_device.o
                0x0000000020000000                led_sys
 .data.led_net  0x0000000020000014       0x14 APP/src/app_device.o
                0x0000000020000014                led_net
 .data.led_data
                0x0000000020000028       0x14 APP/src/app_device.o
                0x0000000020000028                led_data
 .data.rs4851   0x000000002000003c       0x1c APP/src/app_device.o
                0x000000002000003c                rs4851
 .data.rs4852   0x0000000020000058       0x1c APP/src/app_device.o
                0x0000000020000058                rs4852
 *fill*         0x0000000020000074        0x4 
 .data.lora1    0x0000000020000078      0x1f8 APP/src/app_device.o
                0x0000000020000078                lora1
 .data.cat1     0x0000000020000270       0x38 APP/src/app_device.o
                0x0000000020000270                cat1
 .data.ble      0x00000000200002a8       0x18 APP/src/app_device.o
                0x00000000200002a8                ble
 .data.debug    0x00000000200002c0       0x18 APP/src/app_device.o
                0x00000000200002c0                debug
 .data.rand_period.11010
                0x00000000200002d8        0x2 APP/src/app_task.o
 *fill*         0x00000000200002da        0x2 
 .data.light.11024
                0x00000000200002dc        0x2 APP/src/app_task.o
 .data.period.11035
                0x00000000200002de        0x2 APP/src/app_task.o
 .data.SystemCoreClock
                0x00000000200002e0        0x4 Core/Src/system_stm32f4xx.o
                0x00000000200002e0                SystemCoreClock
 .data.RS485_1_EN
                0x00000000200002e4       0x14 DRV/src/drv_485.o
                0x00000000200002e4                RS485_1_EN
 .data.RS485_2_EN
                0x00000000200002f8       0x14 DRV/src/drv_485.o
                0x00000000200002f8                RS485_2_EN
 .data.Cat1_Power
                0x000000002000030c       0x14 DRV/src/drv_cat1.o
                0x000000002000030c                Cat1_Power
 .data.Cat1_Rst
                0x0000000020000320       0x14 DRV/src/drv_cat1.o
                0x0000000020000320                Cat1_Rst
 .data.Cat1_Sleep
                0x0000000020000334       0x14 DRV/src/drv_cat1.o
                0x0000000020000334                Cat1_Sleep
 .data.LED_Sys_State
                0x0000000020000348       0x14 DRV/src/drv_led.o
                0x0000000020000348                LED_Sys_State
 .data.LED_Net_State
                0x000000002000035c       0x14 DRV/src/drv_led.o
                0x000000002000035c                LED_Net_State
 .data.LED_Data_State
                0x0000000020000370       0x14 DRV/src/drv_led.o
                0x0000000020000370                LED_Data_State
 .data.MX25_SPI_NSS
                0x0000000020000384       0x14 DRV/src/drv_mx25.o
                0x0000000020000384                MX25_SPI_NSS
 .data.LoRa_1_NSS
                0x0000000020000398       0x14 DRV/src/drv_sx1278.o
                0x0000000020000398                LoRa_1_NSS
 .data.LoRa_1_DIO0
                0x00000000200003ac       0x14 DRV/src/drv_sx1278.o
                0x00000000200003ac                LoRa_1_DIO0
 .data.LoRa_1_RST
                0x00000000200003c0       0x14 DRV/src/drv_sx1278.o
                0x00000000200003c0                LoRa_1_RST
 .data.LoRa_1_PWR
                0x00000000200003d4       0x14 DRV/src/drv_sx1278.o
                0x00000000200003d4                LoRa_1_PWR
 .data.uwTickPrio
                0x00000000200003e8        0x4 Drivers/STM32F4xx_HAL_Driver/Src/stm32f4xx_hal.o
                0x00000000200003e8                uwTickPrio
 .data.uwTickFreq
                0x00000000200003ec        0x1 Drivers/STM32F4xx_HAL_Driver/Src/stm32f4xx_hal.o
                0x00000000200003ec                uwTickFreq
 *fill*         0x00000000200003ed        0x3 
 .data.uxCriticalNesting
                0x00000000200003f0        0x4 Middlewares/Third_Party/FreeRTOS/Source/portable/GCC/ARM_CM4F/port.o
 .data._impure_ptr
                0x00000000200003f4        0x4 c:/st/stm32cubeide_1.4.0/stm32cubeide/plugins/com.st.stm32cube.ide.mcu.externaltools.gnu-tools-for-stm32.7-2018-q2-update.win32_1.4.0.202007081208/tools/bin/../lib/gcc/arm-none-eabi/7.3.1/../../../../arm-none-eabi/lib/thumb/v7e-m/fpv4-sp/hard\libc_nano.a(lib_a-impure.o)
                0x00000000200003f4                _impure_ptr
 .data.impure_data
                0x00000000200003f8       0x60 c:/st/stm32cubeide_1.4.0/stm32cubeide/plugins/com.st.stm32cube.ide.mcu.externaltools.gnu-tools-for-stm32.7-2018-q2-update.win32_1.4.0.202007081208/tools/bin/../lib/gcc/arm-none-eabi/7.3.1/../../../../arm-none-eabi/lib/thumb/v7e-m/fpv4-sp/hard\libc_nano.a(lib_a-impure.o)
                0x0000000020000458                . = ALIGN (0x4)
                0x0000000020000458                _edata = .

.igot.plt       0x0000000020000458        0x0 load address 0x000000000802de54
 .igot.plt      0x0000000020000458        0x0 c:/st/stm32cubeide_1.4.0/stm32cubeide/plugins/com.st.stm32cube.ide.mcu.externaltools.gnu-tools-for-stm32.7-2018-q2-update.win32_1.4.0.202007081208/tools/bin/../lib/gcc/arm-none-eabi/7.3.1/thumb/v7e-m/fpv4-sp/hard/crtbegin.o
                0x0000000020000458                . = ALIGN (0x4)

.bss            0x0000000020000458     0x4bd8 load address 0x000000000802de54
                0x0000000020000458                _sbss = .
                0x0000000020000458                __bss_start__ = _sbss
 *(.bss)
 .bss           0x0000000020000458       0x1c c:/st/stm32cubeide_1.4.0/stm32cubeide/plugins/com.st.stm32cube.ide.mcu.externaltools.gnu-tools-for-stm32.7-2018-q2-update.win32_1.4.0.202007081208/tools/bin/../lib/gcc/arm-none-eabi/7.3.1/thumb/v7e-m/fpv4-sp/hard/crtbegin.o
 *(.bss*)
 .bss.sn.10371  0x0000000020000474        0x2 APP/src/app_data.o
 *fill*         0x0000000020000476        0x2 
 .bss.fwcache.10393
                0x0000000020000478      0x200 APP/src/app_data.o
 .bss.crc.10394
                0x0000000020000678        0x4 APP/src/app_data.o
 .bss.fwcrc.10395
                0x000000002000067c        0x4 APP/src/app_data.o
 .bss.pwm2iv    0x0000000020000680        0xc APP/src/app_device.o
                0x0000000020000680                pwm2iv
 .bss.cpu_usage
                0x000000002000068c        0x2 APP/src/app_task.o
                0x000000002000068c                cpu_usage
 *fill*         0x000000002000068e        0x2 
 .bss.idle_tick
                0x0000000020000690        0x4 APP/src/app_task.o
                0x0000000020000690                idle_tick
 .bss.tick.11001
                0x0000000020000694        0x4 APP/src/app_task.o
 .bss.unconfig_tick.11008
                0x0000000020000698        0x4 APP/src/app_task.o
 .bss.rand_tick.11009
                0x000000002000069c        0x2 APP/src/app_task.o
 *fill*         0x000000002000069e        0x2 
 .bss.configed_tick.11016
                0x00000000200006a0        0x4 APP/src/app_task.o
 .bss.deviap_tick.11018
                0x00000000200006a4        0x4 APP/src/app_task.o
 .bss.tips_tick.11023
                0x00000000200006a8        0x4 APP/src/app_task.o
 .bss.index.11025
                0x00000000200006ac        0x1 APP/src/app_task.o
 *fill*         0x00000000200006ad        0x1 
 .bss.test_tick.11036
                0x00000000200006ae        0x2 APP/src/app_task.o
 .bss.__sbrk_heap_end
                0x00000000200006b0        0x4 Core/Src/sysmem.o
 .bss.atbuffer.9890
                0x00000000200006b4       0x32 DRV/src/drv_cat1.o
 .bss.atresult.9914
                0x00000000200006e6        0x1 DRV/src/drv_cat1.o
 *fill*         0x00000000200006e7        0x1 
 .bss.waitcnts.9913
                0x00000000200006e8        0x2 DRV/src/drv_cat1.o
 .bss.retrytimes.9915
                0x00000000200006ea        0x1 DRV/src/drv_cat1.o
 *fill*         0x00000000200006eb        0x1 
 .bss.sConfigOC
                0x00000000200006ec       0x1c HAL/src/hal_timer.o
                0x00000000200006ec                sConfigOC
 .bss.cfg.8618  0x0000000020000708        0x1 HAL/src/hal_timer.o
 *fill*         0x0000000020000709        0x3 
 .bss.KernelState
                0x000000002000070c        0x4 Middlewares/Third_Party/FreeRTOS/Source/CMSIS_RTOS_V2/cmsis_os2.o
 .bss.Idle_TCB  0x0000000020000710       0x5c Middlewares/Third_Party/FreeRTOS/Source/CMSIS_RTOS_V2/cmsis_os2.o
 .bss.Idle_Stack
                0x000000002000076c      0x200 Middlewares/Third_Party/FreeRTOS/Source/CMSIS_RTOS_V2/cmsis_os2.o
 .bss.Timer_TCB
                0x000000002000096c       0x5c Middlewares/Third_Party/FreeRTOS/Source/CMSIS_RTOS_V2/cmsis_os2.o
 .bss.Timer_Stack
                0x00000000200009c8      0x400 Middlewares/Third_Party/FreeRTOS/Source/CMSIS_RTOS_V2/cmsis_os2.o
 .bss.pxCurrentTCB
                0x0000000020000dc8        0x4 Middlewares/Third_Party/FreeRTOS/Source/tasks.o
                0x0000000020000dc8                pxCurrentTCB
 .bss.pxReadyTasksLists
                0x0000000020000dcc       0x78 Middlewares/Third_Party/FreeRTOS/Source/tasks.o
 .bss.xDelayedTaskList1
                0x0000000020000e44       0x14 Middlewares/Third_Party/FreeRTOS/Source/tasks.o
 .bss.xDelayedTaskList2
                0x0000000020000e58       0x14 Middlewares/Third_Party/FreeRTOS/Source/tasks.o
 .bss.pxDelayedTaskList
                0x0000000020000e6c        0x4 Middlewares/Third_Party/FreeRTOS/Source/tasks.o
 .bss.pxOverflowDelayedTaskList
                0x0000000020000e70        0x4 Middlewares/Third_Party/FreeRTOS/Source/tasks.o
 .bss.xPendingReadyList
                0x0000000020000e74       0x14 Middlewares/Third_Party/FreeRTOS/Source/tasks.o
 .bss.xTasksWaitingTermination
                0x0000000020000e88       0x14 Middlewares/Third_Party/FreeRTOS/Source/tasks.o
 .bss.uxDeletedTasksWaitingCleanUp
                0x0000000020000e9c        0x4 Middlewares/Third_Party/FreeRTOS/Source/tasks.o
 .bss.xSuspendedTaskList
                0x0000000020000ea0       0x14 Middlewares/Third_Party/FreeRTOS/Source/tasks.o
 .bss.uxCurrentNumberOfTasks
                0x0000000020000eb4        0x4 Middlewares/Third_Party/FreeRTOS/Source/tasks.o
 .bss.xTickCount
                0x0000000020000eb8        0x4 Middlewares/Third_Party/FreeRTOS/Source/tasks.o
 .bss.uxTopReadyPriority
                0x0000000020000ebc        0x4 Middlewares/Third_Party/FreeRTOS/Source/tasks.o
 .bss.xSchedulerRunning
                0x0000000020000ec0        0x4 Middlewares/Third_Party/FreeRTOS/Source/tasks.o
 .bss.uxPendedTicks
                0x0000000020000ec4        0x4 Middlewares/Third_Party/FreeRTOS/Source/tasks.o
 .bss.xYieldPending
                0x0000000020000ec8        0x4 Middlewares/Third_Party/FreeRTOS/Source/tasks.o
 .bss.xNumOfOverflows
                0x0000000020000ecc        0x4 Middlewares/Third_Party/FreeRTOS/Source/tasks.o
 .bss.uxTaskNumber
                0x0000000020000ed0        0x4 Middlewares/Third_Party/FreeRTOS/Source/tasks.o
 .bss.xNextTaskUnblockTime
                0x0000000020000ed4        0x4 Middlewares/Third_Party/FreeRTOS/Source/tasks.o
 .bss.xIdleTaskHandle
                0x0000000020000ed8        0x4 Middlewares/Third_Party/FreeRTOS/Source/tasks.o
 .bss.uxSchedulerSuspended
                0x0000000020000edc        0x4 Middlewares/Third_Party/FreeRTOS/Source/tasks.o
 .bss.xActiveTimerList1
                0x0000000020000ee0       0x14 Middlewares/Third_Party/FreeRTOS/Source/timers.o
 .bss.xActiveTimerList2
                0x0000000020000ef4       0x14 Middlewares/Third_Party/FreeRTOS/Source/timers.o
 .bss.pxCurrentTimerList
                0x0000000020000f08        0x4 Middlewares/Third_Party/FreeRTOS/Source/timers.o
 .bss.pxOverflowTimerList
                0x0000000020000f0c        0x4 Middlewares/Third_Party/FreeRTOS/Source/timers.o
 .bss.xTimerQueue
                0x0000000020000f10        0x4 Middlewares/Third_Party/FreeRTOS/Source/timers.o
 .bss.xTimerTaskHandle
                0x0000000020000f14        0x4 Middlewares/Third_Party/FreeRTOS/Source/timers.o
 .bss.xLastTime.6743
                0x0000000020000f18        0x4 Middlewares/Third_Party/FreeRTOS/Source/timers.o
 .bss.ucStaticTimerQueueStorage.6794
                0x0000000020000f1c       0xa0 Middlewares/Third_Party/FreeRTOS/Source/timers.o
 .bss.xStaticTimerQueue.6793
                0x0000000020000fbc       0x50 Middlewares/Third_Party/FreeRTOS/Source/timers.o
 .bss.ucMaxSysCallPriority
                0x000000002000100c        0x1 Middlewares/Third_Party/FreeRTOS/Source/portable/GCC/ARM_CM4F/port.o
 *fill*         0x000000002000100d        0x3 
 .bss.ulMaxPRIGROUPValue
                0x0000000020001010        0x4 Middlewares/Third_Party/FreeRTOS/Source/portable/GCC/ARM_CM4F/port.o