sx1276-LoRaMisc.c:50:6:SX1276LoRaSetRFFrequency	16	static
sx1276-LoRaMisc.c:61:10:SX1276LoRaGetRFFrequency	16	static
sx1276-LoRaMisc.c:70:6:SX1276LoRaSetRFPower	16	static
sx1276-LoRaMisc.c:120:8:SX1276LoRaGetRFPower	8	static
sx1276-LoRaMisc.c:143:6:SX1276LoRaSetSignalBandwidth	16	static
sx1276-LoRaMisc.c:151:9:SX1276LoRaGetSignalBandwidth	8	static
sx1276-LoRaMisc.c:158:6:SX1276LoRaSetSpreadingFactor	16	static
sx1276-LoRaMisc.c:185:9:SX1276LoRaGetSpreadingFactor	8	static
sx1276-LoRaMisc.c:192:6:SX1276LoRaSetErrorCoding	16	static
sx1276-LoRaMisc.c:200:9:SX1276LoRaGetErrorCoding	8	static
sx1276-LoRaMisc.c:207:6:SX1276LoRaSetPacketCrcOn	16	static
sx1276-LoRaMisc.c:215:6:SX1276LoRaSetPreambleLength	16	static
sx1276-LoRaMisc.c:224:10:SX1276LoRaGetPreambleLength	8	static
sx1276-LoRaMisc.c:230:6:SX1276LoRaGetPacketCrcOn	8	static
sx1276-LoRaMisc.c:237:6:SX1276LoRaSetImplicitHeaderOn	16	static
sx1276-LoRaMisc.c:245:6:SX1276LoRaGetImplicitHeaderOn	8	static
sx1276-LoRaMisc.c:252:6:SX1276LoRaSetRxSingleOn	16	static
sx1276-LoRaMisc.c:257:6:SX1276LoRaGetRxSingleOn	4	static
sx1276-LoRaMisc.c:262:6:SX1276LoRaSetFreqHopOn	16	static
sx1276-LoRaMisc.c:267:6:SX1276LoRaGetFreqHopOn	4	static
sx1276-LoRaMisc.c:272:6:SX1276LoRaSetHopPeriod	16	static
sx1276-LoRaMisc.c:279:9:SX1276LoRaGetHopPeriod	8	static
sx1276-LoRaMisc.c:286:6:SX1276LoRaSetTxPacketTimeout	16	static
sx1276-LoRaMisc.c:291:10:SX1276LoRaGetTxPacketTimeout	4	static
sx1276-LoRaMisc.c:296:6:SX1276LoRaSetRxPacketTimeout	16	static
sx1276-LoRaMisc.c:301:10:SX1276LoRaGetRxPacketTimeout	4	static
sx1276-LoRaMisc.c:306:6:SX1276LoRaSetPayloadLength	16	static
sx1276-LoRaMisc.c:313:9:SX1276LoRaGetPayloadLength	8	static
sx1276-LoRaMisc.c:320:6:SX1276LoRaSetPa20dBm	16	static
sx1276-LoRaMisc.c:339:6:SX1276LoRaGetPa20dBm	8	static
sx1276-LoRaMisc.c:346:6:SX1276LoRaSetPAOutput	16	static
sx1276-LoRaMisc.c:353:9:SX1276LoRaGetPAOutput	8	static
sx1276-LoRaMisc.c:359:6:SX1276LoRaSetPaRamp	16	static
sx1276-LoRaMisc.c:366:9:SX1276LoRaGetPaRamp	8	static
sx1276-LoRaMisc.c:372:6:SX1276LoRaSetSymbTimeout	16	static
sx1276-LoRaMisc.c:381:10:SX1276LoRaGetSymbTimeout	8	static
sx1276-LoRaMisc.c:387:6:SX1276LoRaSetLowDatarateOptimize	16	static
sx1276-LoRaMisc.c:394:6:SX1276LoRaGetLowDatarateOptimize	8	static
sx1276-LoRaMisc.c:400:6:SX1276LoRaSetNbTrigPeaks	16	static
sx1276-LoRaMisc.c:407:9:SX1276LoRaGetNbTrigPeaks	8	static
