sx1276.c:44:6:SX1276Init	8	static
sx1276.c:72:6:SX1276Reset	8	static
sx1276.c:81:6:SX1276SetLoRaOn	16	static
sx1276.c:119:6:SX1276GetLoRaOn	4	static
sx1276.c:124:6:SX1276SetOpMode	16	static
sx1276.c:136:9:SX1276GetOpMode	8	static
sx1276.c:148:8:SX1276ReadRssi	8	static
sx1276.c:160:9:SX1276ReadRxGain	8	static
sx1276.c:172:9:SX1276GetPacketRxGain	8	static
sx1276.c:184:8:SX1276GetPacketSnr	8	static
sx1276.c:200:8:SX1276GetPacketRssi	8	static
sx1276.c:212:10:SX1276GetPacketAfc	8	static
sx1276.c:228:6:SX1276StartRx	8	static
sx1276.c:240:6:SX1276GetRxPacket	16	static
sx1276.c:252:6:SX1276SetTxPacket	16	static
sx1276.c:264:9:SX1276GetRFState	8	static
sx1276.c:276:6:SX1276SetRFState	16	static
sx1276.c:288:10:SX1276Process	8	static
