sx1276-LoRa.c:97:6:SX1276LoRaInit	8	static
sx1276-LoRa.c:137:6:SX1276LoRaSetDefaults	8	static
sx1276-LoRa.c:144:6:SX1276LoRaReset	16	static
sx1276-LoRa.c:159:6:SX1276LoRaSetOpMode	24	static
sx1276-LoRa.c:186:9:SX1276LoRaGetOpMode	8	static
sx1276-LoRa.c:193:9:SX1276LoRaReadRxGain	8	static
sx1276-LoRa.c:199:8:SX1276LoRaReadRssi	8	static
sx1276-LoRa.c:214:9:SX1276LoRaGetPacketRxGain	4	static
sx1276-LoRa.c:219:8:SX1276LoRaGetPacketSnr	4	static
sx1276-LoRa.c:224:8:SX1276LoRaGetPacketRssi	4	static
sx1276-LoRa.c:229:6:SX1276LoRaStartRx	8	static
sx1276-LoRa.c:234:6:SX1276LoRaGetRxPacket	16	static
sx1276-LoRa.c:249:6:SX1276LoRaSetTxPacket	16	static
sx1276-LoRa.c:258:9:SX1276LoRaGetRFState	4	static
sx1276-LoRa.c:263:6:SX1276LoRaSetRFState	16	static
sx1276-LoRa.c:276:10:SX1276LoRaProcess	32	static
