core_cm4.h:1939:34:__NVIC_SystemReset	4	static,ignoring_inline_asm
stm32f4xx_it.c:111:6:NMI_Handler	4	static
stm32f4xx_it.c:124:6:HardFault_Handler	8	static
stm32f4xx_it.c:140:6:MemManage_Handler	8	static
stm32f4xx_it.c:156:6:BusFault_Handler	8	static
stm32f4xx_it.c:172:6:UsageFault_Handler	8	static
stm32f4xx_it.c:188:6:DebugMon_Handler	4	static
stm32f4xx_it.c:203:6:SysTick_Handler	8	static
stm32f4xx_it.c:239:6:USART1_IRQHandler	16	static
stm32f4xx_it.c:257:6:USART2_IRQHandler	16	static
stm32f4xx_it.c:281:6:USART3_IRQHandler	16	static
stm32f4xx_it.c:305:6:UART4_IRQHandler	16	static
stm32f4xx_it.c:329:6:USART6_IRQHandler	16	static
