Archive member included to satisfy reference by file (symbol)

c:/st/stm32cubeide_1.4.0/stm32cubeide/plugins/com.st.stm32cube.ide.mcu.externaltools.gnu-tools-for-stm32.7-2018-q2-update.win32_1.4.0.202007081208/tools/bin/../lib/gcc/arm-none-eabi/7.3.1/../../../../arm-none-eabi/lib/thumb/v7e-m/fpv4-sp/hard\libc_nano.a(lib_a-errno.o)
                              Core/Src/syscalls.o (__errno)
c:/st/stm32cubeide_1.4.0/stm32cubeide/plugins/com.st.stm32cube.ide.mcu.externaltools.gnu-tools-for-stm32.7-2018-q2-update.win32_1.4.0.202007081208/tools/bin/../lib/gcc/arm-none-eabi/7.3.1/../../../../arm-none-eabi/lib/thumb/v7e-m/fpv4-sp/hard\libc_nano.a(lib_a-exit.o)
                              c:/st/stm32cubeide_1.4.0/stm32cubeide/plugins/com.st.stm32cube.ide.mcu.externaltools.gnu-tools-for-stm32.7-2018-q2-update.win32_1.4.0.202007081208/tools/bin/../lib/gcc/arm-none-eabi/7.3.1/../../../../arm-none-eabi/lib/thumb/v7e-m/fpv4-sp/hard/crt0.o (exit)
c:/st/stm32cubeide_1.4.0/stm32cubeide/plugins/com.st.stm32cube.ide.mcu.externaltools.gnu-tools-for-stm32.7-2018-q2-update.win32_1.4.0.202007081208/tools/bin/../lib/gcc/arm-none-eabi/7.3.1/../../../../arm-none-eabi/lib/thumb/v7e-m/fpv4-sp/hard\libc_nano.a(lib_a-impure.o)
                              c:/st/stm32cubeide_1.4.0/stm32cubeide/plugins/com.st.stm32cube.ide.mcu.externaltools.gnu-tools-for-stm32.7-2018-q2-update.win32_1.4.0.202007081208/tools/bin/../lib/gcc/arm-none-eabi/7.3.1/../../../../arm-none-eabi/lib/thumb/v7e-m/fpv4-sp/hard\libc_nano.a(lib_a-exit.o) (_global_impure_ptr)
c:/st/stm32cubeide_1.4.0/stm32cubeide/plugins/com.st.stm32cube.ide.mcu.externaltools.gnu-tools-for-stm32.7-2018-q2-update.win32_1.4.0.202007081208/tools/bin/../lib/gcc/arm-none-eabi/7.3.1/../../../../arm-none-eabi/lib/thumb/v7e-m/fpv4-sp/hard\libc_nano.a(lib_a-init.o)
                              c:/st/stm32cubeide_1.4.0/stm32cubeide/plugins/com.st.stm32cube.ide.mcu.externaltools.gnu-tools-for-stm32.7-2018-q2-update.win32_1.4.0.202007081208/tools/bin/../lib/gcc/arm-none-eabi/7.3.1/../../../../arm-none-eabi/lib/thumb/v7e-m/fpv4-sp/hard/crt0.o (__libc_init_array)
c:/st/stm32cubeide_1.4.0/stm32cubeide/plugins/com.st.stm32cube.ide.mcu.externaltools.gnu-tools-for-stm32.7-2018-q2-update.win32_1.4.0.202007081208/tools/bin/../lib/gcc/arm-none-eabi/7.3.1/../../../../arm-none-eabi/lib/thumb/v7e-m/fpv4-sp/hard\libc_nano.a(lib_a-memcpy-stub.o)
                              APP/src/app_data.o (memcpy)
c:/st/stm32cubeide_1.4.0/stm32cubeide/plugins/com.st.stm32cube.ide.mcu.externaltools.gnu-tools-for-stm32.7-2018-q2-update.win32_1.4.0.202007081208/tools/bin/../lib/gcc/arm-none-eabi/7.3.1/../../../../arm-none-eabi/lib/thumb/v7e-m/fpv4-sp/hard\libc_nano.a(lib_a-memset.o)
                              c:/st/stm32cubeide_1.4.0/stm32cubeide/plugins/com.st.stm32cube.ide.mcu.externaltools.gnu-tools-for-stm32.7-2018-q2-update.win32_1.4.0.202007081208/tools/bin/../lib/gcc/arm-none-eabi/7.3.1/../../../../arm-none-eabi/lib/thumb/v7e-m/fpv4-sp/hard/crt0.o (memset)
c:/st/stm32cubeide_1.4.0/stm32cubeide/plugins/com.st.stm32cube.ide.mcu.externaltools.gnu-tools-for-stm32.7-2018-q2-update.win32_1.4.0.202007081208/tools/bin/../lib/gcc/arm-none-eabi/7.3.1/../../../../arm-none-eabi/lib/thumb/v7e-m/fpv4-sp/hard\libc_nano.a(lib_a-rand.o)
                              APP/src/app_task.o (srand)
c:/st/stm32cubeide_1.4.0/stm32cubeide/plugins/com.st.stm32cube.ide.mcu.externaltools.gnu-tools-for-stm32.7-2018-q2-update.win32_1.4.0.202007081208/tools/bin/../lib/gcc/arm-none-eabi/7.3.1/../../../../arm-none-eabi/lib/thumb/v7e-m/fpv4-sp/hard\libc_nano.a(lib_a-sprintf.o)
                              DRV/src/drv_cat1.o (sprintf)
c:/st/stm32cubeide_1.4.0/stm32cubeide/plugins/com.st.stm32cube.ide.mcu.externaltools.gnu-tools-for-stm32.7-2018-q2-update.win32_1.4.0.202007081208/tools/bin/../lib/gcc/arm-none-eabi/7.3.1/../../../../arm-none-eabi/lib/thumb/v7e-m/fpv4-sp/hard\libc_nano.a(lib_a-strlen.o)
                              DRV/src/drv_cat1.o (strlen)
c:/st/stm32cubeide_1.4.0/stm32cubeide/plugins/com.st.stm32cube.ide.mcu.externaltools.gnu-tools-for-stm32.7-2018-q2-update.win32_1.4.0.202007081208/tools/bin/../lib/gcc/arm-none-eabi/7.3.1/../../../../arm-none-eabi/lib/thumb/v7e-m/fpv4-sp/hard\libc_nano.a(lib_a-strstr.o)
                              DRV/src/drv_cat1.o (strstr)
c:/st/stm32cubeide_1.4.0/stm32cubeide/plugins/com.st.stm32cube.ide.mcu.externaltools.gnu-tools-for-stm32.7-2018-q2-update.win32_1.4.0.202007081208/tools/bin/../lib/gcc/arm-none-eabi/7.3.1/../../../../arm-none-eabi/lib/thumb/v7e-m/fpv4-sp/hard\libc_nano.a(lib_a-malloc.o)
                              c:/st/stm32cubeide_1.4.0/stm32cubeide/plugins/com.st.stm32cube.ide.mcu.externaltools.gnu-tools-for-stm32.7-2018-q2-update.win32_1.4.0.202007081208/tools/bin/../lib/gcc/arm-none-eabi/7.3.1/../../../../arm-none-eabi/lib/thumb/v7e-m/fpv4-sp/hard\libc_nano.a(lib_a-rand.o) (malloc)
[...]
Memory Configuration

Name             Origin             Length             Attributes
*default*        0x0000000000000000 0xffffffffffffffff

Linker script and memory map

LOAD c:/st/stm32cubeide_1.4.0/stm32cubeide/plugins/com.st.stm32cube.ide.mcu.externaltools.gnu-tools-for-stm32.7-2018-q2-update.win32_1.4.0.202007081208/tools/bin/../lib/gcc/arm-none-eabi/7.3.1/thumb/v7e-m/fpv4-sp/hard/crti.o
LOAD c:/st/stm32cubeide_1.4.0/stm32cubeide/plugins/com.st.stm32cube.ide.mcu.externaltools.gnu-tools-for-stm32.7-2018-q2-update.win32_1.4.0.202007081208/tools/bin/../lib/gcc/arm-none-eabi/7.3.1/thumb/v7e-m/fpv4-sp/hard/crtbegin.o
LOAD c:/st/stm32cubeide_1.4.0/stm32cubeide/plugins/com.st.stm32cube.ide.mcu.externaltools.gnu-tools-for-stm32.7-2018-q2-update.win32_1.4.0.202007081208/tools/bin/../lib/gcc/arm-none-eabi/7.3.1/../../../../arm-none-eabi/lib/thumb/v7e-m/fpv4-sp/hard/crt0.o
LOAD APP/src/app_communication.o
LOAD APP/src/app_data.o
LOAD APP/src/app_device.o
LOAD APP/src/app_protocol.o
LOAD APP/src/app_task.o
LOAD Core/Src/freertos.o
LOAD Core/Src/main.o
LOAD Core/Src/stm32f4xx_hal_msp.o
LOAD Core/Src/stm32f4xx_it.o
LOAD Core/Src/syscalls.o
LOAD Core/Src/sysmem.o
LOAD Core/Src/system_stm32f4xx.o
LOAD Core/Startup/startup_stm32f407vetx.o
LOAD DRV/src/drv_485.o
LOAD DRV/src/drv_ble.o
LOAD DRV/src/drv_cat1.o
LOAD DRV/src/drv_debug.o
LOAD DRV/src/drv_led.o
LOAD DRV/src/drv_mx25.o
LOAD DRV/src/drv_pwm2iv.o
LOAD DRV/src/drv_sx1278.o
LOAD Drivers/STM32F4xx_HAL_Driver/Src/stm32f4xx_hal.o
LOAD Drivers/STM32F4xx_HAL_Driver/Src/stm32f4xx_hal_adc.o
LOAD Drivers/STM32F4xx_HAL_Driver/Src/stm32f4xx_hal_adc_ex.o
LOAD Drivers/STM32F4xx_HAL_Driver/Src/stm32f4xx_hal_cortex.o
LOAD Drivers/STM32F4xx_HAL_Driver/Src/stm32f4xx_hal_dma.o
LOAD Drivers/STM32F4xx_HAL_Driver/Src/stm32f4xx_hal_dma_ex.o
LOAD Drivers/STM32F4xx_HAL_Driver/Src/stm32f4xx_hal_exti.o
LOAD Drivers/STM32F4xx_HAL_Driver/Src/stm32f4xx_hal_flash.o
LOAD Drivers/STM32F4xx_HAL_Driver/Src/stm32f4xx_hal_flash_ex.o
LOAD Drivers/STM32F4xx_HAL_Driver/Src/stm32f4xx_hal_flash_ramfunc.o
LOAD Drivers/STM32F4xx_HAL_Driver/Src/stm32f4xx_hal_gpio.o
LOAD Drivers/STM32F4xx_HAL_Driver/Src/stm32f4xx_hal_iwdg.o
LOAD Drivers/STM32F4xx_HAL_Driver/Src/stm32f4xx_hal_pwr.o
LOAD Drivers/STM32F4xx_HAL_Driver/Src/stm32f4xx_hal_pwr_ex.o
LOAD Drivers/STM32F4xx_HAL_Driver/Src/stm32f4xx_hal_rcc.o
LOAD Drivers/STM32F4xx_HAL_Driver/Src/stm32f4xx_hal_rcc_ex.o
LOAD Drivers/STM32F4xx_HAL_Driver/Src/stm32f4xx_hal_rtc.o
LOAD Drivers/STM32F4xx_HAL_Driver/Src/stm32f4xx_hal_rtc_ex.o
LOAD Drivers/STM32F4xx_HAL_Driver/Src/stm32f4xx_hal_spi.o
LOAD Drivers/STM32F4xx_HAL_Driver/Src/stm32f4xx_hal_tim.o
LOAD Drivers/STM32F4xx_HAL_Driver/Src/stm32f4xx_hal_tim_ex.o
LOAD Drivers/STM32F4xx_HAL_Driver/Src/stm32f4xx_hal_uart.o
LOAD Drivers/STM32F4xx_HAL_Driver/Src/stm32f4xx_hal_usart.o
LOAD HAL/src/hal_adc.o
LOAD HAL/src/hal_flash.o
LOAD HAL/src/hal_gpio.o
LOAD HAL/src/hal_spi.o
LOAD HAL/src/hal_timer.o
LOAD HAL/src/hal_uart.o
LOAD HAL/src/hal_wdg.o
LOAD Middlewares/Third_Party/FreeRTOS/Source/CMSIS_RTOS_V2/cmsis_os2.o
LOAD Middlewares/Third_Party/FreeRTOS/Source/croutine.o
LOAD Middlewares/Third_Party/FreeRTOS/Source/event_groups.o
LOAD Middlewares/Third_Party/FreeRTOS/Source/list.o
LOAD Middlewares/Third_Party/FreeRTOS/Source/queue.o
LOAD Middlewares/Third_Party/FreeRTOS/Source/stream_buffer.o
LOAD Middlewares/Third_Party/FreeRTOS/Source/tasks.o
LOAD Middlewares/Third_Party/FreeRTOS/Source/timers.o
LOAD Middlewares/Third_Party/FreeRTOS/Source/portable/GCC/ARM_CM4F/port.o
LOAD Middlewares/Third_Party/FreeRTOS/Source/portable/MemMang/heap_4.o
LOAD SX127xLib/radio.o
LOAD SX127xLib/sx1276-Fsk.o
LOAD SX127xLib/sx1276-FskMisc.o
LOAD SX127xLib/sx1276-Hal.o
LOAD SX127xLib/sx1276-LoRa.o
LOAD SX127xLib/sx1276-LoRaMisc.o
LOAD SX127xLib/sx1276.o
START GROUP
LOAD c:/st/stm32cubeide_1.4.0/stm32cubeide/plugins/com.st.stm32cube.ide.mcu.externaltools.gnu-tools-for-stm32.7-2018-q2-update.win32_1.4.0.202007081208/tools/bin/../lib/gcc/arm-none-eabi/7.3.1/../../../../arm-none-eabi/lib/thumb/v7e-m/fpv4-sp/hard\libc_nano.a
LOAD c:/st/stm32cubeide_1.4.0/stm32cubeide/plugins/com.st.stm32cube.ide.mcu.externaltools.gnu-tools-for-stm32.7-2018-q2-update.win32_1.4.0.202007081208/tools/bin/../lib/gcc/arm-none-eabi/7.3.1/../../../../arm-none-eabi/lib/thumb/v7e-m/fpv4-sp/hard\libm.a
END GROUP
START GROUP
LOAD c:/st/stm32cubeide_1.4.0/stm32cubeide/plugins/com.st.stm32cube.ide.mcu.externaltools.gnu-tools-for-stm32.7-2018-q2-update.win32_1.4.0.202007081208/tools/bin/../lib/gcc/arm-none-eabi/7.3.1/thumb/v7e-m/fpv4-sp/hard\libgcc.a
LOAD c:/st/stm32cubeide_1.4.0/stm32cubeide/plugins/com.st.stm32cube.ide.mcu.externaltools.gnu-tools-for-stm32.7-2018-q2-update.win32_1.4.0.202007081208/tools/bin/../lib/gcc/arm-none-eabi/7.3.1/../../../../arm-none-eabi/lib/thumb/v7e-m/fpv4-sp/hard\libc_nano.a
END GROUP
START GROUP
LOAD c:/st/stm32cubeide_1.4.0/stm32cubeide/plugins/com.st.stm32cube.ide.mcu.externaltools.gnu-tools-for-stm32.7-2018-q2-update.win32_1.4.0.202007081208/tools/bin/../lib/gcc/arm-none-eabi/7.3.1/thumb/v7e-m/fpv4-sp/hard\libgcc.a
LOAD c:/st/stm32cubeide_1.4.0/stm32cubeide/plugins/com.st.stm32cube.ide.mcu.externaltools.gnu-tools-for-stm32.7-2018-q2-update.win32_1.4.0.202007081208/tools/bin/../lib/gcc/arm-none-eabi/7.3.1/../../../../arm-none-eabi/lib/thumb/v7e-m/fpv4-sp/hard\libc_nano.a
LOAD c:/st/stm32cubeide_1.4.0/stm32cubeide/plugins/com.st.stm32cube.ide.mcu.externaltools.gnu-tools-for-stm32.7-2018-q2-update.win32_1.4.0.202007081208/tools/bin/../lib/gcc/arm-none-eabi/7.3.1/../../../../arm-none-eabi/lib/thumb/v7e-m/fpv4-sp/hard\libnosys.a
END GROUP
START GROUP
LOAD c:/st/stm32cubeide_1.4.0/stm32cubeide/plugins/com.st.stm32cube.ide.mcu.externaltools.gnu-tools-for-stm32.7-2018-q2-update.win32_1.4.0.202007081208/tools/bin/../lib/gcc/arm-none-eabi/7.3.1/thumb/v7e-m/fpv4-sp/hard\libgcc.a
LOAD c:/st/stm32cubeide_1.4.0/stm32cubeide/plugins/com.st.stm32cube.ide.mcu.externaltools.gnu-tools-for-stm32.7-2018-q2-update.win32_1.4.0.202007081208/tools/bin/../lib/gcc/arm-none-eabi/7.3.1/../../../../arm-none-eabi/lib/thumb/v7e-m/fpv4-sp/hard\libc_nano.a
LOAD c:/st/stm32cubeide_1.4.0/stm32cubeide/plugins/com.st.stm32cube.ide.mcu.externaltools.gnu-tools-for-stm32.7-2018-q2-update.win32_1.4.0.202007081208/tools/bin/../lib/gcc/arm-none-eabi/7.3.1/../../../../arm-none-eabi/lib/thumb/v7e-m/fpv4-sp/hard\libnosys.a
END GROUP
LOAD c:/st/stm32cubeide_1.4.0/stm32cubeide/plugins/com.st.stm32cube.ide.mcu.externaltools.gnu-tools-for-stm32.7-2018-q2-update.win32_1.4.0.202007081208/tools/bin/../lib/gcc/arm-none-eabi/7.3.1/thumb/v7e-m/fpv4-sp/hard/crtend.o
LOAD c:/st/stm32cubeide_1.4.0/stm32cubeide/plugins/com.st.stm32cube.ide.mcu.externaltools.gnu-tools-for-stm32.7-2018-q2-update.win32_1.4.0.202007081208/tools/bin/../lib/gcc/arm-none-eabi/7.3.1/thumb/v7e-m/fpv4-sp/hard/crtn.o
                [!provide]                        PROVIDE (__executable_start = SEGMENT_START ("text-segment", 0x8000))
                0x0000000000008000                . = SEGMENT_START ("text-segment", 0x8000)

.interp
 *(.interp)

.note.gnu.build-id
 *(.note.gnu.build-id)

.hash
 *(.hash)

.gnu.hash
 *(.gnu.hash)

.dynsym
 *(.dynsym)

.dynstr
 *(.dynstr)

.gnu.version
 *(.gnu.version)

.gnu.version_d
 *(.gnu.version_d)

.gnu.version_r
 *(.gnu.version_r)

.rel.dyn        0x0000000000008000        0x0
 *(.rel.init)
 *(.rel.text .rel.text.* .rel.gnu.linkonce.t.*)
 *(.rel.fini)
 *(.rel.rodata .rel.rodata.* .rel.gnu.linkonce.r.*)
 *(.rel.data.rel.ro .rel.data.rel.ro.* .rel.gnu.linkonce.d.rel.ro.*)
 *(.rel.data .rel.data.* .rel.gnu.linkonce.d.*)
 *(.rel.tdata .rel.tdata.* .rel.gnu.linkonce.td.*)
 *(.rel.tbss .rel.tbss.* .rel.gnu.linkonce.tb.*)
 *(.rel.ctors)
 *(.rel.dtors)
 *(.rel.got)
 *(.rel.bss .rel.bss.* .rel.gnu.linkonce.b.*)
                [!provide]                        PROVIDE (__rel_iplt_start = .)
 *(.rel.iplt)
 .rel.iplt      0x0000000000008000        0x0 c:/st/stm32cubeide_1.4.0/stm32cubeide/plugins/com.st.stm32cube.ide.mcu.externaltools.gnu-tools-for-stm32.7-2018-q2-update.win32_1.4.0.202007081208/tools/bin/../lib/gcc/arm-none-eabi/7.3.1/thumb/v7e-m/fpv4-sp/hard/crtbegin.o
                [!provide]                        PROVIDE (__rel_iplt_end = .)

.rela.dyn       0x0000000000008000        0x0
 *(.rela.init)
 *(.rela.text .rela.text.* .rela.gnu.linkonce.t.*)
 *(.rela.fini)
 *(.rela.rodata .rela.rodata.* .rela.gnu.linkonce.r.*)
 *(.rela.data .rela.data.* .rela.gnu.linkonce.d.*)
 *(.rela.tdata .rela.tdata.* .rela.gnu.linkonce.td.*)
 *(.rela.tbss .rela.tbss.* .rela.gnu.linkonce.tb.*)
 *(.rela.ctors)
 *(.rela.dtors)
 *(.rela.got)
 *(.rela.bss .rela.bss.* .rela.gnu.linkonce.b.*)
                [!provide]                        PROVIDE (__rela_iplt_start = .)
 *(.rela.iplt)
                [!provide]                        PROVIDE (__rela_iplt_end = .)

.rel.plt
 *(.rel.plt)

.rela.plt
 *(.rela.plt)

.init           0x0000000000008000        0xc
 *(SORT_NONE(.init))
 .init          0x0000000000008000        0x4 c:/st/stm32cubeide_1.4.0/stm32cubeide/plugins/com.st.stm32cube.ide.mcu.externaltools.gnu-tools-for-stm32.7-2018-q2-update.win32_1.4.0.202007081208/tools/bin/../lib/gcc/arm-none-eabi/7.3.1/thumb/v7e-m/fpv4-sp/hard/crti.o
                0x0000000000008000                _init
 .init          0x0000000000008004        0x8 c:/st/stm32cubeide_1.4.0/stm32cubeide/plugins/com.st.stm32cube.ide.mcu.externaltools.gnu-tools-for-stm32.7-2018-q2-update.win32_1.4.0.202007081208/tools/bin/../lib/gcc/arm-none-eabi/7.3.1/thumb/v7e-m/fpv4-sp/hard/crtn.o

.plt
 *(.plt)

.iplt           0x000000000000800c        0x0
 *(.iplt)
 .iplt          0x000000000000800c        0x0 c:/st/stm32cubeide_1.4.0/stm32cubeide/plugins/com.st.stm32cube.ide.mcu.externaltools.gnu-tools-for-stm32.7-2018-q2-update.win32_1.4.0.202007081208/tools/bin/../lib/gcc/arm-none-eabi/7.3.1/thumb/v7e-m/fpv4-sp/hard/crtbegin.o

.text           0x0000000000008010     0xcf50
 *(.text.unlikely .text.*_unlikely .text.unlikely.*)
 *(.text.exit .text.exit.*)
 .text.exit     0x0000000000008010       0x28 c:/st/stm32cubeide_1.4.0/stm32cubeide/plugins/com.st.stm32cube.ide.mcu.externaltools.gnu-tools-for-stm32.7-2018-q2-update.win32_1.4.0.202007081208/tools/bin/../lib/gcc/arm-none-eabi/7.3.1/../../../../arm-none-eabi/lib/thumb/v7e-m/fpv4-sp/hard\libc_nano.a(lib_a-exit.o)
                0x0000000000008010                exit
 *(.text.startup .text.startup.*)
 *(.text.hot .text.hot.*)
 *(.text .stub .text.* .gnu.linkonce.t.*)
 .text          0x0000000000008038       0x40 c:/st/stm32cubeide_1.4.0/stm32cubeide/plugins/com.st.stm32cube.ide.mcu.externaltools.gnu-tools-for-stm32.7-2018-q2-update.win32_1.4.0.202007081208/tools/bin/../lib/gcc/arm-none-eabi/7.3.1/thumb/v7e-m/fpv4-sp/hard/crtbegin.o
 .text          0x0000000000008078       0x74 c:/st/stm32cubeide_1.4.0/stm32cubeide/plugins/com.st.stm32cube.ide.mcu.externaltools.gnu-tools-for-stm32.7-2018-q2-update.win32_1.4.0.202007081208/tools/bin/../lib/gcc/arm-none-eabi/7.3.1/../../../../arm-none-eabi/lib/thumb/v7e-m/fpv4-sp/hard/crt0.o
                0x0000000000008078                _start
                0x0000000000008078                _mainCRTStartup
 .text.__NVIC_SystemReset
                0x00000000000080ec       0x28 APP/src/app_communication.o
 .text.app_pollCommunicationEvents
                0x0000000000008114      0x220 APP/src/app_communication.o
                0x0000000000008114                app_pollCommunicationEvents
 .text.__NVIC_SystemReset
                0x0000000000008334       0x28 APP/src/app_data.o
 .text.app_changeEndian
                0x000000000000835c       0x60 APP/src/app_data.o
 .text.app_sendMsg
                0x00000000000083bc       0xb8 APP/src/app_data.o
                0x00000000000083bc                app_sendMsg
 .text.app_revDebugMsg
                0x0000000000008474       0x18 APP/src/app_data.o
                0x0000000000008474                app_revDebugMsg
 .text.app_revLoRa1Msg
                0x000000000000848c       0x30 APP/src/app_data.o
                0x000000000000848c                app_revLoRa1Msg
 .text.app_revRS4851Msg
                0x00000000000084bc       0x28 APP/src/app_data.o
                0x00000000000084bc                app_revRS4851Msg
 .text.app_revRS4852Msg
                0x00000000000084e4       0x28 APP/src/app_data.o
                0x00000000000084e4                app_revRS4852Msg
 .text.app_revCat1Msg
                0x000000000000850c       0x20 APP/src/app_data.o
                0x000000000000850c                app_revCat1Msg
 .text.app_connectServer
                0x000000000000852c       0x3c APP/src/app_data.o
                0x000000000000852c                app_connectServer
 .text.app_restartCat1
                0x0000000000008568       0x18 APP/src/app_data.o
                0x0000000000008568                app_restartCat1
 .text.app_registCat1
                0x0000000000008580       0x1c APP/src/app_data.o
                0x0000000000008580                app_registCat1
 .text.app_revBLEMsg
                0x000000000000859c       0x18 APP/src/app_data.o
                0x000000000000859c                app_revBLEMsg
 .text.app_sendProtocolMsg
                0x00000000000085b4      0x46c APP/src/app_data.o
                0x00000000000085b4                app_sendProtocolMsg
 .text.app_procProtocolMsg
                0x0000000000008a20      0x998 APP/src/app_data.o
                0x0000000000008a20                app_procProtocolMsg
 .text.app_readSysConfig
                0x00000000000093b8       0x20 APP/src/app_device.o
                0x00000000000093b8                app_readSysConfig
 .text.app_saveSysConfig
                0x00000000000093d8       0x1a APP/src/app_device.o
                0x00000000000093d8                app_saveSysConfig
 *fill*         0x00000000000093f2        0x2 
 .text.app_initDevice
                0x00000000000093f4      0x1b8 APP/src/app_device.o
                0x00000000000093f4                app_initDevice
 .text.getCrc16
                0x00000000000095ac       0x42 APP/src/app_protocol.o
 .text.app_packProtocolMsg
                0x00000000000095ee      0x158 APP/src/app_protocol.o
                0x00000000000095ee                app_packProtocolMsg
 .text.app_unpackProtocolMsg
                0x0000000000009746      0x340 APP/src/app_protocol.o
                0x0000000000009746                app_unpackProtocolMsg
 *fill*         0x0000000000009a86        0x2 
 .text.__NVIC_SystemReset
                0x0000000000009a88       0x28 APP/src/app_task.o
 .text.vApplicationIdleHook
                0x0000000000009ab0       0x38 APP/src/app_task.o
                0x0000000000009ab0                vApplicationIdleHook
 .text.app_mainTask
                0x0000000000009ae8      0x570 APP/src/app_task.o
                0x0000000000009ae8                app_mainTask
 .text.app_communicationTask
                0x000000000000a058       0x1c APP/src/app_task.o
                0x000000000000a058                app_communicationTask
 .text.app_driverTask
                0x000000000000a074       0x64 APP/src/app_task.o
                0x000000000000a074                app_driverTask
 .text.app_createAllTask
                0x000000000000a0d8       0x5c APP/src/app_task.o
                0x000000000000a0d8                app_createAllTask
 .text.main     0x000000000000a134       0x24 Core/Src/main.o
                0x000000000000a134                main
 .text.SystemClock_Config
                0x000000000000a158      0x104 Core/Src/main.o
                0x000000000000a158                SystemClock_Config
 .text.Error_Handler
                0x000000000000a25c        0xe Core/Src/main.o
                0x000000000000a25c                Error_Handler
 *fill*         0x000000000000a26a        0x2 
 .text.HAL_MspInit
                0x000000000000a26c       0x50 Core/Src/stm32f4xx_hal_msp.o
                0x000000000000a26c                HAL_MspInit
 .text.HAL_TIM_PWM_MspInit
                0x000000000000a2bc       0x98 Core/Src/stm32f4xx_hal_msp.o
                0x000000000000a2bc                HAL_TIM_PWM_MspInit
 .text.HAL_TIM_PWM_IO_MspInit
                0x000000000000a354      0x110 Core/Src/stm32f4xx_hal_msp.o
                0x000000000000a354                HAL_TIM_PWM_IO_MspInit
 .text.HAL_SPI_MspInit
                0x000000000000a464      0x178 Core/Src/stm32f4xx_hal_msp.o
                0x000000000000a464                HAL_SPI_MspInit
 .text.HAL_UART_MspInit
                0x000000000000a5dc      0x28c Core/Src/stm32f4xx_hal_msp.o
                0x000000000000a5dc                HAL_UART_MspInit
 .text._kill    0x000000000000a868       0x20 Core/Src/syscalls.o
                0x000000000000a868                _kill
 .text._exit    0x000000000000a888       0x14 Core/Src/syscalls.o
                0x000000000000a888                _exit
 .text._sbrk    0x000000000000a89c       0x6c Core/Src/sysmem.o
                0x000000000000a89c                _sbrk
 .text.drv_sendRS485_1_Data
                0x000000000000a908       0x44 DRV/src/drv_485.o
 .text.drv_sendRS485_2_Data
                0x000000000000a94c       0x44 DRV/src/drv_485.o
 .text.drv_initRS485
                0x000000000000a990       0xa8 DRV/src/drv_485.o
                0x000000000000a990                drv_initRS485
 .text.drv_pollRS485Events
                0x000000000000aa38       0x44 DRV/src/drv_485.o
                0x000000000000aa38                drv_pollRS485Events
 .text.drv_sendBLEData
                0x000000000000aa7c       0x20 DRV/src/drv_ble.o
 .text.drv_initBLE
                0x000000000000aa9c       0x48 DRV/src/drv_ble.o
                0x000000000000aa9c                drv_initBLE
 .text.drv_pollBLEEvents
                0x000000000000aae4       0x46 DRV/src/drv_ble.o
                0x000000000000aae4                drv_pollBLEEvents
 *fill*         0x000000000000ab2a        0x2 
 .text.drv_sendATCmd
                0x000000000000ab2c      0x124 DRV/src/drv_cat1.o
 .text.drv_sendData
                0x000000000000ac50       0x20 DRV/src/drv_cat1.o
 .text.drv_initCat1
                0x000000000000ac70       0x78 DRV/src/drv_cat1.o
                0x000000000000ac70                drv_initCat1
 .text.drv_pollSCat1Events
                0x000000000000ace8      0x62c DRV/src/drv_cat1.o
                0x000000000000ace8                drv_pollSCat1Events
 .text.drv_sendDebugData
                0x000000000000b314       0x20 DRV/src/drv_debug.o
 .text.drv_initDebug
                0x000000000000b334       0x44 DRV/src/drv_debug.o
                0x000000000000b334                drv_initDebug
 .text.drv_writeSysLED
                0x000000000000b378       0x28 DRV/src/drv_led.o
 .text.drv_writeNetLED
                0x000000000000b3a0       0x28 DRV/src/drv_led.o
 .text.drv_writeDataLED
                0x000000000000b3c8       0x28 DRV/src/drv_led.o
 .text.drv_readSysLED
                0x000000000000b3f0       0x28 DRV/src/drv_led.o
 .text.drv_readNetLED
                0x000000000000b418       0x2c DRV/src/drv_led.o
 .text.drv_readDataLED
                0x000000000000b444       0x2c DRV/src/drv_led.o
 .text.drv_initLED
                0x000000000000b470       0x98 DRV/src/drv_led.o
                0x000000000000b470                drv_initLED
 .text.drv_pollLEDEvent
                0x000000000000b508       0xaa DRV/src/drv_led.o
                0x000000000000b508                drv_pollLEDEvent
 .text.drv_writeData
                0x000000000000b5b2       0xae DRV/src/drv_mx25.o
 .text.drv_readData
                0x000000000000b660       0x94 DRV/src/drv_mx25.o
 .text.drv_initFlash
                0x000000000000b6f4       0x30 DRV/src/drv_mx25.o
                0x000000000000b6f4                drv_initFlash
 .text.Wait_Flash_WarmUp
                0x000000000000b724       0x28 DRV/src/drv_mx25.o
                0x000000000000b724                Wait_Flash_WarmUp
 .text.Initial_Spi
                0x000000000000b74c       0x2c DRV/src/drv_mx25.o
                0x000000000000b74c                Initial_Spi
 .text.CS_Low   0x000000000000b778       0x20 DRV/src/drv_mx25.o
                0x000000000000b778                CS_Low
 .text.CS_High  0x000000000000b798       0x20 DRV/src/drv_mx25.o
                0x000000000000b798                CS_High
 .text.SendByte
                0x000000000000b7b8       0x24 DRV/src/drv_mx25.o
                0x000000000000b7b8                SendByte
 .text.GetByte  0x000000000000b7dc       0x22 DRV/src/drv_mx25.o
                0x000000000000b7dc                GetByte
 .text.WaitFlashReady
                0x000000000000b7fe       0x34 DRV/src/drv_mx25.o
                0x000000000000b7fe                WaitFlashReady
 .text.IsFlashBusy
                0x000000000000b832       0x26 DRV/src/drv_mx25.o
                0x000000000000b832                IsFlashBusy
 .text.IsFlash4Byte
                0x000000000000b858       0x10 DRV/src/drv_mx25.o
                0x000000000000b858                IsFlash4Byte
 .text.SendFlashAddr
                0x000000000000b868       0x5c DRV/src/drv_mx25.o
                0x000000000000b868                SendFlashAddr
 .text.CMD_RDID
                0x000000000000b8c4       0x5a DRV/src/drv_mx25.o
                0x000000000000b8c4                CMD_RDID
 .text.CMD_RDSR
                0x000000000000b91e       0x32 DRV/src/drv_mx25.o
                0x000000000000b91e                CMD_RDSR
 .text.CMD_READ
                0x000000000000b950       0x76 DRV/src/drv_mx25.o
                0x000000000000b950                CMD_READ
 .text.CMD_WREN
                0x000000000000b9c6       0x1a DRV/src/drv_mx25.o
                0x000000000000b9c6                CMD_WREN
 .text.CMD_PP   0x000000000000b9e0       0x9c DRV/src/drv_mx25.o
                0x000000000000b9e0                CMD_PP
 .text.CMD_SE   0x000000000000ba7c       0x74 DRV/src/drv_mx25.o
                0x000000000000ba7c                CMD_SE
 .text.drv_setPWM2IV
                0x000000000000baf0       0x2c DRV/src/drv_pwm2iv.o
 .text.drv_initPWM2IV
                0x000000000000bb1c       0x40 DRV/src/drv_pwm2iv.o
                0x000000000000bb1c                drv_initPWM2IV
 .text.drv_switchReceiveMode
                0x000000000000bb5c        0xe DRV/src/drv_sx1278.o
 .text.drv_sendLoRaData
                0x000000000000bb6a       0x1e DRV/src/drv_sx1278.o
 .text.drv_setLoRaResetLevel
                0x000000000000bb88       0x34 DRV/src/drv_sx1278.o
 .text.drv_getDIO0Level
                0x000000000000bbbc       0x30 DRV/src/drv_sx1278.o
 .text.drv_setLoRaNSSLevel
                0x000000000000bbec       0x34 DRV/src/drv_sx1278.o
 .text.drv_initSX1278
                0x000000000000bc20       0xe8 DRV/src/drv_sx1278.o
                0x000000000000bc20                drv_initSX1278
 .text.drv_pollLoRaEvents
                0x000000000000bd08       0x68 DRV/src/drv_sx1278.o
                0x000000000000bd08                drv_pollLoRaEvents
 .text.HAL_Init
                0x000000000000bd70       0x44 Drivers/STM32F4xx_HAL_Driver/Src/stm32f4xx_hal.o
                0x000000000000bd70                HAL_Init
 .text.HAL_InitTick
                0x000000000000bdb4       0x60 Drivers/STM32F4xx_HAL_Driver/Src/stm32f4xx_hal.o
                0x000000000000bdb4                HAL_InitTick
 .text.HAL_GetTick
                0x000000000000be14       0x18 Drivers/STM32F4xx_HAL_Driver/Src/stm32f4xx_hal.o
                0x000000000000be14                HAL_GetTick
 .text.HAL_Delay
                0x000000000000be2c       0x44 Drivers/STM32F4xx_HAL_Driver/Src/stm32f4xx_hal.o
                0x000000000000be2c                HAL_Delay
 .text.HAL_GetUIDw0
                0x000000000000be70       0x18 Drivers/STM32F4xx_HAL_Driver/Src/stm32f4xx_hal.o
                0x000000000000be70                HAL_GetUIDw0
 .text.HAL_GetUIDw1
                0x000000000000be88       0x18 Drivers/STM32F4xx_HAL_Driver/Src/stm32f4xx_hal.o
                0x000000000000be88                HAL_GetUIDw1
 .text.__NVIC_SetPriorityGrouping
                0x000000000000bea0       0x48 Drivers/STM32F4xx_HAL_Driver/Src/stm32f4xx_hal_cortex.o
 .text.__NVIC_GetPriorityGrouping
                0x000000000000bee8       0x1c Drivers/STM32F4xx_HAL_Driver/Src/stm32f4xx_hal_cortex.o
 .text.__NVIC_EnableIRQ
                0x000000000000bf04       0x3c Drivers/STM32F4xx_HAL_Driver/Src/stm32f4xx_hal_cortex.o
 .text.__NVIC_SetPriority
                0x000000000000bf40       0x54 Drivers/STM32F4xx_HAL_Driver/Src/stm32f4xx_hal_cortex.o
 .text.NVIC_EncodePriority
                0x000000000000bf94       0x66 Drivers/STM32F4xx_HAL_Driver/Src/stm32f4xx_hal_cortex.o
 *fill*         0x000000000000bffa        0x2 
 .text.__NVIC_SystemReset
                0x000000000000bffc       0x28 Drivers/STM32F4xx_HAL_Driver/Src/stm32f4xx_hal_cortex.o
 .text.SysTick_Config
                0x000000000000c024       0x44 Drivers/STM32F4xx_HAL_Driver/Src/stm32f4xx_hal_cortex.o
 .text.HAL_NVIC_SetPriorityGrouping
                0x000000000000c068       0x16 Drivers/STM32F4xx_HAL_Driver/Src/stm32f4xx_hal_cortex.o
                0x000000000000c068                HAL_NVIC_SetPriorityGrouping
 .text.HAL_NVIC_SetPriority
                0x000000000000c07e       0x38 Drivers/STM32F4xx_HAL_Driver/Src/stm32f4xx_hal_cortex.o
                0x000000000000c07e                HAL_NVIC_SetPriority
 .text.HAL_NVIC_EnableIRQ
                0x000000000000c0b6       0x1c Drivers/STM32F4xx_HAL_Driver/Src/stm32f4xx_hal_cortex.o
                0x000000000000c0b6                HAL_NVIC_EnableIRQ
 .text.HAL_NVIC_SystemReset
                0x000000000000c0d2        0x8 Drivers/STM32F4xx_HAL_Driver/Src/stm32f4xx_hal_cortex.o
                0x000000000000c0d2                HAL_NVIC_SystemReset
 .text.HAL_SYSTICK_Config
                0x000000000000c0da       0x18 Drivers/STM32F4xx_HAL_Driver/Src/stm32f4xx_hal_cortex.o
                0x000000000000c0da                HAL_SYSTICK_Config
 *fill*         0x000000000000c0f2        0x2 
 .text.HAL_FLASH_Program
                0x000000000000c0f4       0xa8 Drivers/STM32F4xx_HAL_Driver/Src/stm32f4xx_hal_flash.o
                0x000000000000c0f4                HAL_FLASH_Program
 .text.HAL_FLASH_Unlock
                0x000000000000c19c       0x44 Drivers/STM32F4xx_HAL_Driver/Src/stm32f4xx_hal_flash.o
                0x000000000000c19c                HAL_FLASH_Unlock
 .text.HAL_FLASH_Lock
                0x000000000000c1e0       0x20 Drivers/STM32F4xx_HAL_Driver/Src/stm32f4xx_hal_flash.o
                0x000000000000c1e0                HAL_FLASH_Lock
 .text.FLASH_WaitForLastOperation
                0x000000000000c200       0x80 Drivers/STM32F4xx_HAL_Driver/Src/stm32f4xx_hal_flash.o
                0x000000000000c200                FLASH_WaitForLastOperation
 .text.FLASH_Program_DoubleWord
                0x000000000000c280       0x60 Drivers/STM32F4xx_HAL_Driver/Src/stm32f4xx_hal_flash.o
 .text.FLASH_Program_Word
                0x000000000000c2e0       0x44 Drivers/STM32F4xx_HAL_Driver/Src/stm32f4xx_hal_flash.o
 .text.FLASH_Program_HalfWord
                0x000000000000c324       0x48 Drivers/STM32F4xx_HAL_Driver/Src/stm32f4xx_hal_flash.o
 .text.FLASH_Program_Byte
                0x000000000000c36c       0x44 Drivers/STM32F4xx_HAL_Driver/Src/stm32f4xx_hal_flash.o
 .text.FLASH_SetErrorCode
                0x000000000000c3b0       0xac Drivers/STM32F4xx_HAL_Driver/Src/stm32f4xx_hal_flash.o
 .text.HAL_GPIO_Init
                0x000000000000c45c      0x334 Drivers/STM32F4xx_HAL_Driver/Src/stm32f4xx_hal_gpio.o
                0x000000000000c45c                HAL_GPIO_Init
 .text.HAL_GPIO_ReadPin
                0x000000000000c790       0x30 Drivers/STM32F4xx_HAL_Driver/Src/stm32f4xx_hal_gpio.o
                0x000000000000c790                HAL_GPIO_ReadPin
 .text.HAL_GPIO_WritePin
                0x000000000000c7c0       0x32 Drivers/STM32F4xx_HAL_Driver/Src/stm32f4xx_hal_gpio.o
                0x000000000000c7c0                HAL_GPIO_WritePin
 .text.HAL_IWDG_Init
                0x000000000000c7f2       0x72 Drivers/STM32F4xx_HAL_Driver/Src/stm32f4xx_hal_iwdg.o
                0x000000000000c7f2                HAL_IWDG_Init
 .text.HAL_IWDG_Refresh
                0x000000000000c864       0x20 Drivers/STM32F4xx_HAL_Driver/Src/stm32f4xx_hal_iwdg.o
                0x000000000000c864                HAL_IWDG_Refresh
 .text.HAL_RCC_OscConfig
                0x000000000000c884      0x4e0 Drivers/STM32F4xx_HAL_Driver/Src/stm32f4xx_hal_rcc.o
                0x000000000000c884                HAL_RCC_OscConfig
 .text.HAL_RCC_ClockConfig
                0x000000000000cd64      0x1cc Drivers/STM32F4xx_HAL_Driver/Src/stm32f4xx_hal_rcc.o
                0x000000000000cd64                HAL_RCC_ClockConfig
 .text.HAL_RCC_GetSysClockFreq
                0x000000000000cf30      0x1b0 Drivers/STM32F4xx_HAL_Driver/Src/stm32f4xx_hal_rcc.o
                0x000000000000cf30                HAL_RCC_GetSysClockFreq
 .text.HAL_RCC_GetHCLKFreq
                0x000000000000d0e0       0x18 Drivers/STM32F4xx_HAL_Driver/Src/stm32f4xx_hal_rcc.o
                0x000000000000d0e0                HAL_RCC_GetHCLKFreq
 .text.HAL_RCC_GetPCLK1Freq
                0x000000000000d0f8       0x28 Drivers/STM32F4xx_HAL_Driver/Src/stm32f4xx_hal_rcc.o
                0x000000000000d0f8                HAL_RCC_GetPCLK1Freq
 .text.HAL_RCC_GetPCLK2Freq
                0x000000000000d120       0x28 Drivers/STM32F4xx_HAL_Driver/Src/stm32f4xx_hal_rcc.o
                0x000000000000d120                HAL_RCC_GetPCLK2Freq
 .text.HAL_RCCEx_PeriphCLKConfig
                0x000000000000d148      0x1c4 Drivers/STM32F4xx_HAL_Driver/Src/stm32f4xx_hal_rcc_ex.o
                0x000000000000d148                HAL_RCCEx_PeriphCLKConfig
 .text.HAL_SPI_Init
                0x000000000000d30c       0xc8 Drivers/STM32F4xx_HAL_Driver/Src/stm32f4xx_hal_spi.o
                0x000000000000d30c                HAL_SPI_Init
 .text.HAL_SPI_Transmit
                0x000000000000d3d4      0x268 Drivers/STM32F4xx_HAL_Driver/Src/stm32f4xx_hal_spi.o
                0x000000000000d3d4                HAL_SPI_Transmit
 .text.HAL_SPI_Receive
                0x000000000000d63c      0x212 Drivers/STM32F4xx_HAL_Driver/Src/stm32f4xx_hal_spi.o
                0x000000000000d63c                HAL_SPI_Receive
 .text.HAL_SPI_TransmitReceive
                0x000000000000d84e      0x344 Drivers/STM32F4xx_HAL_Driver/Src/stm32f4xx_hal_spi.o
                0x000000000000d84e                HAL_SPI_TransmitReceive
 .text.SPI_WaitFlagStateUntilTimeout
                0x000000000000db92       0xd4 Drivers/STM32F4xx_HAL_Driver/Src/stm32f4xx_hal_spi.o
 .text.SPI_EndRxTransaction
                0x000000000000dc66       0xca Drivers/STM32F4xx_HAL_Driver/Src/stm32f4xx_hal_spi.o
 .text.SPI_EndRxTxTransaction
                0x000000000000dd30       0x84 Drivers/STM32F4xx_HAL_Driver/Src/stm32f4xx_hal_spi.o
 .text.HAL_TIM_PWM_Init
                0x000000000000ddb4       0x56 Drivers/STM32F4xx_HAL_Driver/Src/stm32f4xx_hal_tim.o
                0x000000000000ddb4                HAL_TIM_PWM_Init
 *fill*         0x000000000000de0a        0x2 
 .text.HAL_TIM_PWM_Start
                0x000000000000de0c       0x7c Drivers/STM32F4xx_HAL_Driver/Src/stm32f4xx_hal_tim.o
                0x000000000000de0c                HAL_TIM_PWM_Start
 .text.HAL_TIM_OC_ConfigChannel
                0x000000000000de88       0xc0 Drivers/STM32F4xx_HAL_Driver/Src/stm32f4xx_hal_tim.o
                0x000000000000de88                HAL_TIM_OC_ConfigChannel
 .text.TIM_Base_SetConfig
                0x000000000000df48      0x140 Drivers/STM32F4xx_HAL_Driver/Src/stm32f4xx_hal_tim.o
                0x000000000000df48                TIM_Base_SetConfig
 .text.TIM_OC1_SetConfig
                0x000000000000e088       0xe0 Drivers/STM32F4xx_HAL_Driver/Src/stm32f4xx_hal_tim.o
 .text.TIM_OC2_SetConfig
                0x000000000000e168       0xec Drivers/STM32F4xx_HAL_Driver/Src/stm32f4xx_hal_tim.o
                0x000000000000e168                TIM_OC2_SetConfig
 .text.TIM_OC3_SetConfig
                0x000000000000e254       0xe8 Drivers/STM32F4xx_HAL_Driver/Src/stm32f4xx_hal_tim.o
 .text.TIM_OC4_SetConfig
                0x000000000000e33c       0xac Drivers/STM32F4xx_HAL_Driver/Src/stm32f4xx_hal_tim.o
 .text.TIM_CCxChannelCmd
                0x000000000000e3e8       0x4a Drivers/STM32F4xx_HAL_Driver/Src/stm32f4xx_hal_tim.o
                0x000000000000e3e8                TIM_CCxChannelCmd
 .text.HAL_UART_Init
                0x000000000000e432       0x9a Drivers/STM32F4xx_HAL_Driver/Src/stm32f4xx_hal_uart.o
                0x000000000000e432                HAL_UART_Init
 .text.HAL_UART_Transmit
                0x000000000000e4cc      0x132 Drivers/STM32F4xx_HAL_Driver/Src/stm32f4xx_hal_uart.o
                0x000000000000e4cc                HAL_UART_Transmit
 .text.UART_WaitOnFlagUntilTimeout
                0x000000000000e5fe       0x94 Drivers/STM32F4xx_HAL_Driver/Src/stm32f4xx_hal_uart.o
 *fill*         0x000000000000e692        0x2 
 .text.UART_SetConfig
                0x000000000000e694      0x6f8 Drivers/STM32F4xx_HAL_Driver/Src/stm32f4xx_hal_uart.o
 .text.hal_programFlash
                0x000000000000ed8c       0x78 HAL/src/hal_flash.o
                0x000000000000ed8c                hal_programFlash
 .text.hal_readFlash
                0x000000000000ee04       0x48 HAL/src/hal_flash.o
                0x000000000000ee04                hal_readFlash
 .text.hal_initGPIO
                0x000000000000ee4c      0x170 HAL/src/hal_gpio.o
                0x000000000000ee4c                hal_initGPIO
 .text.hal_setGPIOLevel
                0x000000000000efbc       0x26 HAL/src/hal_gpio.o
                0x000000000000efbc                hal_setGPIOLevel
 .text.hal_getGPIOLevel
                0x000000000000efe2       0x28 HAL/src/hal_gpio.o
                0x000000000000efe2                hal_getGPIOLevel
 *fill*         0x000000000000f00a        0x2 
 .text.hal_initSPI
                0x000000000000f00c       0xf0 HAL/src/hal_spi.o
                0x000000000000f00c                hal_initSPI
 .text.hal_sendSPIBytes
                0x000000000000f0fc       0x64 HAL/src/hal_spi.o
                0x000000000000f0fc                hal_sendSPIBytes
 .text.hal_readSPIBytes
                0x000000000000f160       0x64 HAL/src/hal_spi.o
                0x000000000000f160                hal_readSPIBytes
 .text.hal_initTimer
                0x000000000000f1c4      0x278 HAL/src/hal_timer.o
                0x000000000000f1c4                hal_initTimer
 .text.hal_setPulse
                0x000000000000f43c      0x154 HAL/src/hal_timer.o
                0x000000000000f43c                hal_setPulse
 .text.hal_initUART
                0x000000000000f590      0x248 HAL/src/hal_uart.o
                0x000000000000f590                hal_initUART
 .text.hal_sendUARTBytes
                0x000000000000f7d8       0xb4 HAL/src/hal_uart.o
                0x000000000000f7d8                hal_sendUARTBytes
 .text.hal_initWdg
                0x000000000000f88c       0x34 HAL/src/hal_wdg.o
                0x000000000000f88c                hal_initWdg
 .text.hal_feedWdg
                0x000000000000f8c0       0x14 HAL/src/hal_wdg.o
                0x000000000000f8c0                hal_feedWdg
 .text.SVC_Setup
                0x000000000000f8d4        0xe Middlewares/Third_Party/FreeRTOS/Source/CMSIS_RTOS_V2/cmsis_os2.o
 *fill*         0x000000000000f8e2        0x2 
 .text.osKernelInitialize
                0x000000000000f8e4       0x68 Middlewares/Third_Party/FreeRTOS/Source/CMSIS_RTOS_V2/cmsis_os2.o
                0x000000000000f8e4                osKernelInitialize
 .text.osKernelStart
                0x000000000000f94c       0x6c Middlewares/Third_Party/FreeRTOS/Source/CMSIS_RTOS_V2/cmsis_os2.o
                0x000000000000f94c                osKernelStart
 .text.osKernelGetTickCount
                0x000000000000f9b8       0x50 Middlewares/Third_Party/FreeRTOS/Source/CMSIS_RTOS_V2/cmsis_os2.o
                0x000000000000f9b8                osKernelGetTickCount
 .text.osThreadNew
                0x000000000000fa08      0x14c Middlewares/Third_Party/FreeRTOS/Source/CMSIS_RTOS_V2/cmsis_os2.o
                0x000000000000fa08                osThreadNew
 .text.osThreadGetStackSpace
                0x000000000000fb54       0x5c Middlewares/Third_Party/FreeRTOS/Source/CMSIS_RTOS_V2/cmsis_os2.o
                0x000000000000fb54                osThreadGetStackSpace
 .text.osDelay  0x000000000000fbb0       0x5c Middlewares/Third_Party/FreeRTOS/Source/CMSIS_RTOS_V2/cmsis_os2.o
                0x000000000000fbb0                osDelay
 .text.vApplicationGetIdleTaskMemory
                0x000000000000fc0c       0x34 Middlewares/Third_Party/FreeRTOS/Source/CMSIS_RTOS_V2/cmsis_os2.o
                0x000000000000fc0c                vApplicationGetIdleTaskMemory
 .text.vApplicationGetTimerTaskMemory
                0x000000000000fc40       0x34 Middlewares/Third_Party/FreeRTOS/Source/CMSIS_RTOS_V2/cmsis_os2.o
                0x000000000000fc40                vApplicationGetTimerTaskMemory
 .text.vListInitialise
                0x000000000000fc74       0x40 Middlewares/Third_Party/FreeRTOS/Source/list.o
                0x000000000000fc74                vListInitialise
 .text.vListInitialiseItem
                0x000000000000fcb4       0x1a Middlewares/Third_Party/FreeRTOS/Source/list.o
                0x000000000000fcb4                vListInitialiseItem
 .text.vListInsertEnd
                0x000000000000fcce       0x48 Middlewares/Third_Party/FreeRTOS/Source/list.o
                0x000000000000fcce                vListInsertEnd
 .text.vListInsert
                0x000000000000fd16       0x72 Middlewares/Third_Party/FreeRTOS/Source/list.o
                0x000000000000fd16                vListInsert
 .text.uxListRemove
                0x000000000000fd88       0x54 Middlewares/Third_Party/FreeRTOS/Source/list.o
                0x000000000000fd88                uxListRemove
 .text.xQueueGenericReset
                0x000000000000fddc       0xd0 Middlewares/Third_Party/FreeRTOS/Source/queue.o
                0x000000000000fddc                xQueueGenericReset
 .text.xQueueGenericCreateStatic
                0x000000000000feac       0xe6 Middlewares/Third_Party/FreeRTOS/Source/queue.o
                0x000000000000feac                xQueueGenericCreateStatic
 .text.prvInitialiseNewQueue
                0x000000000000ff92       0x46 Middlewares/Third_Party/FreeRTOS/Source/queue.o
 .text.xQueueGenericSend
                0x000000000000ffd8      0x1f4 Middlewares/Third_Party/FreeRTOS/Source/queue.o
                0x000000000000ffd8                xQueueGenericSend
 .text.xQueueGenericSendFromISR
                0x00000000000101cc      0x128 Middlewares/Third_Party/FreeRTOS/Source/queue.o
                0x00000000000101cc                xQueueGenericSendFromISR
 .text.xQueueReceive
                0x00000000000102f4      0x1b8 Middlewares/Third_Party/FreeRTOS/Source/queue.o
                0x00000000000102f4                xQueueReceive
 .text.prvCopyDataToQueue
                0x00000000000104ac       0xd4 Middlewares/Third_Party/FreeRTOS/Source/queue.o
 .text.prvCopyDataFromQueue
                0x0000000000010580       0x4c Middlewares/Third_Party/FreeRTOS/Source/queue.o
 .text.prvUnlockQueue
                0x00000000000105cc       0xa4 Middlewares/Third_Party/FreeRTOS/Source/queue.o
 .text.prvIsQueueEmpty
                0x0000000000010670       0x2c Middlewares/Third_Party/FreeRTOS/Source/queue.o
 .text.prvIsQueueFull
                0x000000000001069c       0x30 Middlewares/Third_Party/FreeRTOS/Source/queue.o
 .text.vQueueAddToRegistry
                0x00000000000106cc       0x50 Middlewares/Third_Party/FreeRTOS/Source/queue.o
                0x00000000000106cc                vQueueAddToRegistry
 .text.vQueueWaitForMessageRestricted
                0x000000000001071c       0x68 Middlewares/Third_Party/FreeRTOS/Source/queue.o
                0x000000000001071c                vQueueWaitForMessageRestricted
 .text.xTaskCreateStatic
                0x0000000000010784       0xb4 Middlewares/Third_Party/FreeRTOS/Source/tasks.o
                0x0000000000010784                xTaskCreateStatic
 .text.xTaskCreate
                0x0000000000010838       0x8a Middlewares/Third_Party/FreeRTOS/Source/tasks.o
                0x0000000000010838                xTaskCreate
 .text.prvInitialiseNewTask
                0x00000000000108c2      0x11c Middlewares/Third_Party/FreeRTOS/Source/tasks.o
 *fill*         0x00000000000109de        0x2 
 .text.prvAddNewTaskToReadyList
                0x00000000000109e0       0xe0 Middlewares/Third_Party/FreeRTOS/Source/tasks.o
 .text.vTaskDelay
                0x0000000000010ac0       0x68 Middlewares/Third_Party/FreeRTOS/Source/tasks.o
                0x0000000000010ac0                vTaskDelay
 .text.vTaskStartScheduler
                0x0000000000010b28       0xc8 Middlewares/Third_Party/FreeRTOS/Source/tasks.o
                0x0000000000010b28                vTaskStartScheduler
 .text.vTaskSuspendAll
                0x0000000000010bf0       0x1c Middlewares/Third_Party/FreeRTOS/Source/tasks.o
                0x0000000000010bf0                vTaskSuspendAll
 .text.xTaskResumeAll
                0x0000000000010c0c      0x138 Middlewares/Third_Party/FreeRTOS/Source/tasks.o
                0x0000000000010c0c                xTaskResumeAll
 .text.xTaskGetTickCount
                0x0000000000010d44       0x20 Middlewares/Third_Party/FreeRTOS/Source/tasks.o
                0x0000000000010d44                xTaskGetTickCount
 .text.xTaskGetTickCountFromISR
                0x0000000000010d64       0x24 Middlewares/Third_Party/FreeRTOS/Source/tasks.o
                0x0000000000010d64                xTaskGetTickCountFromISR
 .text.xTaskIncrementTick
                0x0000000000010d88      0x170 Middlewares/Third_Party/FreeRTOS/Source/tasks.o
                0x0000000000010d88                xTaskIncrementTick
 .text.vTaskSwitchContext
                0x0000000000010ef8       0xb8 Middlewares/Third_Party/FreeRTOS/Source/tasks.o
                0x0000000000010ef8                vTaskSwitchContext
 .text.vTaskPlaceOnEventList
                0x0000000000010fb0       0x48 Middlewares/Third_Party/FreeRTOS/Source/tasks.o
                0x0000000000010fb0                vTaskPlaceOnEventList
 .text.vTaskPlaceOnEventListRestricted
                0x0000000000010ff8       0x54 Middlewares/Third_Party/FreeRTOS/Source/tasks.o
                0x0000000000010ff8                vTaskPlaceOnEventListRestricted
 .text.xTaskRemoveFromEventList
                0x000000000001104c       0xc4 Middlewares/Third_Party/FreeRTOS/Source/tasks.o
                0x000000000001104c                xTaskRemoveFromEventList
 .text.vTaskInternalSetTimeOutState
                0x0000000000011110       0x2c Middlewares/Third_Party/FreeRTOS/Source/tasks.o
                0x0000000000011110                vTaskInternalSetTimeOutState
 .text.xTaskCheckForTimeOut
                0x000000000001113c       0xc0 Middlewares/Third_Party/FreeRTOS/Source/tasks.o
                0x000000000001113c                xTaskCheckForTimeOut
 .text.vTaskMissedYield
                0x00000000000111fc       0x18 Middlewares/Third_Party/FreeRTOS/Source/tasks.o
                0x00000000000111fc                vTaskMissedYield
 .text.prvIdleTask
                0x0000000000011214       0x34 Middlewares/Third_Party/FreeRTOS/Source/tasks.o
 .text.prvInitialiseTaskLists
                0x0000000000011248       0x80 Middlewares/Third_Party/FreeRTOS/Source/tasks.o
 .text.prvCheckTasksWaitingTermination
                0x00000000000112c8       0x58 Middlewares/Third_Party/FreeRTOS/Source/tasks.o
 .text.prvTaskCheckFreeStackSpace
                0x0000000000011320       0x38 Middlewares/Third_Party/FreeRTOS/Source/tasks.o
 .text.uxTaskGetStackHighWaterMark
                0x0000000000011358       0x38 Middlewares/Third_Party/FreeRTOS/Source/tasks.o
                0x0000000000011358                uxTaskGetStackHighWaterMark
 .text.prvDeleteTCB
                0x0000000000011390       0x5c Middlewares/Third_Party/FreeRTOS/Source/tasks.o
 .text.prvResetNextTaskUnblockTime
                0x00000000000113ec       0x40 Middlewares/Third_Party/FreeRTOS/Source/tasks.o
 .text.xTaskGetSchedulerState
                0x000000000001142c       0x3c Middlewares/Third_Party/FreeRTOS/Source/tasks.o
                0x000000000001142c                xTaskGetSchedulerState
 .text.xTaskPriorityDisinherit
                0x0000000000011468       0xd8 Middlewares/Third_Party/FreeRTOS/Source/tasks.o
                0x0000000000011468                xTaskPriorityDisinherit
 .text.prvAddCurrentTaskToDelayedList
                0x0000000000011540       0xa8 Middlewares/Third_Party/FreeRTOS/Source/tasks.o
 .text.xTimerCreateTimerTask
                0x00000000000115e8       0x90 Middlewares/Third_Party/FreeRTOS/Source/timers.o
                0x00000000000115e8                xTimerCreateTimerTask
 .text.xTimerGenericCommand
                0x0000000000011678       0x98 Middlewares/Third_Party/FreeRTOS/Source/timers.o
                0x0000000000011678                xTimerGenericCommand
 .text.prvProcessExpiredTimer
                0x0000000000011710       0x98 Middlewares/Third_Party/FreeRTOS/Source/timers.o
 .text.prvTimerTask
                0x00000000000117a8       0x24 Middlewares/Third_Party/FreeRTOS/Source/timers.o
 .text.prvProcessTimerOrBlockTask
                0x00000000000117cc       0x9c Middlewares/Third_Party/FreeRTOS/Source/timers.o
 .text.prvGetNextExpireTime
                0x0000000000011868       0x48 Middlewares/Third_Party/FreeRTOS/Source/timers.o
 .text.prvSampleTimeNow
                0x00000000000118b0       0x40 Middlewares/Third_Party/FreeRTOS/Source/timers.o
 .text.prvInsertTimerInActiveList
                0x00000000000118f0       0x84 Middlewares/Third_Party/FreeRTOS/Source/timers.o
 .text.prvProcessReceivedCommands
                0x0000000000011974      0x1b8 Middlewares/Third_Party/FreeRTOS/Source/timers.o
 .text.prvSwitchTimerLists
                0x0000000000011b2c       0xc8 Middlewares/Third_Party/FreeRTOS/Source/timers.o
 .text.prvCheckForValidListAndQueue
                0x0000000000011bf4       0x80 Middlewares/Third_Party/FreeRTOS/Source/timers.o
 .text.pxPortInitialiseStack
                0x0000000000011c74       0x68 Middlewares/Third_Party/FreeRTOS/Source/portable/GCC/ARM_CM4F/port.o
                0x0000000000011c74                pxPortInitialiseStack
 .text.prvTaskExitError
                0x0000000000011cdc       0x54 Middlewares/Third_Party/FreeRTOS/Source/portable/GCC/ARM_CM4F/port.o
 .text.prvPortStartFirstTask
                0x0000000000011d30       0x28 Middlewares/Third_Party/FreeRTOS/Source/portable/GCC/ARM_CM4F/port.o
 .text.xPortStartScheduler
                0x0000000000011d58      0x13c Middlewares/Third_Party/FreeRTOS/Source/portable/GCC/ARM_CM4F/port.o
                0x0000000000011d58                xPortStartScheduler
 .text.vPortEnterCritical
                0x0000000000011e94       0x5c Middlewares/Third_Party/FreeRTOS/Source/portable/GCC/ARM_CM4F/port.o
                0x0000000000011e94                vPortEnterCritical
 .text.vPortExitCritical
                0x0000000000011ef0       0x50 Middlewares/Third_Party/FreeRTOS/Source/portable/GCC/ARM_CM4F/port.o
                0x0000000000011ef0                vPortExitCritical
 .text.vPortSetupTimerInterrupt
                0x0000000000011f40       0x48 Middlewares/Third_Party/FreeRTOS/Source/portable/GCC/ARM_CM4F/port.o
                0x0000000000011f40                vPortSetupTimerInterrupt
 .text.vPortEnableVFP
                0x0000000000011f88       0x14 Middlewares/Third_Party/FreeRTOS/Source/portable/GCC/ARM_CM4F/port.o
 .text.vPortValidateInterruptPriority
                0x0000000000011f9c       0x7c Middlewares/Third_Party/FreeRTOS/Source/portable/GCC/ARM_CM4F/port.o
                0x0000000000011f9c                vPortValidateInterruptPriority
 .text.pvPortMalloc
                0x0000000000012018      0x184 Middlewares/Third_Party/FreeRTOS/Source/portable/MemMang/heap_4.o
                0x0000000000012018                pvPortMalloc
 .text.vPortFree
                0x000000000001219c       0xb0 Middlewares/Third_Party/FreeRTOS/Source/portable/MemMang/heap_4.o
                0x000000000001219c                vPortFree
 .text.prvHeapInit
                0x000000000001224c       0xc4 Middlewares/Third_Party/FreeRTOS/Source/portable/MemMang/heap_4.o
 .text.prvInsertBlockIntoFreeList
                0x0000000000012310       0xb4 Middlewares/Third_Party/FreeRTOS/Source/portable/MemMang/heap_4.o
 .text.SX1276SetReset
                0x00000000000123c4       0x28 SX127xLib/sx1276-Hal.o
                0x00000000000123c4                SX1276SetReset
 .text.SX1276Write
                0x00000000000123ec       0x24 SX127xLib/sx1276-Hal.o
                0x00000000000123ec                SX1276Write
 .text.SX1276Read
                0x0000000000012410       0x20 SX127xLib/sx1276-Hal.o
                0x0000000000012410                SX1276Read
 .text.SX1276WriteBuffer
                0x0000000000012430       0x70 SX127xLib/sx1276-Hal.o
                0x0000000000012430                SX1276WriteBuffer
 .text.SX1276ReadBuffer
                0x00000000000124a0       0x70 SX127xLib/sx1276-Hal.o
                0x00000000000124a0                SX1276ReadBuffer
 .text.SX1276WriteFifo
                0x0000000000012510       0x20 SX127xLib/sx1276-Hal.o
                0x0000000000012510                SX1276WriteFifo
 .text.SX1276ReadFifo
                0x0000000000012530       0x20 SX127xLib/sx1276-Hal.o
                0x0000000000012530                SX1276ReadFifo
 .text.SX1276ReadDio0
                0x0000000000012550       0x28 SX127xLib/sx1276-Hal.o
                0x0000000000012550                SX1276ReadDio0
 .text.SX1276ReadDio2
                0x0000000000012578       0x10 SX127xLib/sx1276-Hal.o
                0x0000000000012578                SX1276ReadDio2
 .text.SX1276ReadDio3
                0x0000000000012588       0x10 SX127xLib/sx1276-Hal.o
                0x0000000000012588                SX1276ReadDio3
 .text.SX1276ReadDio4
                0x0000000000012598       0x10 SX127xLib/sx1276-Hal.o
                0x0000000000012598                SX1276ReadDio4
 .text.SX1276WriteRxTx
                0x00000000000125a8       0x16 SX127xLib/sx1276-Hal.o
                0x00000000000125a8                SX1276WriteRxTx
 *fill*         0x00000000000125be        0x2 
 .text.SX1276LoRaInit
                0x00000000000125c0      0x110 SX127xLib/sx1276-LoRa.o
                0x00000000000125c0                SX1276LoRaInit
 .text.SX1276LoRaSetDefaults
                0x00000000000126d0       0x20 SX127xLib/sx1276-LoRa.o
                0x00000000000126d0                SX1276LoRaSetDefaults
 .text.SX1276LoRaSetOpMode
                0x00000000000126f0       0xa8 SX127xLib/sx1276-LoRa.o
                0x00000000000126f0                SX1276LoRaSetOpMode
 .text.SX1276LoRaReadRxGain
                0x0000000000012798       0x2c SX127xLib/sx1276-LoRa.o
                0x0000000000012798                SX1276LoRaReadRxGain
 .text.SX1276LoRaGetRxPacket
                0x00000000000127c4       0x54 SX127xLib/sx1276-LoRa.o
                0x00000000000127c4                SX1276LoRaGetRxPacket
 .text.SX1276LoRaSetTxPacket
                0x0000000000012818       0x3c SX127xLib/sx1276-LoRa.o
                0x0000000000012818                SX1276LoRaSetTxPacket
 .text.SX1276LoRaSetRFState
                0x0000000000012854       0x24 SX127xLib/sx1276-LoRa.o
                0x0000000000012854                SX1276LoRaSetRFState
 .text.SX1276LoRaProcess
                0x0000000000012878      0x8fc SX127xLib/sx1276-LoRa.o
                0x0000000000012878                SX1276LoRaProcess
 *fill*         0x0000000000013174        0x4 
 .text.SX1276LoRaSetRFFrequency
                0x0000000000013178       0x8c SX127xLib/sx1276-LoRaMisc.o
                0x0000000000013178                SX1276LoRaSetRFFrequency
 .text.SX1276LoRaSetRFPower
                0x0000000000013204      0x1a4 SX127xLib/sx1276-LoRaMisc.o
                0x0000000000013204                SX1276LoRaSetRFPower
 .text.SX1276LoRaSetSignalBandwidth
                0x00000000000133a8       0x6c SX127xLib/sx1276-LoRaMisc.o
                0x00000000000133a8                SX1276LoRaSetSignalBandwidth
 .text.SX1276LoRaSetSpreadingFactor
                0x0000000000013414       0x94 SX127xLib/sx1276-LoRaMisc.o
                0x0000000000013414                SX1276LoRaSetSpreadingFactor
 .text.SX1276LoRaSetErrorCoding
                0x00000000000134a8       0x6c SX127xLib/sx1276-LoRaMisc.o
                0x00000000000134a8                SX1276LoRaSetErrorCoding
 .text.SX1276LoRaSetPacketCrcOn
                0x0000000000013514       0x6c SX127xLib/sx1276-LoRaMisc.o
                0x0000000000013514                SX1276LoRaSetPacketCrcOn
 .text.SX1276LoRaSetPreambleLength
                0x0000000000013580       0x64 SX127xLib/sx1276-LoRaMisc.o
                0x0000000000013580                SX1276LoRaSetPreambleLength
 .text.SX1276LoRaSetImplicitHeaderOn
                0x00000000000135e4       0x6c SX127xLib/sx1276-LoRaMisc.o
                0x00000000000135e4                SX1276LoRaSetImplicitHeaderOn
 .text.SX1276LoRaSetPayloadLength
                0x0000000000013650       0x44 SX127xLib/sx1276-LoRaMisc.o
                0x0000000000013650                SX1276LoRaSetPayloadLength
 .text.SX1276LoRaSetPa20dBm
                0x0000000000013694       0x84 SX127xLib/sx1276-LoRaMisc.o
                0x0000000000013694                SX1276LoRaSetPa20dBm
 .text.SX1276LoRaSetPAOutput
                0x0000000000013718       0x60 SX127xLib/sx1276-LoRaMisc.o
                0x0000000000013718                SX1276LoRaSetPAOutput
 .text.SX1276LoRaSetSymbTimeout
                0x0000000000013778       0x7c SX127xLib/sx1276-LoRaMisc.o
                0x0000000000013778                SX1276LoRaSetSymbTimeout
 .text.SX1276LoRaSetLowDatarateOptimize
                0x00000000000137f4       0x68 SX127xLib/sx1276-LoRaMisc.o
                0x00000000000137f4                SX1276LoRaSetLowDatarateOptimize
 .text.SX1276LoRaSetNbTrigPeaks
                0x000000000001385c       0x68 SX127xLib/sx1276-LoRaMisc.o
                0x000000000001385c                SX1276LoRaSetNbTrigPeaks
 .text.SX1276Init
                0x00000000000138c4       0x4c SX127xLib/sx1276.o
                0x00000000000138c4                SX1276Init
 .text.SX1276Reset
                0x0000000000013910       0x1a SX127xLib/sx1276.o
                0x0000000000013910                SX1276Reset
 *fill*         0x000000000001392a        0x2 
 .text.SX1276SetLoRaOn
                0x000000000001392c      0x110 SX127xLib/sx1276.o
                0x000000000001392c                SX1276SetLoRaOn
 .text.SX1276GetRxPacket
                0x0000000000013a3c       0x30 SX127xLib/sx1276.o
                0x0000000000013a3c                SX1276GetRxPacket
 .text.__errno  0x0000000000013a6c        0xc c:/st/stm32cubeide_1.4.0/stm32cubeide/plugins/com.st.stm32cube.ide.mcu.externaltools.gnu-tools-for-stm32.7-2018-q2-update.win32_1.4.0.202007081208/tools/bin/../lib/gcc/arm-none-eabi/7.3.1/../../../../arm-none-eabi/lib/thumb/v7e-m/fpv4-sp/hard\libc_nano.a(lib_a-errno.o)
                0x0000000000013a6c                __errno
 .text.__libc_init_array
                0x0000000000013a78       0x48 c:/st/stm32cubeide_1.4.0/stm32cubeide/plugins/com.st.stm32cube.ide.mcu.externaltools.gnu-tools-for-stm32.7-2018-q2-update.win32_1.4.0.202007081208/tools/bin/../lib/gcc/arm-none-eabi/7.3.1/../../../../arm-none-eabi/lib/thumb/v7e-m/fpv4-sp/hard\libc_nano.a(lib_a-init.o)
                0x0000000000013a78                __libc_init_array
 .text.memcpy   0x0000000000013ac0       0x16 c:/st/stm32cubeide_1.4.0/stm32cubeide/plugins/com.st.stm32cube.ide.mcu.externaltools.gnu-tools-for-stm32.7-2018-q2-update.win32_1.4.0.202007081208/tools/bin/../lib/gcc/arm-none-eabi/7.3.1/../../../../arm-none-eabi/lib/thumb/v7e-m/fpv4-sp/hard\libc_nano.a(lib_a-memcpy-stub.o)
                0x0000000000013ac0                memcpy
 .text.memset   0x0000000000013ad6       0x10 c:/st/stm32cubeide_1.4.0/stm32cubeide/plugins/com.st.stm32cube.ide.mcu.externaltools.gnu-tools-for-stm32.7-2018-q2-update.win32_1.4.0.202007081208/tools/bin/../lib/gcc/arm-none-eabi/7.3.1/../../../../arm-none-eabi/lib/thumb/v7e-m/fpv4-sp/hard\libc_nano.a(lib_a-memset.o)
                0x0000000000013ad6                memset
 *fill*         0x0000000000013ae6        0x2 
 .text.srand    0x0000000000013ae8       0x48 c:/st/stm32cubeide_1.4.0/stm32cubeide/plugins/com.st.stm32cube.ide.mcu.externaltools.gnu-tools-for-stm32.7-2018-q2-update.win32_1.4.0.202007081208/tools/bin/../lib/gcc/arm-none-eabi/7.3.1/../../../../arm-none-eabi/lib/thumb/v7e-m/fpv4-sp/hard\libc_nano.a(lib_a-rand.o)
                0x0000000000013ae8                srand
 .text.rand     0x0000000000013b30       0x68 c:/st/stm32cubeide_1.4.0/stm32cubeide/plugins/com.st.stm32cube.ide.mcu.externaltools.gnu-tools-for-stm32.7-2018-q2-update.win32_1.4.0.202007081208/tools/bin/../lib/gcc/arm-none-eabi/7.3.1/../../../../arm-none-eabi/lib/thumb/v7e-m/fpv4-sp/hard\libc_nano.a(lib_a-rand.o)
                0x0000000000013b30                rand
 .text.sprintf  0x0000000000013b98       0x40 c:/st/stm32cubeide_1.4.0/stm32cubeide/plugins/com.st.stm32cube.ide.mcu.externaltools.gnu-tools-for-stm32.7-2018-q2-update.win32_1.4.0.202007081208/tools/bin/../lib/gcc/arm-none-eabi/7.3.1/../../../../arm-none-eabi/lib/thumb/v7e-m/fpv4-sp/hard\libc_nano.a(lib_a-sprintf.o)
                0x0000000000013b98                siprintf
                0x0000000000013b98                sprintf
 .text          0x0000000000013bd8       0x10 c:/st/stm32cubeide_1.4.0/stm32cubeide/plugins/com.st.stm32cube.ide.mcu.externaltools.gnu-tools-for-stm32.7-2018-q2-update.win32_1.4.0.202007081208/tools/bin/../lib/gcc/arm-none-eabi/7.3.1/../../../../arm-none-eabi/lib/thumb/v7e-m/fpv4-sp/hard\libc_nano.a(lib_a-strlen.o)
                0x0000000000013bd8                strlen
 .text.strstr   0x0000000000013be8       0x34 c:/st/stm32cubeide_1.4.0/stm32cubeide/plugins/com.st.stm32cube.ide.mcu.externaltools.gnu-tools-for-stm32.7-2018-q2-update.win32_1.4.0.202007081208/tools/bin/../lib/gcc/arm-none-eabi/7.3.1/../../../../arm-none-eabi/lib/thumb/v7e-m/fpv4-sp/hard\libc_nano.a(lib_a-strstr.o)
                0x0000000000013be8                strstr
 .text.malloc   0x0000000000013c1c       0x10 c:/st/stm32cubeide_1.4.0/stm32cubeide/plugins/com.st.stm32cube.ide.mcu.externaltools.gnu-tools-for-stm32.7-2018-q2-update.win32_1.4.0.202007081208/tools/bin/../lib/gcc/arm-none-eabi/7.3.1/../../../../arm-none-eabi/lib/thumb/v7e-m/fpv4-sp/hard\libc_nano.a(lib_a-malloc.o)
                0x0000000000013c1c                malloc
 .text._free_r  0x0000000000013c2c       0x9c c:/st/stm32cubeide_1.4.0/stm32cubeide/plugins/com.st.stm32cube.ide.mcu.externaltools.gnu-tools-for-stm32.7-2018-q2-update.win32_1.4.0.202007081208/tools/bin/../lib/gcc/arm-none-eabi/7.3.1/../../../../arm-none-eabi/lib/thumb/v7e-m/fpv4-sp/hard\libc_nano.a(lib_a-nano-freer.o)
                0x0000000000013c2c                _free_r
 .text._malloc_r
                0x0000000000013cc8       0xb4 c:/st/stm32cubeide_1.4.0/stm32cubeide/plugins/com.st.stm32cube.ide.mcu.externaltools.gnu-tools-for-stm32.7-2018-q2-update.win32_1.4.0.202007081208/tools/bin/../lib/gcc/arm-none-eabi/7.3.1/../../../../arm-none-eabi/lib/thumb/v7e-m/fpv4-sp/hard\libc_nano.a(lib_a-nano-mallocr.o)
                0x0000000000013cc8                _malloc_r
 .text.__ssputs_r
                0x0000000000013d7c       0xb4 c:/st/stm32cubeide_1.4.0/stm32cubeide/plugins/com.st.stm32cube.ide.mcu.externaltools.gnu-tools-for-stm32.7-2018-q2-update.win32_1.4.0.202007081208/tools/bin/../lib/gcc/arm-none-eabi/7.3.1/../../../../arm-none-eabi/lib/thumb/v7e-m/fpv4-sp/hard\libc_nano.a(lib_a-nano-svfprintf.o)
                0x0000000000013d7c                __ssputs_r
 .text._svfprintf_r
                0x0000000000013e30      0x1f0 c:/st/stm32cubeide_1.4.0/stm32cubeide/plugins/com.st.stm32cube.ide.mcu.externaltools.gnu-tools-for-stm32.7-2018-q2-update.win32_1.4.0.202007081208/tools/bin/../lib/gcc/arm-none-eabi/7.3.1/../../../../arm-none-eabi/lib/thumb/v7e-m/fpv4-sp/hard\libc_nano.a(lib_a-nano-svfprintf.o)
                0x0000000000013e30                _svfiprintf_r
                0x0000000000013e30                _svfprintf_r
 .text._printf_common
                0x0000000000014020       0xea c:/st/stm32cubeide_1.4.0/stm32cubeide/plugins/com.st.stm32cube.ide.mcu.externaltools.gnu-tools-for-stm32.7-2018-q2-update.win32_1.4.0.202007081208/tools/bin/../lib/gcc/arm-none-eabi/7.3.1/../../../../arm-none-eabi/lib/thumb/v7e-m/fpv4-sp/hard\libc_nano.a(lib_a-nano-vfprintf_i.o)
                0x0000000000014020                _printf_common
 *fill*         0x000000000001410a        0x2 
 .text._printf_i
                0x000000000001410c      0x224 c:/st/stm32cubeide_1.4.0/stm32cubeide/plugins/com.st.stm32cube.ide.mcu.externaltools.gnu-tools-for-stm32.7-2018-q2-update.win32_1.4.0.202007081208/tools/bin/../lib/gcc/arm-none-eabi/7.3.1/../../../../arm-none-eabi/lib/thumb/v7e-m/fpv4-sp/hard\libc_nano.a(lib_a-nano-vfprintf_i.o)
                0x000000000001410c                _printf_i
 .text._sbrk_r  0x0000000000014330       0x20 c:/st/stm32cubeide_1.4.0/stm32cubeide/plugins/com.st.stm32cube.ide.mcu.externaltools.gnu-tools-for-stm32.7-2018-q2-update.win32_1.4.0.202007081208/tools/bin/../lib/gcc/arm-none-eabi/7.3.1/../../../../arm-none-eabi/lib/thumb/v7e-m/fpv4-sp/hard\libc_nano.a(lib_a-sbrkr.o)
                0x0000000000014330                _sbrk_r
 .text          0x0000000000014350       0xa0 c:/st/stm32cubeide_1.4.0/stm32cubeide/plugins/com.st.stm32cube.ide.mcu.externaltools.gnu-tools-for-stm32.7-2018-q2-update.win32_1.4.0.202007081208/tools/bin/../lib/gcc/arm-none-eabi/7.3.1/../../../../arm-none-eabi/lib/thumb/v7e-m/fpv4-sp/hard\libc_nano.a(lib_a-memchr.o)
                0x0000000000014350                memchr
 .text.memmove  0x00000000000143f0       0x32 c:/st/stm32cubeide_1.4.0/stm32cubeide/plugins/com.st.stm32cube.ide.mcu.externaltools.gnu-tools-for-stm32.7-2018-q2-update.win32_1.4.0.202007081208/tools/bin/../lib/gcc/arm-none-eabi/7.3.1/../../../../arm-none-eabi/lib/thumb/v7e-m/fpv4-sp/hard\libc_nano.a(lib_a-memmove.o)
                0x00000000000143f0                memmove
 .text.__malloc_lock
                0x0000000000014422        0x2 c:/st/stm32cubeide_1.4.0/stm32cubeide/plugins/com.st.stm32cube.ide.mcu.externaltools.gnu-tools-for-stm32.7-2018-q2-update.win32_1.4.0.202007081208/tools/bin/../lib/gcc/arm-none-eabi/7.3.1/../../../../arm-none-eabi/lib/thumb/v7e-m/fpv4-sp/hard\libc_nano.a(lib_a-mlock.o)
                0x0000000000014422                __malloc_lock
 .text.__malloc_unlock
                0x0000000000014424        0x2 c:/st/stm32cubeide_1.4.0/stm32cubeide/plugins/com.st.stm32cube.ide.mcu.externaltools.gnu-tools-for-stm32.7-2018-q2-update.win32_1.4.0.202007081208/tools/bin/../lib/gcc/arm-none-eabi/7.3.1/../../../../arm-none-eabi/lib/thumb/v7e-m/fpv4-sp/hard\libc_nano.a(lib_a-mlock.o)
                0x0000000000014424                __malloc_unlock
 .text._realloc_r
                0x0000000000014426       0x4c c:/st/stm32cubeide_1.4.0/stm32cubeide/plugins/com.st.stm32cube.ide.mcu.externaltools.gnu-tools-for-stm32.7-2018-q2-update.win32_1.4.0.202007081208/tools/bin/../lib/gcc/arm-none-eabi/7.3.1/../../../../arm-none-eabi/lib/thumb/v7e-m/fpv4-sp/hard\libc_nano.a(lib_a-nano-reallocr.o)
                0x0000000000014426                _realloc_r
 .text._malloc_usable_size_r
                0x0000000000014472       0x10 c:/st/stm32cubeide_1.4.0/stm32cubeide/plugins/com.st.stm32cube.ide.mcu.externaltools.gnu-tools-for-stm32.7-2018-q2-update.win32_1.4.0.202007081208/tools/bin/../lib/gcc/arm-none-eabi/7.3.1/../../../../arm-none-eabi/lib/thumb/v7e-m/fpv4-sp/hard\libc_nano.a(lib_a-nano-msizer.o)
                0x0000000000014472                _malloc_usable_size_r
 *fill*         0x0000000000014482        0x2 
 .text          0x0000000000014484      0x378 c:/st/stm32cubeide_1.4.0/stm32cubeide/plugins/com.st.stm32cube.ide.mcu.externaltools.gnu-tools-for-stm32.7-2018-q2-update.win32_1.4.0.202007081208/tools/bin/../lib/gcc/arm-none-eabi/7.3.1/thumb/v7e-m/fpv4-sp/hard\libgcc.a(_arm_addsubdf3.o)
                0x0000000000014484                __aeabi_drsub
                0x000000000001448c                __aeabi_dsub
                0x000000000001448c                __subdf3
                0x0000000000014490                __aeabi_dadd
                0x0000000000014490                __adddf3
                0x0000000000014708                __floatunsidf
                0x0000000000014708                __aeabi_ui2d
                0x0000000000014728                __floatsidf
                0x0000000000014728                __aeabi_i2d
                0x000000000001474c                __aeabi_f2d
                0x000000000001474c                __extendsfdf2
                0x0000000000014790                __floatundidf
                0x0000000000014790                __aeabi_ul2d
                0x00000000000147a0                __floatdidf
                0x00000000000147a0                __aeabi_l2d
 .text          0x00000000000147fc      0x424 c:/st/stm32cubeide_1.4.0/stm32cubeide/plugins/com.st.stm32cube.ide.mcu.externaltools.gnu-tools-for-stm32.7-2018-q2-update.win32_1.4.0.202007081208/tools/bin/../lib/gcc/arm-none-eabi/7.3.1/thumb/v7e-m/fpv4-sp/hard\libgcc.a(_arm_muldivdf3.o)
                0x00000000000147fc                __aeabi_dmul
                0x00000000000147fc                __muldf3
                0x0000000000014a50                __divdf3
                0x0000000000014a50                __aeabi_ddiv
 .text          0x0000000000014c20       0x40 c:/st/stm32cubeide_1.4.0/stm32cubeide/plugins/com.st.stm32cube.ide.mcu.externaltools.gnu-tools-for-stm32.7-2018-q2-update.win32_1.4.0.202007081208/tools/bin/../lib/gcc/arm-none-eabi/7.3.1/thumb/v7e-m/fpv4-sp/hard\libgcc.a(_arm_fixunsdfsi.o)
                0x0000000000014c20                __aeabi_d2uiz
                0x0000000000014c20                __fixunsdfsi
 .text          0x0000000000014c60       0x30 c:/st/stm32cubeide_1.4.0/stm32cubeide/plugins/com.st.stm32cube.ide.mcu.externaltools.gnu-tools-for-stm32.7-2018-q2-update.win32_1.4.0.202007081208/tools/bin/../lib/gcc/arm-none-eabi/7.3.1/thumb/v7e-m/fpv4-sp/hard\libgcc.a(_aeabi_uldivmod.o)
                0x0000000000014c60                __aeabi_uldivmod
 .text          0x0000000000014c90      0x2cc c:/st/stm32cubeide_1.4.0/stm32cubeide/plugins/com.st.stm32cube.ide.mcu.externaltools.gnu-tools-for-stm32.7-2018-q2-update.win32_1.4.0.202007081208/tools/bin/../lib/gcc/arm-none-eabi/7.3.1/thumb/v7e-m/fpv4-sp/hard\libgcc.a(_udivmoddi4.o)
                0x0000000000014c90                __udivmoddi4
 .text          0x0000000000014f5c        0x4 c:/st/stm32cubeide_1.4.0/stm32cubeide/plugins/com.st.stm32cube.ide.mcu.externaltools.gnu-tools-for-stm32.7-2018-q2-update.win32_1.4.0.202007081208/tools/bin/../lib/gcc/arm-none-eabi/7.3.1/thumb/v7e-m/fpv4-sp/hard\libgcc.a(_dvmd_tls.o)
                0x0000000000014f5c                __aeabi_idiv0
                0x0000000000014f5c                __aeabi_ldiv0
 *(.gnu.warning)
 *(.glue_7t)
 .glue_7t       0x0000000000014f60        0x0 linker stubs
 *(.glue_7)
 .glue_7        0x0000000000014f60        0x0 linker stubs
 *(.vfp11_veneer)
 .vfp11_veneer  0x0000000000014f60        0x0 linker stubs
 *(.v4_bx)
 .v4_bx         0x0000000000014f60        0x0 linker stubs

.fini           0x0000000000014f60        0xc
 *(SORT_NONE(.fini))
 .fini          0x0000000000014f60        0x4 c:/st/stm32cubeide_1.4.0/stm32cubeide/plugins/com.st.stm32cube.ide.mcu.externaltools.gnu-tools-for-stm32.7-2018-q2-update.win32_1.4.0.202007081208/tools/bin/../lib/gcc/arm-none-eabi/7.3.1/thumb/v7e-m/fpv4-sp/hard/crti.o
                0x0000000000014f60                _fini
 .fini          0x0000000000014f64        0x8 c:/st/stm32cubeide_1.4.0/stm32cubeide/plugins/com.st.stm32cube.ide.mcu.externaltools.gnu-tools-for-stm32.7-2018-q2-update.win32_1.4.0.202007081208/tools/bin/../lib/gcc/arm-none-eabi/7.3.1/thumb/v7e-m/fpv4-sp/hard/crtn.o
                [!provide]                        PROVIDE (__etext = .)
                [!provide]                        PROVIDE (_etext = .)
                [!provide]                        PROVIDE (etext = .)

.rodata         0x0000000000014f6c      0x26b
 *(.rodata .rodata.* .gnu.linkonce.r.*)
 .rodata        0x0000000000014f6c       0x23 APP/src/app_task.o
 *fill*         0x0000000000014f8f        0x1 
 .rodata.mainTask_attributes
                0x0000000000014f90       0x24 APP/src/app_task.o
                0x0000000000014f90                mainTask_attributes
 .rodata.commuTask_attributes
                0x0000000000014fb4       0x24 APP/src/app_task.o
                0x0000000000014fb4                commuTask_attributes
 .rodata.driverTask_attributes
                0x0000000000014fd8       0x24 APP/src/app_task.o
                0x0000000000014fd8                driverTask_attributes
 .rodata.AHBPrescTable
                0x0000000000014ffc       0x10 Core/Src/system_stm32f4xx.o
                0x0000000000014ffc                AHBPrescTable
 .rodata.APBPrescTable
                0x000000000001500c        0x8 Core/Src/system_stm32f4xx.o
                0x000000000001500c                APBPrescTable
 .rodata        0x0000000000015014       0xa7 DRV/src/drv_cat1.o
 *fill*         0x00000000000150bb        0x1 
 .rodata        0x00000000000150bc        0x5 Middlewares/Third_Party/FreeRTOS/Source/tasks.o
 *fill*         0x00000000000150c1        0x3 
 .rodata        0x00000000000150c4        0xd Middlewares/Third_Party/FreeRTOS/Source/timers.o
 *fill*         0x00000000000150d1        0x3 
 .rodata.HoppingFrequencies
                0x00000000000150d4       0xcc SX127xLib/sx1276-LoRa.o
                0x00000000000150d4                HoppingFrequencies
 .rodata._global_impure_ptr
                0x00000000000151a0        0x4 c:/st/stm32cubeide_1.4.0/stm32cubeide/plugins/com.st.stm32cube.ide.mcu.externaltools.gnu-tools-for-stm32.7-2018-q2-update.win32_1.4.0.202007081208/tools/bin/../lib/gcc/arm-none-eabi/7.3.1/../../../../arm-none-eabi/lib/thumb/v7e-m/fpv4-sp/hard\libc_nano.a(lib_a-impure.o)
                0x00000000000151a0                _global_impure_ptr
 .rodata._svfprintf_r.str1.1
                0x00000000000151a4       0x11 c:/st/stm32cubeide_1.4.0/stm32cubeide/plugins/com.st.stm32cube.ide.mcu.externaltools.gnu-tools-for-stm32.7-2018-q2-update.win32_1.4.0.202007081208/tools/bin/../lib/gcc/arm-none-eabi/7.3.1/../../../../arm-none-eabi/lib/thumb/v7e-m/fpv4-sp/hard\libc_nano.a(lib_a-nano-svfprintf.o)
 .rodata._printf_i.str1.1
                0x00000000000151b5       0x22 c:/st/stm32cubeide_1.4.0/stm32cubeide/plugins/com.st.stm32cube.ide.mcu.externaltools.gnu-tools-for-stm32.7-2018-q2-update.win32_1.4.0.202007081208/tools/bin/../lib/gcc/arm-none-eabi/7.3.1/../../../../arm-none-eabi/lib/thumb/v7e-m/fpv4-sp/hard\libc_nano.a(lib_a-nano-vfprintf_i.o)

.rodata1
 *(.rodata1)

.ARM.extab
 *(.ARM.extab* .gnu.linkonce.armextab.*)
                [!provide]                        PROVIDE (__exidx_start = .)

.ARM.exidx      0x00000000000151d8        0x8
 *(.ARM.exidx* .gnu.linkonce.armexidx.*)
 .ARM.exidx     0x00000000000151d8        0x8 c:/st/stm32cubeide_1.4.0/stm32cubeide/plugins/com.st.stm32cube.ide.mcu.externaltools.gnu-tools-for-stm32.7-2018-q2-update.win32_1.4.0.202007081208/tools/bin/../lib/gcc/arm-none-eabi/7.3.1/../../../../arm-none-eabi/lib/thumb/v7e-m/fpv4-sp/hard/crt0.o
 .ARM.exidx     0x00000000000151e0        0x0 c:/st/stm32cubeide_1.4.0/stm32cubeide/plugins/com.st.stm32cube.ide.mcu.externaltools.gnu-tools-for-stm32.7-2018-q2-update.win32_1.4.0.202007081208/tools/bin/../lib/gcc/arm-none-eabi/7.3.1/thumb/v7e-m/fpv4-sp/hard\libgcc.a(_udivmoddi4.o)
                                          0x8 (size before relaxing)
                [!provide]                        PROVIDE (__exidx_end = .)

.eh_frame_hdr
 *(.eh_frame_hdr)
 *(.eh_frame_entry .eh_frame_entry.*)

.eh_frame       0x00000000000151e0        0x4
 *(.eh_frame)
 .eh_frame      0x00000000000151e0        0x0 c:/st/stm32cubeide_1.4.0/stm32cubeide/plugins/com.st.stm32cube.ide.mcu.externaltools.gnu-tools-for-stm32.7-2018-q2-update.win32_1.4.0.202007081208/tools/bin/../lib/gcc/arm-none-eabi/7.3.1/thumb/v7e-m/fpv4-sp/hard/crtbegin.o
 .eh_frame      0x00000000000151e0        0x4 c:/st/stm32cubeide_1.4.0/stm32cubeide/plugins/com.st.stm32cube.ide.mcu.externaltools.gnu-tools-for-stm32.7-2018-q2-update.win32_1.4.0.202007081208/tools/bin/../lib/gcc/arm-none-eabi/7.3.1/thumb/v7e-m/fpv4-sp/hard/crtend.o
 *(.eh_frame.*)

.gcc_except_table
 *(.gcc_except_table .gcc_except_table.*)

.gnu_extab
 *(.gnu_extab*)

.exception_ranges
 *(.exception_ranges .exception_ranges*)
                0x00000000000251e4                . = (ALIGN (CONSTANT (MAXPAGESIZE)) + (. & (CONSTANT (MAXPAGESIZE) - 0x1)))

.eh_frame
 *(.eh_frame)
 *(.eh_frame.*)

.gnu_extab
 *(.gnu_extab)

.gcc_except_table
 *(.gcc_except_table .gcc_except_table.*)

.exception_ranges
 *(.exception_ranges .exception_ranges*)

.tdata
 *(.tdata .tdata.* .gnu.linkonce.td.*)

.tbss
 *(.tbss .tbss.* .gnu.linkonce.tb.*)
 *(.tcommon)

.preinit_array  0x00000000000251e4        0x0
                0x00000000000251e4                PROVIDE (__preinit_array_start = .)
 *(.preinit_array)
                0x00000000000251e4                PROVIDE (__preinit_array_end = .)

.init_array     0x00000000000251e4        0x4
                0x00000000000251e4                PROVIDE (__init_array_start = .)
 *(SORT_BY_INIT_PRIORITY(.init_array.*) SORT_BY_INIT_PRIORITY(.ctors.*))
 *(.init_array EXCLUDE_FILE(*crtend?.o *crtend.o *crtbegin?.o *crtbegin.o) .ctors)
 .init_array    0x00000000000251e4        0x4 c:/st/stm32cubeide_1.4.0/stm32cubeide/plugins/com.st.stm32cube.ide.mcu.externaltools.gnu-tools-for-stm32.7-2018-q2-update.win32_1.4.0.202007081208/tools/bin/../lib/gcc/arm-none-eabi/7.3.1/thumb/v7e-m/fpv4-sp/hard/crtbegin.o
                0x00000000000251e8                PROVIDE (__init_array_end = .)

.fini_array     0x00000000000251e8        0x4
                [!provide]                        PROVIDE (__fini_array_start = .)
 *(SORT_BY_INIT_PRIORITY(.fini_array.*) SORT_BY_INIT_PRIORITY(.dtors.*))
 *(.fini_array EXCLUDE_FILE(*crtend?.o *crtend.o *crtbegin?.o *crtbegin.o) .dtors)
 .fini_array    0x00000000000251e8        0x4 c:/st/stm32cubeide_1.4.0/stm32cubeide/plugins/com.st.stm32cube.ide.mcu.externaltools.gnu-tools-for-stm32.7-2018-q2-update.win32_1.4.0.202007081208/tools/bin/../lib/gcc/arm-none-eabi/7.3.1/thumb/v7e-m/fpv4-sp/hard/crtbegin.o
                [!provide]                        PROVIDE (__fini_array_end = .)

.ctors
 *crtbegin.o(.ctors)
 *crtbegin?.o(.ctors)
 *(EXCLUDE_FILE(*crtend?.o *crtend.o) .ctors)
 *(SORT_BY_NAME(.ctors.*))
 *(.ctors)

.dtors
 *crtbegin.o(.dtors)
 *crtbegin?.o(.dtors)
 *(EXCLUDE_FILE(*crtend?.o *crtend.o) .dtors)
 *(SORT_BY_NAME(.dtors.*))
 *(.dtors)

.jcr
 *(.jcr)

.data.rel.ro
 *(.data.rel.ro.local* .gnu.linkonce.d.rel.ro.local.*)
 *(.data.rel.ro .data.rel.ro.* .gnu.linkonce.d.rel.ro.*)

.dynamic
 *(.dynamic)

.got            0x00000000000251ec        0x0
 *(.got.plt)
 *(.igot.plt)
 .igot.plt      0x00000000000251ec        0x0 c:/st/stm32cubeide_1.4.0/stm32cubeide/plugins/com.st.stm32cube.ide.mcu.externaltools.gnu-tools-for-stm32.7-2018-q2-update.win32_1.4.0.202007081208/tools/bin/../lib/gcc/arm-none-eabi/7.3.1/thumb/v7e-m/fpv4-sp/hard/crtbegin.o
 *(.got)
 *(.igot)

.data           0x00000000000251f0      0x458
                0x00000000000251f0                __data_start = .
 *(.data .data.* .gnu.linkonce.d.*)
 .data.led_sys  0x00000000000251f0       0x14 APP/src/app_device.o
                0x00000000000251f0                led_sys
 .data.led_net  0x0000000000025204       0x14 APP/src/app_device.o
                0x0000000000025204                led_net
 .data.led_data
                0x0000000000025218       0x14 APP/src/app_device.o
                0x0000000000025218                led_data
 .data.rs4851   0x000000000002522c       0x1c APP/src/app_device.o
                0x000000000002522c                rs4851
 .data.rs4852   0x0000000000025248       0x1c APP/src/app_device.o
                0x0000000000025248                rs4852
 *fill*         0x0000000000025264        0x4 
 .data.lora1    0x0000000000025268      0x1f8 APP/src/app_device.o
                0x0000000000025268                lora1
 .data.cat1     0x0000000000025460       0x38 APP/src/app_device.o
                0x0000000000025460                cat1
 .data.ble      0x0000000000025498       0x18 APP/src/app_device.o
                0x0000000000025498                ble
 .data.debug    0x00000000000254b0       0x18 APP/src/app_device.o
                0x00000000000254b0                debug
 .data.rand_period.11010
                0x00000000000254c8        0x2 APP/src/app_task.o
 *fill*         0x00000000000254ca        0x2 
 .data.light.11024
                0x00000000000254cc        0x2 APP/src/app_task.o
 .data.period.11035
                0x00000000000254ce        0x2 APP/src/app_task.o
 .data.SystemCoreClock
                0x00000000000254d0        0x4 Core/Src/system_stm32f4xx.o
                0x00000000000254d0                SystemCoreClock
 .data.RS485_1_EN
                0x00000000000254d4       0x14 DRV/src/drv_485.o
                0x00000000000254d4                RS485_1_EN
 .data.RS485_2_EN
                0x00000000000254e8       0x14 DRV/src/drv_485.o
                0x00000000000254e8                RS485_2_EN
 .data.Cat1_Power
                0x00000000000254fc       0x14 DRV/src/drv_cat1.o
                0x00000000000254fc                Cat1_Power
 .data.Cat1_Rst
                0x0000000000025510       0x14 DRV/src/drv_cat1.o
                0x0000000000025510                Cat1_Rst
 .data.Cat1_Sleep
                0x0000000000025524       0x14 DRV/src/drv_cat1.o
                0x0000000000025524                Cat1_Sleep
 .data.LED_Sys_State
                0x0000000000025538       0x14 DRV/src/drv_led.o
                0x0000000000025538                LED_Sys_State
 .data.LED_Net_State
                0x000000000002554c       0x14 DRV/src/drv_led.o
                0x000000000002554c                LED_Net_State
 .data.LED_Data_State
                0x0000000000025560       0x14 DRV/src/drv_led.o
                0x0000000000025560                LED_Data_State
 .data.MX25_SPI_NSS
                0x0000000000025574       0x14 DRV/src/drv_mx25.o
                0x0000000000025574                MX25_SPI_NSS
 .data.LoRa_1_NSS
                0x0000000000025588       0x14 DRV/src/drv_sx1278.o
                0x0000000000025588                LoRa_1_NSS
 .data.LoRa_1_DIO0
                0x000000000002559c       0x14 DRV/src/drv_sx1278.o
                0x000000000002559c                LoRa_1_DIO0
 .data.LoRa_1_RST
                0x00000000000255b0       0x14 DRV/src/drv_sx1278.o
                0x00000000000255b0                LoRa_1_RST
 .data.LoRa_1_PWR
                0x00000000000255c4       0x14 DRV/src/drv_sx1278.o
                0x00000000000255c4                LoRa_1_PWR
 .data.uwTickPrio
                0x00000000000255d8        0x4 Drivers/STM32F4xx_HAL_Driver/Src/stm32f4xx_hal.o
                0x00000000000255d8                uwTickPrio
 .data.uwTickFreq
                0x00000000000255dc        0x1 Drivers/STM32F4xx_HAL_Driver/Src/stm32f4xx_hal.o
                0x00000000000255dc                uwTickFreq
 *fill*         0x00000000000255dd        0x3 
 .data.uxCriticalNesting
                0x00000000000255e0        0x4 Middlewares/Third_Party/FreeRTOS/Source/portable/GCC/ARM_CM4F/port.o
 .data._impure_ptr
                0x00000000000255e4        0x4 c:/st/stm32cubeide_1.4.0/stm32cubeide/plugins/com.st.stm32cube.ide.mcu.externaltools.gnu-tools-for-stm32.7-2018-q2-update.win32_1.4.0.202007081208/tools/bin/../lib/gcc/arm-none-eabi/7.3.1/../../../../arm-none-eabi/lib/thumb/v7e-m/fpv4-sp/hard\libc_nano.a(lib_a-impure.o)
                0x00000000000255e4                _impure_ptr
 .data.impure_data
                0x00000000000255e8       0x60 c:/st/stm32cubeide_1.4.0/stm32cubeide/plugins/com.st.stm32cube.ide.mcu.externaltools.gnu-tools-for-stm32.7-2018-q2-update.win32_1.4.0.202007081208/tools/bin/../lib/gcc/arm-none-eabi/7.3.1/../../../../arm-none-eabi/lib/thumb/v7e-m/fpv4-sp/hard\libc_nano.a(lib_a-impure.o)

.data1
 *(.data1)
                0x0000000000025648                _edata = .
                [!provide]                        PROVIDE (edata = .)
                0x0000000000025648                . = .
                0x0000000000025648                __bss_start = .
                0x0000000000025648                __bss_start__ = .

.bss            0x0000000000025648     0x4bd0
 *(.dynbss)
 *(.bss .bss.* .gnu.linkonce.b.*)
 .bss           0x0000000000025648       0x1c c:/st/stm32cubeide_1.4.0/stm32cubeide/plugins/com.st.stm32cube.ide.mcu.externaltools.gnu-tools-for-stm32.7-2018-q2-update.win32_1.4.0.202007081208/tools/bin/../lib/gcc/arm-none-eabi/7.3.1/thumb/v7e-m/fpv4-sp/hard/crtbegin.o
 .bss.sn.10371  0x0000000000025664        0x2 APP/src/app_data.o
 *fill*         0x0000000000025666        0x2 
 .bss.fwcache.10393
                0x0000000000025668      0x200 APP/src/app_data.o
 .bss.crc.10394
                0x0000000000025868        0x4 APP/src/app_data.o
 .bss.fwcrc.10395
                0x000000000002586c        0x4 APP/src/app_data.o
 .bss.pwm2iv    0x0000000000025870        0xc APP/src/app_device.o
                0x0000000000025870                pwm2iv
 .bss.idle_tick
                0x000000000002587c        0x4 APP/src/app_task.o
                0x000000000002587c                idle_tick
 .bss.tick.11001
                0x0000000000025880        0x4 APP/src/app_task.o
 .bss.unconfig_tick.11008
                0x0000000000025884        0x4 APP/src/app_task.o
 .bss.rand_tick.11009
                0x0000000000025888        0x2 APP/src/app_task.o
 *fill*         0x000000000002588a        0x2 
 .bss.configed_tick.11016
                0x000000000002588c        0x4 APP/src/app_task.o
 .bss.deviap_tick.11018
                0x0000000000025890        0x4 APP/src/app_task.o
 .bss.tips_tick.11023
                0x0000000000025894        0x4 APP/src/app_task.o
 .bss.index.11025
                0x0000000000025898        0x1 APP/src/app_task.o
 *fill*         0x0000000000025899        0x1 
 .bss.test_tick.11036
                0x000000000002589a        0x2 APP/src/app_task.o
 .bss.__sbrk_heap_end
                0x000000000002589c        0x4 Core/Src/sysmem.o
 .bss.atbuffer.9890
                0x00000000000258a0       0x32 DRV/src/drv_cat1.o
 .bss.atresult.9914
                0x00000000000258d2        0x1 DRV/src/drv_cat1.o
 *fill*         0x00000000000258d3        0x1 
 .bss.waitcnts.9913
                0x00000000000258d4        0x2 DRV/src/drv_cat1.o
 .bss.retrytimes.9915
                0x00000000000258d6        0x1 DRV/src/drv_cat1.o
 *fill*         0x00000000000258d7        0x1 
 .bss.sConfigOC
                0x00000000000258d8       0x1c HAL/src/hal_timer.o
                0x00000000000258d8                sConfigOC
 .bss.cfg.8618  0x00000000000258f4        0x1 HAL/src/hal_timer.o
 *fill*         0x00000000000258f5        0x3 
 .bss.KernelState
                0x00000000000258f8        0x4 Middlewares/Third_Party/FreeRTOS/Source/CMSIS_RTOS_V2/cmsis_os2.o
 .bss.Idle_TCB  0x00000000000258fc       0x5c Middlewares/Third_Party/FreeRTOS/Source/CMSIS_RTOS_V2/cmsis_os2.o
 .bss.Idle_Stack
                0x0000000000025958      0x200 Middlewares/Third_Party/FreeRTOS/Source/CMSIS_RTOS_V2/cmsis_os2.o
 .bss.Timer_TCB
                0x0000000000025b58       0x5c Middlewares/Third_Party/FreeRTOS/Source/CMSIS_RTOS_V2/cmsis_os2.o
 .bss.Timer_Stack
                0x0000000000025bb4      0x400 Middlewares/Third_Party/FreeRTOS/Source/CMSIS_RTOS_V2/cmsis_os2.o
 .bss.pxCurrentTCB
                0x0000000000025fb4        0x4 Middlewares/Third_Party/FreeRTOS/Source/tasks.o
                0x0000000000025fb4                pxCurrentTCB
 .bss.pxReadyTasksLists
                0x0000000000025fb8       0x78 Middlewares/Third_Party/FreeRTOS/Source/tasks.o
 .bss.xDelayedTaskList1
                0x0000000000026030       0x14 Middlewares/Third_Party/FreeRTOS/Source/tasks.o
 .bss.xDelayedTaskList2
                0x0000000000026044       0x14 Middlewares/Third_Party/FreeRTOS/Source/tasks.o
 .bss.pxDelayedTaskList
                0x0000000000026058        0x4 Middlewares/Third_Party/FreeRTOS/Source/tasks.o
 .bss.pxOverflowDelayedTaskList
                0x000000000002605c        0x4 Middlewares/Third_Party/FreeRTOS/Source/tasks.o
 .bss.xPendingReadyList
                0x0000000000026060       0x14 Middlewares/Third_Party/FreeRTOS/Source/tasks.o
 .bss.xTasksWaitingTermination
                0x0000000000026074       0x14 Middlewares/Third_Party/FreeRTOS/Source/tasks.o
 .bss.uxDeletedTasksWaitingCleanUp
                0x0000000000026088        0x4 Middlewares/Third_Party/FreeRTOS/Source/tasks.o
 .bss.xSuspendedTaskList
                0x000000000002608c       0x14 Middlewares/Third_Party/FreeRTOS/Source/tasks.o
 .bss.uxCurrentNumberOfTasks
                0x00000000000260a0        0x4 Middlewares/Third_Party/FreeRTOS/Source/tasks.o
 .bss.xTickCount
                0x00000000000260a4        0x4 Middlewares/Third_Party/FreeRTOS/Source/tasks.o
 .bss.uxTopReadyPriority
                0x00000000000260a8        0x4 Middlewares/Third_Party/FreeRTOS/Source/tasks.o
 .bss.xSchedulerRunning
                0x00000000000260ac        0x4 Middlewares/Third_Party/FreeRTOS/Source/tasks.o
 .bss.uxPendedTicks
                0x00000000000260b0        0x4 Middlewares/Third_Party/FreeRTOS/Source/tasks.o
 .bss.xYieldPending
                0x00000000000260b4        0x4 Middlewares/Third_Party/FreeRTOS/Source/tasks.o
 .bss.xNumOfOverflows
                0x00000000000260b8        0x4 Middlewares/Third_Party/FreeRTOS/Source/tasks.o
 .bss.uxTaskNumber
                0x00000000000260bc        0x4 Middlewares/Third_Party/FreeRTOS/Source/tasks.o
 .bss.xNextTaskUnblockTime
                0x00000000000260c0        0x4 Middlewares/Third_Party/FreeRTOS/Source/tasks.o
 .bss.xIdleTaskHandle
                0x00000000000260c4        0x4 Middlewares/Third_Party/FreeRTOS/Source/tasks.o
 .bss.uxSchedulerSuspended
                0x00000000000260c8        0x4 Middlewares/Third_Party/FreeRTOS/Source/tasks.o
 .bss.xActiveTimerList1
                0x00000000000260cc       0x14 Middlewares/Third_Party/FreeRTOS/Source/timers.o
 .bss.xActiveTimerList2
                0x00000000000260e0       0x14 Middlewares/Third_Party/FreeRTOS/Source/timers.o
 .bss.pxCurrentTimerList
                0x00000000000260f4        0x4 Middlewares/Third_Party/FreeRTOS/Source/timers.o
 .bss.pxOverflowTimerList
                0x00000000000260f8        0x4 Middlewares/Third_Party/FreeRTOS/Source/timers.o
 .bss.xTimerQueue
                0x00000000000260fc        0x4 Middlewares/Third_Party/FreeRTOS/Source/timers.o
 .bss.xTimerTaskHandle
                0x0000000000026100        0x4 Middlewares/Third_Party/FreeRTOS/Source/timers.o
 .bss.xLastTime.6743
                0x0000000000026104        0x4 Middlewares/Third_Party/FreeRTOS/Source/timers.o
 .bss.ucStaticTimerQueueStorage.6794
                0x0000000000026108       0xa0 Middlewares/Third_Party/FreeRTOS/Source/timers.o
 .bss.xStaticTimerQueue.6793
                0x00000000000261a8       0x50 Middlewares/Third_Party/FreeRTOS/Source/timers.o
 .bss.ucMaxSysCallPriority
                0x00000000000261f8        0x1 Middlewares/Third_Party/FreeRTOS/Source/portable/GCC/ARM_CM4F/port.o
 *fill*         0x00000000000261f9        0x3 
 .bss.ulMaxPRIGROUPValue
                0x00000000000261fc        0x4 Middlewares/Third_Party/FreeRTOS/Source/portable/GCC/ARM_CM4F/port.o
 .bss.ucHeap    0x0000000000026200     0x3c00 Middlewares/Third_Party/FreeRTOS/Source/portable/MemMang/heap_4.o
 .bss.xStart    0x0000000000029e00        0x8 Middlewares/Third_Party/FreeRTOS/Source/portable/MemMang/heap_4.o
 .bss.pxEnd     0x0000000000029e08        0x4 Middlewares/Third_Party/FreeRTOS/Source/portable/MemMang/heap_4.o
 .bss.xFreeBytesRemaining
                0x0000000000029e0c        0x4 Middlewares/Third_Party/FreeRTOS/Source/portable/MemMang/heap_4.o
 .bss.xMinimumEverFreeBytesRemaining
                0x0000000000029e10        0x4 Middlewares/Third_Party/FreeRTOS/Source/portable/MemMang/heap_4.o
 .bss.xBlockAllocatedBit
                0x0000000000029e14        0x4 Middlewares/Third_Party/FreeRTOS/Source/portable/MemMang/heap_4.o
 .bss.__malloc_free_list
                0x0000000000029e18        0x4 c:/st/stm32cubeide_1.4.0/stm32cubeide/plugins/com.st.stm32cube.ide.mcu.externaltools.gnu-tools-for-stm32.7-2018-q2-update.win32_1.4.0.202007081208/tools/bin/../lib/gcc/arm-none-eabi/7.3.1/../../../../arm-none-eabi/lib/thumb/v7e-m/fpv4-sp/hard\libc_nano.a(lib_a-nano-mallocr.o)
                0x0000000000029e18                __malloc_free_list
 .bss.__malloc_sbrk_start
                0x0000000000029e1c        0x4 c:/st/stm32cubeide_1.4.0/stm32cubeide/plugins/com.st.stm32cube.ide.mcu.externaltools.gnu-tools-for-stm32.7-2018-q2-update.win32_1.4.0.202007081208/tools/bin/../lib/gcc/arm-none-eabi/7.3.1/../../../../arm-none-eabi/lib/thumb/v7e-m/fpv4-sp/hard\libc_nano.a(lib_a-nano-mallocr.o)
                0x0000000000029e1c                __malloc_sbrk_start
 *(COMMON)
 COMMON         0x0000000000029e20       0x78 APP/src/app_device.o
                0x0000000000029e20                flash
                0x0000000000029e30                device
 COMMON         0x0000000000029e98       0x18 APP/src/app_task.o
                0x0000000000029e98                mainTaskHandle
                0x0000000000029e9c                commuTaskHandle
                0x0000000000029ea0                mainTask_size
                0x0000000000029ea4                driverTaskHandle
                0x0000000000029ea8                commuTask_size
                0x0000000000029eac                driverTask_size
 COMMON         0x0000000000029eb0        0x4 Drivers/STM32F4xx_HAL_Driver/Src/stm32f4xx_hal.o
                0x0000000000029eb0                uwTick
 COMMON         0x0000000000029eb4       0x20 Drivers/STM32F4xx_HAL_Driver/Src/stm32f4xx_hal_flash.o
                0x0000000000029eb4                pFlash
 COMMON         0x0000000000029ed4       0xb0 HAL/src/hal_spi.o
                0x0000000000029ed4                hspi2
                0x0000000000029f2c                hspi1
 COMMON         0x0000000000029f84       0xc0 HAL/src/hal_timer.o
                0x0000000000029f84                htim4
                0x0000000000029fc4                htim1
                0x000000000002a004                htim2
 COMMON         0x000000000002a044      0x180 HAL/src/hal_uart.o
                0x000000000002a044                huart3
                0x000000000002a084                huart5
                0x000000000002a0c4                huart1
                0x000000000002a104                huart6
                0x000000000002a144                huart4
                0x000000000002a184                huart2
 COMMON         0x000000000002a1c4        0xc HAL/src/hal_wdg.o
                0x000000000002a1c4                hiwdg
 COMMON         0x000000000002a1d0       0x40 Middlewares/Third_Party/FreeRTOS/Source/queue.o
                0x000000000002a1d0                xQueueRegistry
 COMMON         0x000000000002a210        0x4 SX127xLib/sx1276-LoRa.o
                0x000000000002a210                sx1278
 COMMON         0x000000000002a214        0x4 c:/st/stm32cubeide_1.4.0/stm32cubeide/plugins/com.st.stm32cube.ide.mcu.externaltools.gnu-tools-for-stm32.7-2018-q2-update.win32_1.4.0.202007081208/tools/bin/../lib/gcc/arm-none-eabi/7.3.1/../../../../arm-none-eabi/lib/thumb/v7e-m/fpv4-sp/hard\libc_nano.a(lib_a-reent.o)
                0x000000000002a214                errno
                0x000000000002a218                . = ALIGN ((. != 0x0)?0x4:0x1)
                0x000000000002a218                _bss_end__ = .
                0x000000000002a218                __bss_end__ = .
                0x000000000002a218                . = ALIGN (0x4)
                0x000000000002a218                . = SEGMENT_START ("ldata-segment", .)
                0x000000000002a218                . = ALIGN (0x4)
                0x000000000002a218                __end__ = .
                0x000000000002a218                _end = .
                [!provide]                        PROVIDE (end = .)

.stack          0x0000000000080000        0x0
                0x0000000000080000                _stack = .
 *(.stack)

.stab
 *(.stab)

.stabstr
 *(.stabstr)

.stab.excl
 *(.stab.excl)

.stab.exclstr
 *(.stab.exclstr)

.stab.index
 *(.stab.index)

.stab.indexstr
 *(.stab.indexstr)

.comment        0x0000000000000000       0x7b
 *(.comment)
 .comment       0x0000000000000000       0x7b APP/src/app_communication.o
                                         0x7c (size before relaxing)
 .comment       0x000000000000007b       0x7c APP/src/app_data.o
 .comment       0x000000000000007b       0x7c APP/src/app_device.o
 .comment       0x000000000000007b       0x7c APP/src/app_protocol.o
 .comment       0x000000000000007b       0x7c APP/src/app_task.o
 .comment       0x000000000000007b       0x7c Core/Src/main.o
 .comment       0x000000000000007b       0x7c Core/Src/stm32f4xx_hal_msp.o
 .comment       0x000000000000007b       0x7c Core/Src/syscalls.o
 .comment       0x000000000000007b       0x7c Core/Src/sysmem.o
 .comment       0x000000000000007b       0x7c Core/Src/system_stm32f4xx.o
 .comment       0x000000000000007b       0x7c DRV/src/drv_485.o
 .comment       0x000000000000007b       0x7c DRV/src/drv_ble.o
 .comment       0x000000000000007b       0x7c DRV/src/drv_cat1.o
 .comment       0x000000000000007b       0x7c DRV/src/drv_debug.o