Archive member included to satisfy reference by file (symbol)

d:/stm cube ide/stm32cubeide_1.7.0/stm32cubeide/plugins/com.st.stm32cube.ide.mcu.externaltools.gnu-tools-for-stm32.9-2020-q2-update.win32_2.0.0.202105311346/tools/bin/../lib/gcc/arm-none-eabi/9.3.1/../../../../arm-none-eabi/lib/thumb/v7e-m+fp/hard\libc_nano.a(lib_a-errno.o)
                              ./Core/Src/syscalls.o (__errno)
d:/stm cube ide/stm32cubeide_1.7.0/stm32cubeide/plugins/com.st.stm32cube.ide.mcu.externaltools.gnu-tools-for-stm32.9-2020-q2-update.win32_2.0.0.202105311346/tools/bin/../lib/gcc/arm-none-eabi/9.3.1/../../../../arm-none-eabi/lib/thumb/v7e-m+fp/hard\libc_nano.a(lib_a-exit.o)
                              d:/stm cube ide/stm32cubeide_1.7.0/stm32cubeide/plugins/com.st.stm32cube.ide.mcu.externaltools.gnu-tools-for-stm32.9-2020-q2-update.win32_2.0.0.202105311346/tools/bin/../lib/gcc/arm-none-eabi/9.3.1/../../../../arm-none-eabi/lib/thumb/v7e-m+fp/hard/crt0.o (exit)
d:/stm cube ide/stm32cubeide_1.7.0/stm32cubeide/plugins/com.st.stm32cube.ide.mcu.externaltools.gnu-tools-for-stm32.9-2020-q2-update.win32_2.0.0.202105311346/tools/bin/../lib/gcc/arm-none-eabi/9.3.1/../../../../arm-none-eabi/lib/thumb/v7e-m+fp/hard\libc_nano.a(lib_a-impure.o)
                              d:/stm cube ide/stm32cubeide_1.7.0/stm32cubeide/plugins/com.st.stm32cube.ide.mcu.externaltools.gnu-tools-for-stm32.9-2020-q2-update.win32_2.0.0.202105311346/tools/bin/../lib/gcc/arm-none-eabi/9.3.1/../../../../arm-none-eabi/lib/thumb/v7e-m+fp/hard\libc_nano.a(lib_a-exit.o) (_global_impure_ptr)
d:/stm cube ide/stm32cubeide_1.7.0/stm32cubeide/plugins/com.st.stm32cube.ide.mcu.externaltools.gnu-tools-for-stm32.9-2020-q2-update.win32_2.0.0.202105311346/tools/bin/../lib/gcc/arm-none-eabi/9.3.1/../../../../arm-none-eabi/lib/thumb/v7e-m+fp/hard\libc_nano.a(lib_a-init.o)
                              d:/stm cube ide/stm32cubeide_1.7.0/stm32cubeide/plugins/com.st.stm32cube.ide.mcu.externaltools.gnu-tools-for-stm32.9-2020-q2-update.win32_2.0.0.202105311346/tools/bin/../lib/gcc/arm-none-eabi/9.3.1/../../../../arm-none-eabi/lib/thumb/v7e-m+fp/hard/crt0.o (__libc_init_array)
d:/stm cube ide/stm32cubeide_1.7.0/stm32cubeide/plugins/com.st.stm32cube.ide.mcu.externaltools.gnu-tools-for-stm32.9-2020-q2-update.win32_2.0.0.202105311346/tools/bin/../lib/gcc/arm-none-eabi/9.3.1/../../../../arm-none-eabi/lib/thumb/v7e-m+fp/hard\libc_nano.a(lib_a-memcpy-stub.o)
                              ./APP/src/app_data.o (memcpy)
d:/stm cube ide/stm32cubeide_1.7.0/stm32cubeide/plugins/com.st.stm32cube.ide.mcu.externaltools.gnu-tools-for-stm32.9-2020-q2-update.win32_2.0.0.202105311346/tools/bin/../lib/gcc/arm-none-eabi/9.3.1/../../../../arm-none-eabi/lib/thumb/v7e-m+fp/hard\libc_nano.a(lib_a-memset.o)
                              d:/stm cube ide/stm32cubeide_1.7.0/stm32cubeide/plugins/com.st.stm32cube.ide.mcu.externaltools.gnu-tools-for-stm32.9-2020-q2-update.win32_2.0.0.202105311346/tools/bin/../lib/gcc/arm-none-eabi/9.3.1/../../../../arm-none-eabi/lib/thumb/v7e-m+fp/hard/crt0.o (memset)
d:/stm cube ide/stm32cubeide_1.7.0/stm32cubeide/plugins/com.st.stm32cube.ide.mcu.externaltools.gnu-tools-for-stm32.9-2020-q2-update.win32_2.0.0.202105311346/tools/bin/../lib/gcc/arm-none-eabi/9.3.1/../../../../arm-none-eabi/lib/thumb/v7e-m+fp/hard\libc_nano.a(lib_a-rand.o)
                              ./APP/src/app_task.o (srand)
d:/stm cube ide/stm32cubeide_1.7.0/stm32cubeide/plugins/com.st.stm32cube.ide.mcu.externaltools.gnu-tools-for-stm32.9-2020-q2-update.win32_2.0.0.202105311346/tools/bin/../lib/gcc/arm-none-eabi/9.3.1/../../../../arm-none-eabi/lib/thumb/v7e-m+fp/hard\libc_nano.a(lib_a-sprintf.o)
                              ./DRV/src/drv_cat1.o (sprintf)
d:/stm cube ide/stm32cubeide_1.7.0/stm32cubeide/plugins/com.st.stm32cube.ide.mcu.externaltools.gnu-tools-for-stm32.9-2020-q2-update.win32_2.0.0.202105311346/tools/bin/../lib/gcc/arm-none-eabi/9.3.1/../../../../arm-none-eabi/lib/thumb/v7e-m+fp/hard\libc_nano.a(lib_a-strlen.o)
                              ./DRV/src/drv_cat1.o (strlen)
d:/stm cube ide/stm32cubeide_1.7.0/stm32cubeide/plugins/com.st.stm32cube.ide.mcu.externaltools.gnu-tools-for-stm32.9-2020-q2-update.win32_2.0.0.202105311346/tools/bin/../lib/gcc/arm-none-eabi/9.3.1/../../../../arm-none-eabi/lib/thumb/v7e-m+fp/hard\libc_nano.a(lib_a-strstr.o)
                              ./DRV/src/drv_cat1.o (strstr)
d:/stm cube ide/stm32cubeide_1.7.0/stm32cubeide/plugins/com.st.stm32cube.ide.mcu.externaltools.gnu-tools-for-stm32.9-2020-q2-update.win32_2.0.0.202105311346/tools/bin/../lib/gcc/arm-none-eabi/9.3.1/../../../../arm-none-eabi/lib/thumb/v7e-m+fp/hard\libc_nano.a(lib_a-assert.o)
                              d:/stm cube ide/stm32cubeide_1.7.0/stm32cubeide/plugins/com.st.stm32cube.ide.mcu.externaltools.gnu-tools-for-stm32.9-2020-q2-update.win32_2.0.0.202105311346/tools/bin/../lib/gcc/arm-none-eabi/9.3.1/../../../../arm-none-eabi/lib/thumb/v7e-m+fp/hard\libc_nano.a(lib_a-rand.o) (__assert_func)
[...]
Memory Configuration

Name             Origin             Length             Attributes
CCMRAM           0x0000000010000000 0x0000000000010000 xrw
RAM              0x0000000020000000 0x0000000000020000 xrw
FLASH            0x0000000008020000 0x0000000000020000 xr
*default*        0x0000000000000000 0xffffffffffffffff

Linker script and memory map

LOAD d:/stm cube ide/stm32cubeide_1.7.0/stm32cubeide/plugins/com.st.stm32cube.ide.mcu.externaltools.gnu-tools-for-stm32.9-2020-q2-update.win32_2.0.0.202105311346/tools/bin/../lib/gcc/arm-none-eabi/9.3.1/thumb/v7e-m+fp/hard/crti.o
LOAD d:/stm cube ide/stm32cubeide_1.7.0/stm32cubeide/plugins/com.st.stm32cube.ide.mcu.externaltools.gnu-tools-for-stm32.9-2020-q2-update.win32_2.0.0.202105311346/tools/bin/../lib/gcc/arm-none-eabi/9.3.1/thumb/v7e-m+fp/hard/crtbegin.o
LOAD d:/stm cube ide/stm32cubeide_1.7.0/stm32cubeide/plugins/com.st.stm32cube.ide.mcu.externaltools.gnu-tools-for-stm32.9-2020-q2-update.win32_2.0.0.202105311346/tools/bin/../lib/gcc/arm-none-eabi/9.3.1/../../../../arm-none-eabi/lib/thumb/v7e-m+fp/hard/crt0.o
LOAD ./APP/src/app_communication.o
LOAD ./APP/src/app_data.o
LOAD ./APP/src/app_device.o
LOAD ./APP/src/app_protocol.o
LOAD ./APP/src/app_task.o
LOAD ./Core/Src/freertos.o
LOAD ./Core/Src/main.o
LOAD ./Core/Src/stm32f4xx_hal_msp.o
LOAD ./Core/Src/stm32f4xx_it.o
LOAD ./Core/Src/syscalls.o
LOAD ./Core/Src/sysmem.o
LOAD ./Core/Src/system_stm32f4xx.o
LOAD ./Core/Startup/startup_stm32f407vetx.o
LOAD ./DRV/src/drv_485.o
LOAD ./DRV/src/drv_ble.o
LOAD ./DRV/src/drv_cat1.o
LOAD ./DRV/src/drv_debug.o
LOAD ./DRV/src/drv_led.o
LOAD ./DRV/src/drv_mx25.o
LOAD ./DRV/src/drv_pwm2iv.o
LOAD ./DRV/src/drv_sx1278.o
LOAD ./Drivers/STM32F4xx_HAL_Driver/Src/stm32f4xx_hal.o
LOAD ./Drivers/STM32F4xx_HAL_Driver/Src/stm32f4xx_hal_adc.o
LOAD ./Drivers/STM32F4xx_HAL_Driver/Src/stm32f4xx_hal_adc_ex.o
LOAD ./Drivers/STM32F4xx_HAL_Driver/Src/stm32f4xx_hal_cortex.o
LOAD ./Drivers/STM32F4xx_HAL_Driver/Src/stm32f4xx_hal_dma.o
LOAD ./Drivers/STM32F4xx_HAL_Driver/Src/stm32f4xx_hal_dma_ex.o
LOAD ./Drivers/STM32F4xx_HAL_Driver/Src/stm32f4xx_hal_exti.o
LOAD ./Drivers/STM32F4xx_HAL_Driver/Src/stm32f4xx_hal_flash.o
LOAD ./Drivers/STM32F4xx_HAL_Driver/Src/stm32f4xx_hal_flash_ex.o
LOAD ./Drivers/STM32F4xx_HAL_Driver/Src/stm32f4xx_hal_flash_ramfunc.o
LOAD ./Drivers/STM32F4xx_HAL_Driver/Src/stm32f4xx_hal_gpio.o
LOAD ./Drivers/STM32F4xx_HAL_Driver/Src/stm32f4xx_hal_iwdg.o
LOAD ./Drivers/STM32F4xx_HAL_Driver/Src/stm32f4xx_hal_pwr.o
LOAD ./Drivers/STM32F4xx_HAL_Driver/Src/stm32f4xx_hal_pwr_ex.o
LOAD ./Drivers/STM32F4xx_HAL_Driver/Src/stm32f4xx_hal_rcc.o
LOAD ./Drivers/STM32F4xx_HAL_Driver/Src/stm32f4xx_hal_rcc_ex.o
LOAD ./Drivers/STM32F4xx_HAL_Driver/Src/stm32f4xx_hal_rtc.o
LOAD ./Drivers/STM32F4xx_HAL_Driver/Src/stm32f4xx_hal_rtc_ex.o
LOAD ./Drivers/STM32F4xx_HAL_Driver/Src/stm32f4xx_hal_spi.o
LOAD ./Drivers/STM32F4xx_HAL_Driver/Src/stm32f4xx_hal_tim.o
LOAD ./Drivers/STM32F4xx_HAL_Driver/Src/stm32f4xx_hal_tim_ex.o
LOAD ./Drivers/STM32F4xx_HAL_Driver/Src/stm32f4xx_hal_uart.o
LOAD ./Drivers/STM32F4xx_HAL_Driver/Src/stm32f4xx_hal_usart.o
LOAD ./HAL/src/hal_adc.o
LOAD ./HAL/src/hal_flash.o
LOAD ./HAL/src/hal_gpio.o
LOAD ./HAL/src/hal_spi.o
LOAD ./HAL/src/hal_timer.o
LOAD ./HAL/src/hal_uart.o
LOAD ./HAL/src/hal_wdg.o
LOAD ./Middlewares/Third_Party/FreeRTOS/Source/CMSIS_RTOS_V2/cmsis_os2.o
LOAD ./Middlewares/Third_Party/FreeRTOS/Source/croutine.o
LOAD ./Middlewares/Third_Party/FreeRTOS/Source/event_groups.o
LOAD ./Middlewares/Third_Party/FreeRTOS/Source/list.o
LOAD ./Middlewares/Third_Party/FreeRTOS/Source/queue.o
LOAD ./Middlewares/Third_Party/FreeRTOS/Source/stream_buffer.o
LOAD ./Middlewares/Third_Party/FreeRTOS/Source/tasks.o
LOAD ./Middlewares/Third_Party/FreeRTOS/Source/timers.o
LOAD ./Middlewares/Third_Party/FreeRTOS/Source/portable/GCC/ARM_CM4F/port.o
LOAD ./Middlewares/Third_Party/FreeRTOS/Source/portable/MemMang/heap_4.o
LOAD ./SX127xLib/radio.o
LOAD ./SX127xLib/sx1276-Fsk.o
LOAD ./SX127xLib/sx1276-FskMisc.o
LOAD ./SX127xLib/sx1276-Hal.o
LOAD ./SX127xLib/sx1276-LoRa.o
LOAD ./SX127xLib/sx1276-LoRaMisc.o
LOAD ./SX127xLib/sx1276.o
START GROUP
LOAD d:/stm cube ide/stm32cubeide_1.7.0/stm32cubeide/plugins/com.st.stm32cube.ide.mcu.externaltools.gnu-tools-for-stm32.9-2020-q2-update.win32_2.0.0.202105311346/tools/bin/../lib/gcc/arm-none-eabi/9.3.1/../../../../arm-none-eabi/lib/thumb/v7e-m+fp/hard\libc_nano.a
LOAD d:/stm cube ide/stm32cubeide_1.7.0/stm32cubeide/plugins/com.st.stm32cube.ide.mcu.externaltools.gnu-tools-for-stm32.9-2020-q2-update.win32_2.0.0.202105311346/tools/bin/../lib/gcc/arm-none-eabi/9.3.1/../../../../arm-none-eabi/lib/thumb/v7e-m+fp/hard\libm.a
END GROUP
START GROUP
LOAD d:/stm cube ide/stm32cubeide_1.7.0/stm32cubeide/plugins/com.st.stm32cube.ide.mcu.externaltools.gnu-tools-for-stm32.9-2020-q2-update.win32_2.0.0.202105311346/tools/bin/../lib/gcc/arm-none-eabi/9.3.1/thumb/v7e-m+fp/hard\libgcc.a
LOAD d:/stm cube ide/stm32cubeide_1.7.0/stm32cubeide/plugins/com.st.stm32cube.ide.mcu.externaltools.gnu-tools-for-stm32.9-2020-q2-update.win32_2.0.0.202105311346/tools/bin/../lib/gcc/arm-none-eabi/9.3.1/../../../../arm-none-eabi/lib/thumb/v7e-m+fp/hard\libc_nano.a
END GROUP
START GROUP
LOAD d:/stm cube ide/stm32cubeide_1.7.0/stm32cubeide/plugins/com.st.stm32cube.ide.mcu.externaltools.gnu-tools-for-stm32.9-2020-q2-update.win32_2.0.0.202105311346/tools/bin/../lib/gcc/arm-none-eabi/9.3.1/thumb/v7e-m+fp/hard\libgcc.a
LOAD d:/stm cube ide/stm32cubeide_1.7.0/stm32cubeide/plugins/com.st.stm32cube.ide.mcu.externaltools.gnu-tools-for-stm32.9-2020-q2-update.win32_2.0.0.202105311346/tools/bin/../lib/gcc/arm-none-eabi/9.3.1/../../../../arm-none-eabi/lib/thumb/v7e-m+fp/hard\libc_nano.a
LOAD d:/stm cube ide/stm32cubeide_1.7.0/stm32cubeide/plugins/com.st.stm32cube.ide.mcu.externaltools.gnu-tools-for-stm32.9-2020-q2-update.win32_2.0.0.202105311346/tools/bin/../lib/gcc/arm-none-eabi/9.3.1/../../../../arm-none-eabi/lib/thumb/v7e-m+fp/hard\libnosys.a
END GROUP
START GROUP
LOAD d:/stm cube ide/stm32cubeide_1.7.0/stm32cubeide/plugins/com.st.stm32cube.ide.mcu.externaltools.gnu-tools-for-stm32.9-2020-q2-update.win32_2.0.0.202105311346/tools/bin/../lib/gcc/arm-none-eabi/9.3.1/thumb/v7e-m+fp/hard\libgcc.a
LOAD d:/stm cube ide/stm32cubeide_1.7.0/stm32cubeide/plugins/com.st.stm32cube.ide.mcu.externaltools.gnu-tools-for-stm32.9-2020-q2-update.win32_2.0.0.202105311346/tools/bin/../lib/gcc/arm-none-eabi/9.3.1/../../../../arm-none-eabi/lib/thumb/v7e-m+fp/hard\libc_nano.a
LOAD d:/stm cube ide/stm32cubeide_1.7.0/stm32cubeide/plugins/com.st.stm32cube.ide.mcu.externaltools.gnu-tools-for-stm32.9-2020-q2-update.win32_2.0.0.202105311346/tools/bin/../lib/gcc/arm-none-eabi/9.3.1/../../../../arm-none-eabi/lib/thumb/v7e-m+fp/hard\libnosys.a
END GROUP
LOAD d:/stm cube ide/stm32cubeide_1.7.0/stm32cubeide/plugins/com.st.stm32cube.ide.mcu.externaltools.gnu-tools-for-stm32.9-2020-q2-update.win32_2.0.0.202105311346/tools/bin/../lib/gcc/arm-none-eabi/9.3.1/thumb/v7e-m+fp/hard/crtend.o
LOAD d:/stm cube ide/stm32cubeide_1.7.0/stm32cubeide/plugins/com.st.stm32cube.ide.mcu.externaltools.gnu-tools-for-stm32.9-2020-q2-update.win32_2.0.0.202105311346/tools/bin/../lib/gcc/arm-none-eabi/9.3.1/thumb/v7e-m+fp/hard/crtn.o
                0x0000000020020000                _estack = (ORIGIN (RAM) + LENGTH (RAM))
                0x0000000000001000                _Min_Heap_Size = 0x1000
                0x0000000000001000                _Min_Stack_Size = 0x1000

.isr_vector     0x0000000008020000      0x188
                0x0000000008020000                . = ALIGN (0x4)
 *(.isr_vector)
 .isr_vector    0x0000000008020000      0x188 ./Core/Startup/startup_stm32f407vetx.o
                0x0000000008020000                g_pfnVectors
                0x0000000008020188                . = ALIGN (0x4)

.text           0x0000000008020190     0xe32c
                0x0000000008020190                . = ALIGN (0x4)
 *(.text)
 .text          0x0000000008020190       0x40 d:/stm cube ide/stm32cubeide_1.7.0/stm32cubeide/plugins/com.st.stm32cube.ide.mcu.externaltools.gnu-tools-for-stm32.9-2020-q2-update.win32_2.0.0.202105311346/tools/bin/../lib/gcc/arm-none-eabi/9.3.1/thumb/v7e-m+fp/hard/crtbegin.o
 .text          0x00000000080201d0       0x10 d:/stm cube ide/stm32cubeide_1.7.0/stm32cubeide/plugins/com.st.stm32cube.ide.mcu.externaltools.gnu-tools-for-stm32.9-2020-q2-update.win32_2.0.0.202105311346/tools/bin/../lib/gcc/arm-none-eabi/9.3.1/../../../../arm-none-eabi/lib/thumb/v7e-m+fp/hard\libc_nano.a(lib_a-strlen.o)
                0x00000000080201d0                strlen
 .text          0x00000000080201e0       0xa0 d:/stm cube ide/stm32cubeide_1.7.0/stm32cubeide/plugins/com.st.stm32cube.ide.mcu.externaltools.gnu-tools-for-stm32.9-2020-q2-update.win32_2.0.0.202105311346/tools/bin/../lib/gcc/arm-none-eabi/9.3.1/../../../../arm-none-eabi/lib/thumb/v7e-m+fp/hard\libc_nano.a(lib_a-memchr.o)
                0x00000000080201e0                memchr
 .text          0x0000000008020280      0x378 d:/stm cube ide/stm32cubeide_1.7.0/stm32cubeide/plugins/com.st.stm32cube.ide.mcu.externaltools.gnu-tools-for-stm32.9-2020-q2-update.win32_2.0.0.202105311346/tools/bin/../lib/gcc/arm-none-eabi/9.3.1/thumb/v7e-m+fp/hard\libgcc.a(_arm_addsubdf3.o)
                0x0000000008020280                __aeabi_drsub
                0x0000000008020288                __aeabi_dsub
                0x0000000008020288                __subdf3
                0x000000000802028c                __aeabi_dadd
                0x000000000802028c                __adddf3
                0x0000000008020504                __floatunsidf
                0x0000000008020504                __aeabi_ui2d
                0x0000000008020524                __floatsidf
                0x0000000008020524                __aeabi_i2d
                0x0000000008020548                __aeabi_f2d
                0x0000000008020548                __extendsfdf2
                0x000000000802058c                __floatundidf
                0x000000000802058c                __aeabi_ul2d
                0x000000000802059c                __floatdidf
                0x000000000802059c                __aeabi_l2d
 .text          0x00000000080205f8      0x424 d:/stm cube ide/stm32cubeide_1.7.0/stm32cubeide/plugins/com.st.stm32cube.ide.mcu.externaltools.gnu-tools-for-stm32.9-2020-q2-update.win32_2.0.0.202105311346/tools/bin/../lib/gcc/arm-none-eabi/9.3.1/thumb/v7e-m+fp/hard\libgcc.a(_arm_muldivdf3.o)
                0x00000000080205f8                __aeabi_dmul
                0x00000000080205f8                __muldf3
                0x000000000802084c                __divdf3
                0x000000000802084c                __aeabi_ddiv
 .text          0x0000000008020a1c       0x40 d:/stm cube ide/stm32cubeide_1.7.0/stm32cubeide/plugins/com.st.stm32cube.ide.mcu.externaltools.gnu-tools-for-stm32.9-2020-q2-update.win32_2.0.0.202105311346/tools/bin/../lib/gcc/arm-none-eabi/9.3.1/thumb/v7e-m+fp/hard\libgcc.a(_arm_fixunsdfsi.o)
                0x0000000008020a1c                __aeabi_d2uiz
                0x0000000008020a1c                __fixunsdfsi
 .text          0x0000000008020a5c       0x30 d:/stm cube ide/stm32cubeide_1.7.0/stm32cubeide/plugins/com.st.stm32cube.ide.mcu.externaltools.gnu-tools-for-stm32.9-2020-q2-update.win32_2.0.0.202105311346/tools/bin/../lib/gcc/arm-none-eabi/9.3.1/thumb/v7e-m+fp/hard\libgcc.a(_aeabi_uldivmod.o)
                0x0000000008020a5c                __aeabi_uldivmod
 .text          0x0000000008020a8c      0x2c4 d:/stm cube ide/stm32cubeide_1.7.0/stm32cubeide/plugins/com.st.stm32cube.ide.mcu.externaltools.gnu-tools-for-stm32.9-2020-q2-update.win32_2.0.0.202105311346/tools/bin/../lib/gcc/arm-none-eabi/9.3.1/thumb/v7e-m+fp/hard\libgcc.a(_udivmoddi4.o)
                0x0000000008020a8c                __udivmoddi4
 .text          0x0000000008020d50        0x4 d:/stm cube ide/stm32cubeide_1.7.0/stm32cubeide/plugins/com.st.stm32cube.ide.mcu.externaltools.gnu-tools-for-stm32.9-2020-q2-update.win32_2.0.0.202105311346/tools/bin/../lib/gcc/arm-none-eabi/9.3.1/thumb/v7e-m+fp/hard\libgcc.a(_dvmd_tls.o)
                0x0000000008020d50                __aeabi_idiv0
                0x0000000008020d50                __aeabi_ldiv0
 *(.text*)
 .text.__NVIC_SystemReset
                0x0000000008020d54       0x2c ./APP/src/app_communication.o
 .text.app_pollCommunicationEvents
                0x0000000008020d80      0x228 ./APP/src/app_communication.o
                0x0000000008020d80                app_pollCommunicationEvents
 .text.__NVIC_SystemReset
                0x0000000008020fa8       0x2c ./APP/src/app_data.o
 .text.app_changeEndian
                0x0000000008020fd4       0x62 ./APP/src/app_data.o
 *fill*         0x0000000008021036        0x2 
 .text.app_sendMsg
                0x0000000008021038       0xb8 ./APP/src/app_data.o
                0x0000000008021038                app_sendMsg
 .text.app_revDebugMsg
                0x00000000080210f0       0x18 ./APP/src/app_data.o
                0x00000000080210f0                app_revDebugMsg
 .text.app_revLoRa1Msg
                0x0000000008021108       0x30 ./APP/src/app_data.o
                0x0000000008021108                app_revLoRa1Msg
 .text.app_revRS4851Msg
                0x0000000008021138       0x28 ./APP/src/app_data.o
                0x0000000008021138                app_revRS4851Msg
 .text.app_revRS4852Msg
                0x0000000008021160       0x28 ./APP/src/app_data.o
                0x0000000008021160                app_revRS4852Msg
 .text.app_revCat1Msg
                0x0000000008021188       0x20 ./APP/src/app_data.o
                0x0000000008021188                app_revCat1Msg
 .text.app_connectServer
                0x00000000080211a8       0x34 ./APP/src/app_data.o
                0x00000000080211a8                app_connectServer
 .text.app_restartCat1
                0x00000000080211dc       0x18 ./APP/src/app_data.o
                0x00000000080211dc                app_restartCat1
 .text.app_registCat1
                0x00000000080211f4       0x1c ./APP/src/app_data.o
                0x00000000080211f4                app_registCat1
 .text.app_revBLEMsg
                0x0000000008021210       0x18 ./APP/src/app_data.o
                0x0000000008021210                app_revBLEMsg
 .text.app_sendProtocolMsg
                0x0000000008021228      0x47c ./APP/src/app_data.o
                0x0000000008021228                app_sendProtocolMsg
 .text.app_procProtocolMsg
                0x00000000080216a4      0x97c ./APP/src/app_data.o
                0x00000000080216a4                app_procProtocolMsg
 .text.app_readSysConfig
                0x0000000008022020       0x20 ./APP/src/app_device.o
                0x0000000008022020                app_readSysConfig
 .text.app_saveSysConfig
                0x0000000008022040       0x38 ./APP/src/app_device.o
                0x0000000008022040                app_saveSysConfig
 .text.app_initDevice
                0x0000000008022078      0x1c0 ./APP/src/app_device.o
                0x0000000008022078                app_initDevice
 .text.getCrc16
                0x0000000008022238       0x42 ./APP/src/app_protocol.o
 .text.app_packProtocolMsg
                0x000000000802227a      0x150 ./APP/src/app_protocol.o
                0x000000000802227a                app_packProtocolMsg
 .text.app_unpackProtocolMsg
                0x00000000080223ca      0x3b6 ./APP/src/app_protocol.o
                0x00000000080223ca                app_unpackProtocolMsg
 .text.__NVIC_SystemReset
                0x0000000008022780       0x2c ./APP/src/app_task.o
 .text.vApplicationIdleHook
                0x00000000080227ac       0x38 ./APP/src/app_task.o
                0x00000000080227ac                vApplicationIdleHook
 .text.app_mainTask
                0x00000000080227e4      0x568 ./APP/src/app_task.o
                0x00000000080227e4                app_mainTask
 .text.app_communicationTask
                0x0000000008022d4c       0x1c ./APP/src/app_task.o
                0x0000000008022d4c                app_communicationTask
 .text.app_driverTask
                0x0000000008022d68       0x64 ./APP/src/app_task.o
                0x0000000008022d68                app_driverTask
 .text.app_createAllTask
                0x0000000008022dcc       0x5c ./APP/src/app_task.o
                0x0000000008022dcc                app_createAllTask
 .text.main     0x0000000008022e28       0x24 ./Core/Src/main.o
                0x0000000008022e28                main
 .text.SystemClock_Config
                0x0000000008022e4c      0x104 ./Core/Src/main.o
                0x0000000008022e4c                SystemClock_Config
 .text.Error_Handler
                0x0000000008022f50        0xe ./Core/Src/main.o
                0x0000000008022f50                Error_Handler
 *fill*         0x0000000008022f5e        0x2 
 .text.HAL_MspInit
                0x0000000008022f60       0x50 ./Core/Src/stm32f4xx_hal_msp.o
                0x0000000008022f60                HAL_MspInit
 .text.HAL_TIM_PWM_MspInit
                0x0000000008022fb0       0x98 ./Core/Src/stm32f4xx_hal_msp.o
                0x0000000008022fb0                HAL_TIM_PWM_MspInit
 .text.HAL_TIM_PWM_IO_MspInit
                0x0000000008023048      0x110 ./Core/Src/stm32f4xx_hal_msp.o
                0x0000000008023048                HAL_TIM_PWM_IO_MspInit
 .text.HAL_SPI_MspInit
                0x0000000008023158      0x178 ./Core/Src/stm32f4xx_hal_msp.o
                0x0000000008023158                HAL_SPI_MspInit
 .text.HAL_UART_MspInit
                0x00000000080232d0      0x28c ./Core/Src/stm32f4xx_hal_msp.o
                0x00000000080232d0                HAL_UART_MspInit
 .text.__NVIC_SystemReset
                0x000000000802355c       0x2c ./Core/Src/stm32f4xx_it.o
 .text.NMI_Handler
                0x0000000008023588        0xe ./Core/Src/stm32f4xx_it.o
                0x0000000008023588                NMI_Handler
 .text.HardFault_Handler
                0x0000000008023596        0x8 ./Core/Src/stm32f4xx_it.o
                0x0000000008023596                HardFault_Handler
 .text.MemManage_Handler
                0x000000000802359e        0x8 ./Core/Src/stm32f4xx_it.o
                0x000000000802359e                MemManage_Handler
 .text.BusFault_Handler
                0x00000000080235a6        0x8 ./Core/Src/stm32f4xx_it.o
                0x00000000080235a6                BusFault_Handler
 .text.UsageFault_Handler
                0x00000000080235ae        0x8 ./Core/Src/stm32f4xx_it.o
                0x00000000080235ae                UsageFault_Handler
 .text.DebugMon_Handler
                0x00000000080235b6        0xe ./Core/Src/stm32f4xx_it.o
                0x00000000080235b6                DebugMon_Handler
 .text.SysTick_Handler
                0x00000000080235c4       0x6c ./Core/Src/stm32f4xx_it.o
                0x00000000080235c4                SysTick_Handler
 .text.USART1_IRQHandler
                0x0000000008023630       0x48 ./Core/Src/stm32f4xx_it.o
                0x0000000008023630                USART1_IRQHandler
 .text.USART2_IRQHandler
                0x0000000008023678       0x80 ./Core/Src/stm32f4xx_it.o
                0x0000000008023678                USART2_IRQHandler
 .text.USART3_IRQHandler
                0x00000000080236f8       0x7c ./Core/Src/stm32f4xx_it.o
                0x00000000080236f8                USART3_IRQHandler
 .text.UART4_IRQHandler
                0x0000000008023774       0x7c ./Core/Src/stm32f4xx_it.o
                0x0000000008023774                UART4_IRQHandler
 .text.USART6_IRQHandler
                0x00000000080237f0       0x70 ./Core/Src/stm32f4xx_it.o
                0x00000000080237f0                USART6_IRQHandler
 .text._getpid  0x0000000008023860       0x10 ./Core/Src/syscalls.o
                0x0000000008023860                _getpid
 .text._kill    0x0000000008023870       0x20 ./Core/Src/syscalls.o
                0x0000000008023870                _kill
 .text._exit    0x0000000008023890       0x14 ./Core/Src/syscalls.o
                0x0000000008023890                _exit
 .text._read    0x00000000080238a4       0x3a ./Core/Src/syscalls.o
                0x00000000080238a4                _read
 .text._write   0x00000000080238de       0x38 ./Core/Src/syscalls.o
                0x00000000080238de                _write
 .text._close   0x0000000008023916       0x18 ./Core/Src/syscalls.o
                0x0000000008023916                _close
 .text._fstat   0x000000000802392e       0x20 ./Core/Src/syscalls.o
                0x000000000802392e                _fstat
 .text._isatty  0x000000000802394e       0x16 ./Core/Src/syscalls.o
                0x000000000802394e                _isatty
 .text._lseek   0x0000000008023964       0x1a ./Core/Src/syscalls.o
                0x0000000008023964                _lseek
 *fill*         0x000000000802397e        0x2 
 .text._sbrk    0x0000000008023980       0x6c ./Core/Src/sysmem.o
                0x0000000008023980                _sbrk
 .text.SystemInit
                0x00000000080239ec       0x2c ./Core/Src/system_stm32f4xx.o
                0x00000000080239ec                SystemInit
 .text.Reset_Handler
                0x0000000008023a18       0x50 ./Core/Startup/startup_stm32f407vetx.o
                0x0000000008023a18                Reset_Handler
 .text.Default_Handler
                0x0000000008023a68        0x2 ./Core/Startup/startup_stm32f407vetx.o
                0x0000000008023a68                RTC_Alarm_IRQHandler
                0x0000000008023a68                HASH_RNG_IRQHandler
                0x0000000008023a68                EXTI2_IRQHandler
                0x0000000008023a68                TIM8_CC_IRQHandler
                0x0000000008023a68                TIM1_CC_IRQHandler
                0x0000000008023a68                DMA2_Stream5_IRQHandler
                0x0000000008023a68                DMA1_Stream5_IRQHandler
                0x0000000008023a68                PVD_IRQHandler
                0x0000000008023a68                SDIO_IRQHandler
                0x0000000008023a68                TAMP_STAMP_IRQHandler
                0x0000000008023a68                CAN2_RX1_IRQHandler
                0x0000000008023a68                EXTI3_IRQHandler
                0x0000000008023a68                TIM8_TRG_COM_TIM14_IRQHandler
                0x0000000008023a68                TIM1_UP_TIM10_IRQHandler
                0x0000000008023a68                TIM8_UP_TIM13_IRQHandler
                0x0000000008023a68                I2C3_ER_IRQHandler
                0x0000000008023a68                EXTI0_IRQHandler
                0x0000000008023a68                I2C2_EV_IRQHandler
                0x0000000008023a68                DMA1_Stream2_IRQHandler
                0x0000000008023a68                CAN1_RX0_IRQHandler
                0x0000000008023a68                FPU_IRQHandler
                0x0000000008023a68                OTG_HS_WKUP_IRQHandler
                0x0000000008023a68                CAN2_SCE_IRQHandler
                0x0000000008023a68                DMA2_Stream2_IRQHandler
                0x0000000008023a68                SPI1_IRQHandler
                0x0000000008023a68                TIM6_DAC_IRQHandler
                0x0000000008023a68                TIM1_BRK_TIM9_IRQHandler
                0x0000000008023a68                DCMI_IRQHandler
                0x0000000008023a68                CAN2_RX0_IRQHandler
                0x0000000008023a68                DMA2_Stream3_IRQHandler
                0x0000000008023a68                CAN1_RX1_IRQHandler
                0x0000000008023a68                UART5_IRQHandler
                0x0000000008023a68                DMA2_Stream0_IRQHandler
                0x0000000008023a68                TIM4_IRQHandler
                0x0000000008023a68                I2C1_EV_IRQHandler
                0x0000000008023a68                DMA1_Stream6_IRQHandler
                0x0000000008023a68                DMA1_Stream1_IRQHandler
                0x0000000008023a68                TIM3_IRQHandler
                0x0000000008023a68                RCC_IRQHandler
                0x0000000008023a68                TIM8_BRK_TIM12_IRQHandler
                0x0000000008023a68                Default_Handler
                0x0000000008023a68                EXTI15_10_IRQHandler
                0x0000000008023a68                ADC_IRQHandler
                0x0000000008023a68                DMA1_Stream7_IRQHandler
                0x0000000008023a68                TIM7_IRQHandler
                0x0000000008023a68                CAN2_TX_IRQHandler
                0x0000000008023a68                TIM5_IRQHandler
                0x0000000008023a68                DMA2_Stream7_IRQHandler
                0x0000000008023a68                I2C3_EV_IRQHandler
                0x0000000008023a68                EXTI9_5_IRQHandler
                0x0000000008023a68                RTC_WKUP_IRQHandler
                0x0000000008023a68                ETH_WKUP_IRQHandler
                0x0000000008023a68                SPI2_IRQHandler
                0x0000000008023a68                OTG_HS_EP1_IN_IRQHandler
                0x0000000008023a68                DMA1_Stream0_IRQHandler
                0x0000000008023a68                CAN1_TX_IRQHandler
                0x0000000008023a68                EXTI4_IRQHandler
                0x0000000008023a68                FSMC_IRQHandler
                0x0000000008023a68                ETH_IRQHandler
                0x0000000008023a68                OTG_HS_EP1_OUT_IRQHandler
                0x0000000008023a68                WWDG_IRQHandler
                0x0000000008023a68                TIM2_IRQHandler
                0x0000000008023a68                OTG_FS_WKUP_IRQHandler
                0x0000000008023a68                TIM1_TRG_COM_TIM11_IRQHandler
                0x0000000008023a68                OTG_HS_IRQHandler
                0x0000000008023a68                EXTI1_IRQHandler
                0x0000000008023a68                I2C2_ER_IRQHandler
                0x0000000008023a68                DMA2_Stream1_IRQHandler
                0x0000000008023a68                CAN1_SCE_IRQHandler
                0x0000000008023a68                FLASH_IRQHandler
                0x0000000008023a68                DMA2_Stream4_IRQHandler
                0x0000000008023a68                OTG_FS_IRQHandler
                0x0000000008023a68                SPI3_IRQHandler
                0x0000000008023a68                DMA1_Stream4_IRQHandler
                0x0000000008023a68                I2C1_ER_IRQHandler
                0x0000000008023a68                DMA2_Stream6_IRQHandler
                0x0000000008023a68                DMA1_Stream3_IRQHandler
 *fill*         0x0000000008023a6a        0x2 
 .text.drv_sendRS485_1_Data
                0x0000000008023a6c       0x44 ./DRV/src/drv_485.o
 .text.drv_sendRS485_2_Data
                0x0000000008023ab0       0x44 ./DRV/src/drv_485.o
 .text.drv_initRS485
                0x0000000008023af4       0xa8 ./DRV/src/drv_485.o
                0x0000000008023af4                drv_initRS485
 .text.drv_pollRS485Events
                0x0000000008023b9c       0x44 ./DRV/src/drv_485.o
                0x0000000008023b9c                drv_pollRS485Events
 .text.drv_sendBLEData
                0x0000000008023be0       0x20 ./DRV/src/drv_ble.o
 .text.drv_initBLE
                0x0000000008023c00       0x48 ./DRV/src/drv_ble.o
                0x0000000008023c00                drv_initBLE
 .text.drv_pollBLEEvents
                0x0000000008023c48       0x46 ./DRV/src/drv_ble.o
                0x0000000008023c48                drv_pollBLEEvents
 *fill*         0x0000000008023c8e        0x2 
 .text.drv_sendATCmd
                0x0000000008023c90       0xf4 ./DRV/src/drv_cat1.o
 .text.drv_sendData
                0x0000000008023d84       0x20 ./DRV/src/drv_cat1.o
 .text.drv_initCat1
                0x0000000008023da4       0x78 ./DRV/src/drv_cat1.o
                0x0000000008023da4                drv_initCat1
 .text.drv_pollSCat1Events
                0x0000000008023e1c      0x62c ./DRV/src/drv_cat1.o
                0x0000000008023e1c                drv_pollSCat1Events
 .text.drv_sendDebugData
                0x0000000008024448       0x20 ./DRV/src/drv_debug.o
 .text.drv_initDebug
                0x0000000008024468       0x44 ./DRV/src/drv_debug.o
                0x0000000008024468                drv_initDebug
 .text.drv_writeSysLED
                0x00000000080244ac       0x28 ./DRV/src/drv_led.o
 .text.drv_writeNetLED
                0x00000000080244d4       0x28 ./DRV/src/drv_led.o
 .text.drv_writeDataLED
                0x00000000080244fc       0x28 ./DRV/src/drv_led.o
 .text.drv_readSysLED
                0x0000000008024524       0x28 ./DRV/src/drv_led.o
 .text.drv_readNetLED
                0x000000000802454c       0x2c ./DRV/src/drv_led.o
 .text.drv_readDataLED
                0x0000000008024578       0x2c ./DRV/src/drv_led.o
 .text.drv_initLED
                0x00000000080245a4       0x98 ./DRV/src/drv_led.o
                0x00000000080245a4                drv_initLED
 .text.drv_pollLEDEvent
                0x000000000802463c       0xaa ./DRV/src/drv_led.o
                0x000000000802463c                drv_pollLEDEvent
 .text.drv_writeData
                0x00000000080246e6       0xae ./DRV/src/drv_mx25.o
 .text.drv_readData
                0x0000000008024794       0x94 ./DRV/src/drv_mx25.o
 .text.drv_initFlash
                0x0000000008024828       0x30 ./DRV/src/drv_mx25.o
                0x0000000008024828                drv_initFlash
 .text.Wait_Flash_WarmUp
                0x0000000008024858       0x2c ./DRV/src/drv_mx25.o
                0x0000000008024858                Wait_Flash_WarmUp
 .text.Initial_Spi
                0x0000000008024884       0x2c ./DRV/src/drv_mx25.o
                0x0000000008024884                Initial_Spi
 .text.CS_Low   0x00000000080248b0       0x20 ./DRV/src/drv_mx25.o
                0x00000000080248b0                CS_Low
 .text.CS_High  0x00000000080248d0       0x20 ./DRV/src/drv_mx25.o
                0x00000000080248d0                CS_High
 .text.SendByte
                0x00000000080248f0       0x24 ./DRV/src/drv_mx25.o
                0x00000000080248f0                SendByte
 .text.GetByte  0x0000000008024914       0x22 ./DRV/src/drv_mx25.o
                0x0000000008024914                GetByte
 .text.WaitFlashReady
                0x0000000008024936       0x34 ./DRV/src/drv_mx25.o
                0x0000000008024936                WaitFlashReady
 .text.IsFlashBusy
                0x000000000802496a       0x26 ./DRV/src/drv_mx25.o
                0x000000000802496a                IsFlashBusy
 .text.IsFlash4Byte
                0x0000000008024990       0x10 ./DRV/src/drv_mx25.o
                0x0000000008024990                IsFlash4Byte
 .text.SendFlashAddr
                0x00000000080249a0       0x5c ./DRV/src/drv_mx25.o
                0x00000000080249a0                SendFlashAddr
 .text.CMD_RDID
                0x00000000080249fc       0x5a ./DRV/src/drv_mx25.o
                0x00000000080249fc                CMD_RDID
 .text.CMD_RDSR
                0x0000000008024a56       0x32 ./DRV/src/drv_mx25.o
                0x0000000008024a56                CMD_RDSR
 .text.CMD_READ
                0x0000000008024a88       0x76 ./DRV/src/drv_mx25.o
                0x0000000008024a88                CMD_READ
 .text.CMD_WREN
                0x0000000008024afe       0x1a ./DRV/src/drv_mx25.o
                0x0000000008024afe                CMD_WREN
 .text.CMD_PP   0x0000000008024b18       0x9c ./DRV/src/drv_mx25.o
                0x0000000008024b18                CMD_PP
 .text.CMD_SE   0x0000000008024bb4       0x74 ./DRV/src/drv_mx25.o
                0x0000000008024bb4                CMD_SE
 .text.drv_setPWM2IV
                0x0000000008024c28       0x2c ./DRV/src/drv_pwm2iv.o
 .text.drv_initPWM2IV
                0x0000000008024c54       0x44 ./DRV/src/drv_pwm2iv.o
                0x0000000008024c54                drv_initPWM2IV
 .text.drv_switchReceiveMode
                0x0000000008024c98        0xe ./DRV/src/drv_sx1278.o
 .text.drv_sendLoRaData
                0x0000000008024ca6       0x1e ./DRV/src/drv_sx1278.o
 .text.drv_setLoRaResetLevel
                0x0000000008024cc4       0x34 ./DRV/src/drv_sx1278.o
 .text.drv_getDIO0Level
                0x0000000008024cf8       0x30 ./DRV/src/drv_sx1278.o
 .text.drv_setLoRaNSSLevel
                0x0000000008024d28       0x34 ./DRV/src/drv_sx1278.o
 .text.drv_initSX1278
                0x0000000008024d5c       0xe8 ./DRV/src/drv_sx1278.o
                0x0000000008024d5c                drv_initSX1278
 .text.drv_pollLoRaEvents
                0x0000000008024e44       0x68 ./DRV/src/drv_sx1278.o
                0x0000000008024e44                drv_pollLoRaEvents
 .text.HAL_Init
                0x0000000008024eac       0x44 ./Drivers/STM32F4xx_HAL_Driver/Src/stm32f4xx_hal.o
                0x0000000008024eac                HAL_Init
 .text.HAL_InitTick
                0x0000000008024ef0       0x60 ./Drivers/STM32F4xx_HAL_Driver/Src/stm32f4xx_hal.o
                0x0000000008024ef0                HAL_InitTick
 .text.HAL_IncTick
                0x0000000008024f50       0x28 ./Drivers/STM32F4xx_HAL_Driver/Src/stm32f4xx_hal.o
                0x0000000008024f50                HAL_IncTick
 .text.HAL_GetTick
                0x0000000008024f78       0x18 ./Drivers/STM32F4xx_HAL_Driver/Src/stm32f4xx_hal.o
                0x0000000008024f78                HAL_GetTick
 .text.HAL_Delay
                0x0000000008024f90       0x48 ./Drivers/STM32F4xx_HAL_Driver/Src/stm32f4xx_hal.o
                0x0000000008024f90                HAL_Delay
 .text.HAL_GetUIDw0
                0x0000000008024fd8       0x18 ./Drivers/STM32F4xx_HAL_Driver/Src/stm32f4xx_hal.o
                0x0000000008024fd8                HAL_GetUIDw0
 .text.HAL_GetUIDw1
                0x0000000008024ff0       0x18 ./Drivers/STM32F4xx_HAL_Driver/Src/stm32f4xx_hal.o
                0x0000000008024ff0                HAL_GetUIDw1
 .text.__NVIC_SetPriorityGrouping
                0x0000000008025008       0x48 ./Drivers/STM32F4xx_HAL_Driver/Src/stm32f4xx_hal_cortex.o
 .text.__NVIC_GetPriorityGrouping
                0x0000000008025050       0x1c ./Drivers/STM32F4xx_HAL_Driver/Src/stm32f4xx_hal_cortex.o
 .text.__NVIC_EnableIRQ
                0x000000000802506c       0x3c ./Drivers/STM32F4xx_HAL_Driver/Src/stm32f4xx_hal_cortex.o
 .text.__NVIC_SetPriority
                0x00000000080250a8       0x54 ./Drivers/STM32F4xx_HAL_Driver/Src/stm32f4xx_hal_cortex.o
 .text.NVIC_EncodePriority
                0x00000000080250fc       0x66 ./Drivers/STM32F4xx_HAL_Driver/Src/stm32f4xx_hal_cortex.o
 *fill*         0x0000000008025162        0x2 
 .text.__NVIC_SystemReset
                0x0000000008025164       0x2c ./Drivers/STM32F4xx_HAL_Driver/Src/stm32f4xx_hal_cortex.o
 .text.SysTick_Config
                0x0000000008025190       0x44 ./Drivers/STM32F4xx_HAL_Driver/Src/stm32f4xx_hal_cortex.o
 .text.HAL_NVIC_SetPriorityGrouping
                0x00000000080251d4       0x16 ./Drivers/STM32F4xx_HAL_Driver/Src/stm32f4xx_hal_cortex.o
                0x00000000080251d4                HAL_NVIC_SetPriorityGrouping
 .text.HAL_NVIC_SetPriority
                0x00000000080251ea       0x38 ./Drivers/STM32F4xx_HAL_Driver/Src/stm32f4xx_hal_cortex.o
                0x00000000080251ea                HAL_NVIC_SetPriority
 .text.HAL_NVIC_EnableIRQ
                0x0000000008025222       0x1c ./Drivers/STM32F4xx_HAL_Driver/Src/stm32f4xx_hal_cortex.o
                0x0000000008025222                HAL_NVIC_EnableIRQ
 .text.HAL_NVIC_SystemReset
                0x000000000802523e        0x8 ./Drivers/STM32F4xx_HAL_Driver/Src/stm32f4xx_hal_cortex.o
                0x000000000802523e                HAL_NVIC_SystemReset
 .text.HAL_SYSTICK_Config
                0x0000000008025246       0x18 ./Drivers/STM32F4xx_HAL_Driver/Src/stm32f4xx_hal_cortex.o
                0x0000000008025246                HAL_SYSTICK_Config
 *fill*         0x000000000802525e        0x2 
 .text.HAL_FLASH_Program
                0x0000000008025260       0xa8 ./Drivers/STM32F4xx_HAL_Driver/Src/stm32f4xx_hal_flash.o
                0x0000000008025260                HAL_FLASH_Program
 .text.HAL_FLASH_Unlock
                0x0000000008025308       0x44 ./Drivers/STM32F4xx_HAL_Driver/Src/stm32f4xx_hal_flash.o
                0x0000000008025308                HAL_FLASH_Unlock
 .text.HAL_FLASH_Lock
                0x000000000802534c       0x20 ./Drivers/STM32F4xx_HAL_Driver/Src/stm32f4xx_hal_flash.o
                0x000000000802534c                HAL_FLASH_Lock
 .text.FLASH_WaitForLastOperation
                0x000000000802536c       0x80 ./Drivers/STM32F4xx_HAL_Driver/Src/stm32f4xx_hal_flash.o
                0x000000000802536c                FLASH_WaitForLastOperation
 .text.FLASH_Program_DoubleWord
                0x00000000080253ec       0x64 ./Drivers/STM32F4xx_HAL_Driver/Src/stm32f4xx_hal_flash.o
 .text.FLASH_Program_Word
                0x0000000008025450       0x44 ./Drivers/STM32F4xx_HAL_Driver/Src/stm32f4xx_hal_flash.o
 .text.FLASH_Program_HalfWord
                0x0000000008025494       0x48 ./Drivers/STM32F4xx_HAL_Driver/Src/stm32f4xx_hal_flash.o
 .text.FLASH_Program_Byte
                0x00000000080254dc       0x44 ./Drivers/STM32F4xx_HAL_Driver/Src/stm32f4xx_hal_flash.o
 .text.FLASH_SetErrorCode
                0x0000000008025520       0xac ./Drivers/STM32F4xx_HAL_Driver/Src/stm32f4xx_hal_flash.o
 .text.HAL_FLASHEx_Erase
                0x00000000080255cc       0xe0 ./Drivers/STM32F4xx_HAL_Driver/Src/stm32f4xx_hal_flash_ex.o
                0x00000000080255cc                HAL_FLASHEx_Erase
 .text.FLASH_MassErase
                0x00000000080256ac       0x48 ./Drivers/STM32F4xx_HAL_Driver/Src/stm32f4xx_hal_flash_ex.o
 .text.FLASH_Erase_Sector
                0x00000000080256f4       0x90 ./Drivers/STM32F4xx_HAL_Driver/Src/stm32f4xx_hal_flash_ex.o
                0x00000000080256f4                FLASH_Erase_Sector
 .text.FLASH_FlushCaches
                0x0000000008025784       0x8c ./Drivers/STM32F4xx_HAL_Driver/Src/stm32f4xx_hal_flash_ex.o
                0x0000000008025784                FLASH_FlushCaches
 .text.HAL_GPIO_Init
                0x0000000008025810      0x338 ./Drivers/STM32F4xx_HAL_Driver/Src/stm32f4xx_hal_gpio.o
                0x0000000008025810                HAL_GPIO_Init
 .text.HAL_GPIO_ReadPin
                0x0000000008025b48       0x30 ./Drivers/STM32F4xx_HAL_Driver/Src/stm32f4xx_hal_gpio.o
                0x0000000008025b48                HAL_GPIO_ReadPin
 .text.HAL_GPIO_WritePin
                0x0000000008025b78       0x32 ./Drivers/STM32F4xx_HAL_Driver/Src/stm32f4xx_hal_gpio.o
                0x0000000008025b78                HAL_GPIO_WritePin
 .text.HAL_IWDG_Init
                0x0000000008025baa       0x72 ./Drivers/STM32F4xx_HAL_Driver/Src/stm32f4xx_hal_iwdg.o
                0x0000000008025baa                HAL_IWDG_Init
 .text.HAL_IWDG_Refresh
                0x0000000008025c1c       0x20 ./Drivers/STM32F4xx_HAL_Driver/Src/stm32f4xx_hal_iwdg.o
                0x0000000008025c1c                HAL_IWDG_Refresh
 .text.HAL_RCC_OscConfig
                0x0000000008025c3c      0x4e0 ./Drivers/STM32F4xx_HAL_Driver/Src/stm32f4xx_hal_rcc.o
                0x0000000008025c3c                HAL_RCC_OscConfig
 .text.HAL_RCC_ClockConfig
                0x000000000802611c      0x1cc ./Drivers/STM32F4xx_HAL_Driver/Src/stm32f4xx_hal_rcc.o
                0x000000000802611c                HAL_RCC_ClockConfig
 .text.HAL_RCC_GetSysClockFreq
                0x00000000080262e8      0x1c4 ./Drivers/STM32F4xx_HAL_Driver/Src/stm32f4xx_hal_rcc.o
                0x00000000080262e8                HAL_RCC_GetSysClockFreq
 .text.HAL_RCC_GetHCLKFreq
                0x00000000080264ac       0x18 ./Drivers/STM32F4xx_HAL_Driver/Src/stm32f4xx_hal_rcc.o
                0x00000000080264ac                HAL_RCC_GetHCLKFreq
 .text.HAL_RCC_GetPCLK1Freq
                0x00000000080264c4       0x28 ./Drivers/STM32F4xx_HAL_Driver/Src/stm32f4xx_hal_rcc.o
                0x00000000080264c4                HAL_RCC_GetPCLK1Freq
 .text.HAL_RCC_GetPCLK2Freq
                0x00000000080264ec       0x28 ./Drivers/STM32F4xx_HAL_Driver/Src/stm32f4xx_hal_rcc.o
                0x00000000080264ec                HAL_RCC_GetPCLK2Freq
 .text.HAL_RCCEx_PeriphCLKConfig
                0x0000000008026514      0x1c4 ./Drivers/STM32F4xx_HAL_Driver/Src/stm32f4xx_hal_rcc_ex.o
                0x0000000008026514                HAL_RCCEx_PeriphCLKConfig
 .text.HAL_SPI_Init
                0x00000000080266d8       0xc8 ./Drivers/STM32F4xx_HAL_Driver/Src/stm32f4xx_hal_spi.o
                0x00000000080266d8                HAL_SPI_Init
 .text.HAL_SPI_Transmit
                0x00000000080267a0      0x268 ./Drivers/STM32F4xx_HAL_Driver/Src/stm32f4xx_hal_spi.o
                0x00000000080267a0                HAL_SPI_Transmit
 .text.HAL_SPI_Receive
                0x0000000008026a08      0x212 ./Drivers/STM32F4xx_HAL_Driver/Src/stm32f4xx_hal_spi.o
                0x0000000008026a08                HAL_SPI_Receive
 .text.HAL_SPI_TransmitReceive
                0x0000000008026c1a      0x344 ./Drivers/STM32F4xx_HAL_Driver/Src/stm32f4xx_hal_spi.o
                0x0000000008026c1a                HAL_SPI_TransmitReceive
 .text.SPI_WaitFlagStateUntilTimeout
                0x0000000008026f5e       0xd4 ./Drivers/STM32F4xx_HAL_Driver/Src/stm32f4xx_hal_spi.o
 .text.SPI_EndRxTransaction
                0x0000000008027032       0xca ./Drivers/STM32F4xx_HAL_Driver/Src/stm32f4xx_hal_spi.o
 .text.SPI_EndRxTxTransaction
                0x00000000080270fc       0x84 ./Drivers/STM32F4xx_HAL_Driver/Src/stm32f4xx_hal_spi.o
 .text.HAL_TIM_PWM_Init
                0x0000000008027180       0x56 ./Drivers/STM32F4xx_HAL_Driver/Src/stm32f4xx_hal_tim.o
                0x0000000008027180                HAL_TIM_PWM_Init
 *fill*         0x00000000080271d6        0x2 
 .text.HAL_TIM_PWM_Start
                0x00000000080271d8       0x7c ./Drivers/STM32F4xx_HAL_Driver/Src/stm32f4xx_hal_tim.o
                0x00000000080271d8                HAL_TIM_PWM_Start
 .text.HAL_TIM_OC_ConfigChannel
                0x0000000008027254       0xc0 ./Drivers/STM32F4xx_HAL_Driver/Src/stm32f4xx_hal_tim.o
                0x0000000008027254                HAL_TIM_OC_ConfigChannel
 .text.TIM_Base_SetConfig
                0x0000000008027314      0x140 ./Drivers/STM32F4xx_HAL_Driver/Src/stm32f4xx_hal_tim.o
                0x0000000008027314                TIM_Base_SetConfig
 .text.TIM_OC1_SetConfig
                0x0000000008027454       0xe0 ./Drivers/STM32F4xx_HAL_Driver/Src/stm32f4xx_hal_tim.o
 .text.TIM_OC2_SetConfig
                0x0000000008027534       0xec ./Drivers/STM32F4xx_HAL_Driver/Src/stm32f4xx_hal_tim.o
                0x0000000008027534                TIM_OC2_SetConfig
 .text.TIM_OC3_SetConfig
                0x0000000008027620       0xe8 ./Drivers/STM32F4xx_HAL_Driver/Src/stm32f4xx_hal_tim.o
 .text.TIM_OC4_SetConfig
                0x0000000008027708       0xac ./Drivers/STM32F4xx_HAL_Driver/Src/stm32f4xx_hal_tim.o
 .text.TIM_CCxChannelCmd
                0x00000000080277b4       0x4a ./Drivers/STM32F4xx_HAL_Driver/Src/stm32f4xx_hal_tim.o
                0x00000000080277b4                TIM_CCxChannelCmd
 .text.HAL_UART_Init
                0x00000000080277fe       0x9a ./Drivers/STM32F4xx_HAL_Driver/Src/stm32f4xx_hal_uart.o
                0x00000000080277fe                HAL_UART_Init
 .text.HAL_UART_Transmit
                0x0000000008027898      0x132 ./Drivers/STM32F4xx_HAL_Driver/Src/stm32f4xx_hal_uart.o
                0x0000000008027898                HAL_UART_Transmit
 .text.UART_WaitOnFlagUntilTimeout
                0x00000000080279ca       0x94 ./Drivers/STM32F4xx_HAL_Driver/Src/stm32f4xx_hal_uart.o
 *fill*         0x0000000008027a5e        0x2 
 .text.UART_SetConfig
                0x0000000008027a60      0x738 ./Drivers/STM32F4xx_HAL_Driver/Src/stm32f4xx_hal_uart.o
 .text.hal_programFlash
                0x0000000008028198       0x86 ./HAL/src/hal_flash.o
                0x0000000008028198                hal_programFlash
 .text.hal_readFlash
                0x000000000802821e       0x4a ./HAL/src/hal_flash.o
                0x000000000802821e                hal_readFlash
 .text.hal_eraseFlash
                0x0000000008028268       0x56 ./HAL/src/hal_flash.o
                0x0000000008028268                hal_eraseFlash
 *fill*         0x00000000080282be        0x2 
 .text.hal_initGPIO
                0x00000000080282c0      0x170 ./HAL/src/hal_gpio.o
                0x00000000080282c0                hal_initGPIO
 .text.hal_setGPIOLevel
                0x0000000008028430       0x26 ./HAL/src/hal_gpio.o
                0x0000000008028430                hal_setGPIOLevel
 .text.hal_getGPIOLevel
                0x0000000008028456       0x28 ./HAL/src/hal_gpio.o
                0x0000000008028456                hal_getGPIOLevel
 *fill*         0x000000000802847e        0x2 
 .text.hal_initSPI
                0x0000000008028480       0xf0 ./HAL/src/hal_spi.o
                0x0000000008028480                hal_initSPI
 .text.hal_sendSPIBytes
                0x0000000008028570       0x64 ./HAL/src/hal_spi.o
                0x0000000008028570                hal_sendSPIBytes
 .text.hal_readSPIBytes
                0x00000000080285d4       0x64 ./HAL/src/hal_spi.o
                0x00000000080285d4                hal_readSPIBytes
 .text.hal_initTimer
                0x0000000008028638      0x278 ./HAL/src/hal_timer.o
                0x0000000008028638                hal_initTimer
 .text.hal_setPulse
                0x00000000080288b0      0x100 ./HAL/src/hal_timer.o
                0x00000000080288b0                hal_setPulse
 .text.hal_initUART
                0x00000000080289b0      0x248 ./HAL/src/hal_uart.o
                0x00000000080289b0                hal_initUART
 .text.hal_sendUARTBytes
                0x0000000008028bf8       0xb4 ./HAL/src/hal_uart.o
                0x0000000008028bf8                hal_sendUARTBytes
 .text.__io_putchar
                0x0000000008028cac       0x16 ./HAL/src/hal_uart.o
                0x0000000008028cac                __io_putchar
 *fill*         0x0000000008028cc2        0x2 
 .text.hal_initWdg
                0x0000000008028cc4       0x34 ./HAL/src/hal_wdg.o
                0x0000000008028cc4                hal_initWdg
 .text.hal_feedWdg
                0x0000000008028cf8       0x14 ./HAL/src/hal_wdg.o
                0x0000000008028cf8                hal_feedWdg
 .text.SVC_Setup
                0x0000000008028d0c        0xe ./Middlewares/Third_Party/FreeRTOS/Source/CMSIS_RTOS_V2/cmsis_os2.o
 *fill*         0x0000000008028d1a        0x2 
 .text.osKernelInitialize
                0x0000000008028d1c       0x68 ./Middlewares/Third_Party/FreeRTOS/Source/CMSIS_RTOS_V2/cmsis_os2.o
                0x0000000008028d1c                osKernelInitialize
 .text.osKernelStart
                0x0000000008028d84       0x6c ./Middlewares/Third_Party/FreeRTOS/Source/CMSIS_RTOS_V2/cmsis_os2.o
                0x0000000008028d84                osKernelStart
 .text.osKernelGetTickCount
                0x0000000008028df0       0x50 ./Middlewares/Third_Party/FreeRTOS/Source/CMSIS_RTOS_V2/cmsis_os2.o
                0x0000000008028df0                osKernelGetTickCount
 .text.osThreadNew
                0x0000000008028e40      0x14c ./Middlewares/Third_Party/FreeRTOS/Source/CMSIS_RTOS_V2/cmsis_os2.o
                0x0000000008028e40                osThreadNew
 .text.osThreadGetStackSpace
                0x0000000008028f8c       0x5c ./Middlewares/Third_Party/FreeRTOS/Source/CMSIS_RTOS_V2/cmsis_os2.o
                0x0000000008028f8c                osThreadGetStackSpace
 .text.osDelay  0x0000000008028fe8       0x5c ./Middlewares/Third_Party/FreeRTOS/Source/CMSIS_RTOS_V2/cmsis_os2.o
                0x0000000008028fe8                osDelay
 .text.vApplicationGetIdleTaskMemory
                0x0000000008029044       0x34 ./Middlewares/Third_Party/FreeRTOS/Source/CMSIS_RTOS_V2/cmsis_os2.o
                0x0000000008029044                vApplicationGetIdleTaskMemory
 .text.vApplicationGetTimerTaskMemory
                0x0000000008029078       0x34 ./Middlewares/Third_Party/FreeRTOS/Source/CMSIS_RTOS_V2/cmsis_os2.o
                0x0000000008029078                vApplicationGetTimerTaskMemory
 .text.vListInitialise
                0x00000000080290ac       0x40 ./Middlewares/Third_Party/FreeRTOS/Source/list.o
                0x00000000080290ac                vListInitialise
 .text.vListInitialiseItem
                0x00000000080290ec       0x1a ./Middlewares/Third_Party/FreeRTOS/Source/list.o
                0x00000000080290ec                vListInitialiseItem
 .text.vListInsertEnd
                0x0000000008029106       0x48 ./Middlewares/Third_Party/FreeRTOS/Source/list.o
                0x0000000008029106                vListInsertEnd
 .text.vListInsert
                0x000000000802914e       0x72 ./Middlewares/Third_Party/FreeRTOS/Source/list.o
                0x000000000802914e                vListInsert
 .text.uxListRemove
                0x00000000080291c0       0x54 ./Middlewares/Third_Party/FreeRTOS/Source/list.o
                0x00000000080291c0                uxListRemove
 .text.xQueueGenericReset
                0x0000000008029214       0xd0 ./Middlewares/Third_Party/FreeRTOS/Source/queue.o
                0x0000000008029214                xQueueGenericReset
 .text.xQueueGenericCreateStatic
                0x00000000080292e4       0xf0 ./Middlewares/Third_Party/FreeRTOS/Source/queue.o
                0x00000000080292e4                xQueueGenericCreateStatic
 .text.prvInitialiseNewQueue
                0x00000000080293d4       0x46 ./Middlewares/Third_Party/FreeRTOS/Source/queue.o
 *fill*         0x000000000802941a        0x2 
 .text.xQueueGenericSend
                0x000000000802941c      0x1fc ./Middlewares/Third_Party/FreeRTOS/Source/queue.o
                0x000000000802941c                xQueueGenericSend
 .text.xQueueGenericSendFromISR
                0x0000000008029618      0x130 ./Middlewares/Third_Party/FreeRTOS/Source/queue.o
                0x0000000008029618                xQueueGenericSendFromISR
 .text.xQueueReceive
                0x0000000008029748      0x1c0 ./Middlewares/Third_Party/FreeRTOS/Source/queue.o
                0x0000000008029748                xQueueReceive
 .text.prvCopyDataToQueue
                0x0000000008029908       0xd4 ./Middlewares/Third_Party/FreeRTOS/Source/queue.o
 .text.prvCopyDataFromQueue
                0x00000000080299dc       0x4c ./Middlewares/Third_Party/FreeRTOS/Source/queue.o
 .text.prvUnlockQueue
                0x0000000008029a28       0xa4 ./Middlewares/Third_Party/FreeRTOS/Source/queue.o
 .text.prvIsQueueEmpty
                0x0000000008029acc       0x2c ./Middlewares/Third_Party/FreeRTOS/Source/queue.o
 .text.prvIsQueueFull
                0x0000000008029af8       0x30 ./Middlewares/Third_Party/FreeRTOS/Source/queue.o
 .text.vQueueAddToRegistry
                0x0000000008029b28       0x54 ./Middlewares/Third_Party/FreeRTOS/Source/queue.o
                0x0000000008029b28                vQueueAddToRegistry
 .text.vQueueWaitForMessageRestricted
                0x0000000008029b7c       0x68 ./Middlewares/Third_Party/FreeRTOS/Source/queue.o
                0x0000000008029b7c                vQueueWaitForMessageRestricted
 .text.xTaskCreateStatic
                0x0000000008029be4       0xba ./Middlewares/Third_Party/FreeRTOS/Source/tasks.o
                0x0000000008029be4                xTaskCreateStatic
 .text.xTaskCreate
                0x0000000008029c9e       0x8a ./Middlewares/Third_Party/FreeRTOS/Source/tasks.o
                0x0000000008029c9e                xTaskCreate
 .text.prvInitialiseNewTask
                0x0000000008029d28      0x11e ./Middlewares/Third_Party/FreeRTOS/Source/tasks.o
 *fill*         0x0000000008029e46        0x2 
 .text.prvAddNewTaskToReadyList
                0x0000000008029e48       0xe0 ./Middlewares/Third_Party/FreeRTOS/Source/tasks.o
 .text.vTaskDelay
                0x0000000008029f28       0x68 ./Middlewares/Third_Party/FreeRTOS/Source/tasks.o
                0x0000000008029f28                vTaskDelay
 .text.vTaskStartScheduler
                0x0000000008029f90       0xcc ./Middlewares/Third_Party/FreeRTOS/Source/tasks.o
                0x0000000008029f90                vTaskStartScheduler
 .text.vTaskSuspendAll
                0x000000000802a05c       0x1c ./Middlewares/Third_Party/FreeRTOS/Source/tasks.o
                0x000000000802a05c                vTaskSuspendAll
 .text.xTaskResumeAll
                0x000000000802a078      0x13c ./Middlewares/Third_Party/FreeRTOS/Source/tasks.o
                0x000000000802a078                xTaskResumeAll
 .text.xTaskGetTickCount
                0x000000000802a1b4       0x20 ./Middlewares/Third_Party/FreeRTOS/Source/tasks.o
                0x000000000802a1b4                xTaskGetTickCount
 .text.xTaskGetTickCountFromISR
                0x000000000802a1d4       0x24 ./Middlewares/Third_Party/FreeRTOS/Source/tasks.o
                0x000000000802a1d4                xTaskGetTickCountFromISR
 .text.xTaskIncrementTick
                0x000000000802a1f8      0x174 ./Middlewares/Third_Party/FreeRTOS/Source/tasks.o
                0x000000000802a1f8                xTaskIncrementTick
 .text.vTaskSwitchContext
                0x000000000802a36c       0xbc ./Middlewares/Third_Party/FreeRTOS/Source/tasks.o
                0x000000000802a36c                vTaskSwitchContext
 .text.vTaskPlaceOnEventList
                0x000000000802a428       0x48 ./Middlewares/Third_Party/FreeRTOS/Source/tasks.o
                0x000000000802a428                vTaskPlaceOnEventList
 .text.vTaskPlaceOnEventListRestricted
                0x000000000802a470       0x58 ./Middlewares/Third_Party/FreeRTOS/Source/tasks.o
                0x000000000802a470                vTaskPlaceOnEventListRestricted
 .text.xTaskRemoveFromEventList
                0x000000000802a4c8       0xc8 ./Middlewares/Third_Party/FreeRTOS/Source/tasks.o
                0x000000000802a4c8                xTaskRemoveFromEventList
 .text.vTaskInternalSetTimeOutState
                0x000000000802a590       0x2c ./Middlewares/Third_Party/FreeRTOS/Source/tasks.o
                0x000000000802a590                vTaskInternalSetTimeOutState
 .text.xTaskCheckForTimeOut
                0x000000000802a5bc       0xc4 ./Middlewares/Third_Party/FreeRTOS/Source/tasks.o
                0x000000000802a5bc                xTaskCheckForTimeOut
 .text.vTaskMissedYield
                0x000000000802a680       0x18 ./Middlewares/Third_Party/FreeRTOS/Source/tasks.o
                0x000000000802a680                vTaskMissedYield
 .text.prvIdleTask
                0x000000000802a698       0x34 ./Middlewares/Third_Party/FreeRTOS/Source/tasks.o
 .text.prvInitialiseTaskLists
                0x000000000802a6cc       0x80 ./Middlewares/Third_Party/FreeRTOS/Source/tasks.o
 .text.prvCheckTasksWaitingTermination
                0x000000000802a74c       0x5c ./Middlewares/Third_Party/FreeRTOS/Source/tasks.o
 .text.prvTaskCheckFreeStackSpace
                0x000000000802a7a8       0x38 ./Middlewares/Third_Party/FreeRTOS/Source/tasks.o
 .text.uxTaskGetStackHighWaterMark
                0x000000000802a7e0       0x38 ./Middlewares/Third_Party/FreeRTOS/Source/tasks.o
                0x000000000802a7e0                uxTaskGetStackHighWaterMark
 .text.prvDeleteTCB
                0x000000000802a818       0x5e ./Middlewares/Third_Party/FreeRTOS/Source/tasks.o
 *fill*         0x000000000802a876        0x2 
 .text.prvResetNextTaskUnblockTime
                0x000000000802a878       0x40 ./Middlewares/Third_Party/FreeRTOS/Source/tasks.o
 .text.xTaskGetSchedulerState
                0x000000000802a8b8       0x3c ./Middlewares/Third_Party/FreeRTOS/Source/tasks.o
                0x000000000802a8b8                xTaskGetSchedulerState
 .text.xTaskPriorityDisinherit
                0x000000000802a8f4       0xdc ./Middlewares/Third_Party/FreeRTOS/Source/tasks.o
                0x000000000802a8f4                xTaskPriorityDisinherit
 .text.prvAddCurrentTaskToDelayedList
                0x000000000802a9d0       0xa8 ./Middlewares/Third_Party/FreeRTOS/Source/tasks.o
 .text.xTimerCreateTimerTask
                0x000000000802aa78       0x90 ./Middlewares/Third_Party/FreeRTOS/Source/timers.o
                0x000000000802aa78                xTimerCreateTimerTask
 .text.xTimerGenericCommand
                0x000000000802ab08       0x9c ./Middlewares/Third_Party/FreeRTOS/Source/timers.o
                0x000000000802ab08                xTimerGenericCommand
 .text.prvProcessExpiredTimer
                0x000000000802aba4       0x98 ./Middlewares/Third_Party/FreeRTOS/Source/timers.o
 .text.prvTimerTask
                0x000000000802ac3c       0x24 ./Middlewares/Third_Party/FreeRTOS/Source/timers.o
 .text.prvProcessTimerOrBlockTask
                0x000000000802ac60       0x9c ./Middlewares/Third_Party/FreeRTOS/Source/timers.o
 .text.prvGetNextExpireTime
                0x000000000802acfc       0x48 ./Middlewares/Third_Party/FreeRTOS/Source/timers.o
 .text.prvSampleTimeNow
                0x000000000802ad44       0x40 ./Middlewares/Third_Party/FreeRTOS/Source/timers.o
 .text.prvInsertTimerInActiveList
                0x000000000802ad84       0x84 ./Middlewares/Third_Party/FreeRTOS/Source/timers.o
 .text.prvProcessReceivedCommands
                0x000000000802ae08      0x1c4 ./Middlewares/Third_Party/FreeRTOS/Source/timers.o
 .text.prvSwitchTimerLists
                0x000000000802afcc       0xc8 ./Middlewares/Third_Party/FreeRTOS/Source/timers.o
 .text.prvCheckForValidListAndQueue
                0x000000000802b094       0x80 ./Middlewares/Third_Party/FreeRTOS/Source/timers.o
 .text.pxPortInitialiseStack
                0x000000000802b114       0x68 ./Middlewares/Third_Party/FreeRTOS/Source/portable/GCC/ARM_CM4F/port.o
                0x000000000802b114                pxPortInitialiseStack
 .text.prvTaskExitError
                0x000000000802b17c       0x58 ./Middlewares/Third_Party/FreeRTOS/Source/portable/GCC/ARM_CM4F/port.o
 *fill*         0x000000000802b1d4        0xc 
 .text.SVC_Handler
                0x000000000802b1e0       0x28 ./Middlewares/Third_Party/FreeRTOS/Source/portable/GCC/ARM_CM4F/port.o
                0x000000000802b1e0                SVC_Handler
 .text.prvPortStartFirstTask
                0x000000000802b208       0x28 ./Middlewares/Third_Party/FreeRTOS/Source/portable/GCC/ARM_CM4F/port.o
 .text.xPortStartScheduler
                0x000000000802b230      0x144 ./Middlewares/Third_Party/FreeRTOS/Source/portable/GCC/ARM_CM4F/port.o
                0x000000000802b230                xPortStartScheduler
 .text.vPortEnterCritical
                0x000000000802b374       0x60 ./Middlewares/Third_Party/FreeRTOS/Source/portable/GCC/ARM_CM4F/port.o
                0x000000000802b374                vPortEnterCritical
 .text.vPortExitCritical
                0x000000000802b3d4       0x54 ./Middlewares/Third_Party/FreeRTOS/Source/portable/GCC/ARM_CM4F/port.o
                0x000000000802b3d4                vPortExitCritical
 *fill*         0x000000000802b428        0x8 
 .text.PendSV_Handler
                0x000000000802b430       0x68 ./Middlewares/Third_Party/FreeRTOS/Source/portable/GCC/ARM_CM4F/port.o
                0x000000000802b430                PendSV_Handler
 .text.xPortSysTickHandler
                0x000000000802b498       0x44 ./Middlewares/Third_Party/FreeRTOS/Source/portable/GCC/ARM_CM4F/port.o
                0x000000000802b498                xPortSysTickHandler
 .text.vPortSetupTimerInterrupt
                0x000000000802b4dc       0x48 ./Middlewares/Third_Party/FreeRTOS/Source/portable/GCC/ARM_CM4F/port.o
                0x000000000802b4dc                vPortSetupTimerInterrupt
 .text.vPortEnableVFP
                0x000000000802b524       0x14 ./Middlewares/Third_Party/FreeRTOS/Source/portable/GCC/ARM_CM4F/port.o
 .text.vPortValidateInterruptPriority
                0x000000000802b538       0x80 ./Middlewares/Third_Party/FreeRTOS/Source/portable/GCC/ARM_CM4F/port.o
                0x000000000802b538                vPortValidateInterruptPriority
 .text.pvPortMalloc
                0x000000000802b5b8      0x188 ./Middlewares/Third_Party/FreeRTOS/Source/portable/MemMang/heap_4.o
                0x000000000802b5b8                pvPortMalloc
 .text.vPortFree
                0x000000000802b740       0xb4 ./Middlewares/Third_Party/FreeRTOS/Source/portable/MemMang/heap_4.o
                0x000000000802b740                vPortFree
 .text.prvHeapInit
                0x000000000802b7f4       0xc4 ./Middlewares/Third_Party/FreeRTOS/Source/portable/MemMang/heap_4.o
 .text.prvInsertBlockIntoFreeList
                0x000000000802b8b8       0xb4 ./Middlewares/Third_Party/FreeRTOS/Source/portable/MemMang/heap_4.o
 .text.SX1276SetReset
                0x000000000802b96c       0x28 ./SX127xLib/sx1276-Hal.o
                0x000000000802b96c                SX1276SetReset
 .text.SX1276Write
                0x000000000802b994       0x24 ./SX127xLib/sx1276-Hal.o
                0x000000000802b994                SX1276Write
 .text.SX1276Read
                0x000000000802b9b8       0x20 ./SX127xLib/sx1276-Hal.o
                0x000000000802b9b8                SX1276Read
 .text.SX1276WriteBuffer
                0x000000000802b9d8       0x70 ./SX127xLib/sx1276-Hal.o
                0x000000000802b9d8                SX1276WriteBuffer
 .text.SX1276ReadBuffer
                0x000000000802ba48       0x70 ./SX127xLib/sx1276-Hal.o
                0x000000000802ba48                SX1276ReadBuffer
 .text.SX1276WriteFifo
                0x000000000802bab8       0x20 ./SX127xLib/sx1276-Hal.o
                0x000000000802bab8                SX1276WriteFifo
 .text.SX1276ReadFifo
                0x000000000802bad8       0x20 ./SX127xLib/sx1276-Hal.o
                0x000000000802bad8                SX1276ReadFifo
 .text.SX1276ReadDio0
                0x000000000802baf8       0x28 ./SX127xLib/sx1276-Hal.o
                0x000000000802baf8                SX1276ReadDio0
 .text.SX1276ReadDio2
                0x000000000802bb20       0x10 ./SX127xLib/sx1276-Hal.o
                0x000000000802bb20                SX1276ReadDio2
 .text.SX1276ReadDio3
                0x000000000802bb30       0x10 ./SX127xLib/sx1276-Hal.o
                0x000000000802bb30                SX1276ReadDio3
 .text.SX1276ReadDio4
                0x000000000802bb40       0x10 ./SX127xLib/sx1276-Hal.o
                0x000000000802bb40                SX1276ReadDio4
 .text.SX1276WriteRxTx
                0x000000000802bb50       0x16 ./SX127xLib/sx1276-Hal.o
                0x000000000802bb50                SX1276WriteRxTx
 *fill*         0x000000000802bb66        0x2 
 .text.SX1276LoRaInit
                0x000000000802bb68      0x110 ./SX127xLib/sx1276-LoRa.o
                0x000000000802bb68                SX1276LoRaInit
 .text.SX1276LoRaSetDefaults
                0x000000000802bc78       0x20 ./SX127xLib/sx1276-LoRa.o
                0x000000000802bc78                SX1276LoRaSetDefaults
 .text.SX1276LoRaSetOpMode
                0x000000000802bc98       0xa8 ./SX127xLib/sx1276-LoRa.o
                0x000000000802bc98                SX1276LoRaSetOpMode
 .text.SX1276LoRaReadRxGain
                0x000000000802bd40       0x2c ./SX127xLib/sx1276-LoRa.o
                0x000000000802bd40                SX1276LoRaReadRxGain
 .text.SX1276LoRaGetRxPacket
                0x000000000802bd6c       0x54 ./SX127xLib/sx1276-LoRa.o
                0x000000000802bd6c                SX1276LoRaGetRxPacket
 .text.SX1276LoRaSetTxPacket
                0x000000000802bdc0       0x3c ./SX127xLib/sx1276-LoRa.o
                0x000000000802bdc0                SX1276LoRaSetTxPacket
 .text.SX1276LoRaSetRFState
                0x000000000802bdfc       0x24 ./SX127xLib/sx1276-LoRa.o
                0x000000000802bdfc                SX1276LoRaSetRFState
 .text.SX1276LoRaProcess
                0x000000000802be20      0x8f4 ./SX127xLib/sx1276-LoRa.o
                0x000000000802be20                SX1276LoRaProcess
 *fill*         0x000000000802c714        0x4 
 .text.SX1276LoRaSetRFFrequency
                0x000000000802c718       0x8c ./SX127xLib/sx1276-LoRaMisc.o
                0x000000000802c718                SX1276LoRaSetRFFrequency
 .text.SX1276LoRaSetRFPower
                0x000000000802c7a4      0x1a4 ./SX127xLib/sx1276-LoRaMisc.o
                0x000000000802c7a4                SX1276LoRaSetRFPower
 .text.SX1276LoRaSetSignalBandwidth
                0x000000000802c948       0x6c ./SX127xLib/sx1276-LoRaMisc.o
                0x000000000802c948                SX1276LoRaSetSignalBandwidth
 .text.SX1276LoRaSetSpreadingFactor
                0x000000000802c9b4       0x94 ./SX127xLib/sx1276-LoRaMisc.o
                0x000000000802c9b4                SX1276LoRaSetSpreadingFactor
 .text.SX1276LoRaSetErrorCoding
                0x000000000802ca48       0x6c ./SX127xLib/sx1276-LoRaMisc.o
                0x000000000802ca48                SX1276LoRaSetErrorCoding
 .text.SX1276LoRaSetPacketCrcOn
                0x000000000802cab4       0x6c ./SX127xLib/sx1276-LoRaMisc.o
                0x000000000802cab4                SX1276LoRaSetPacketCrcOn
 .text.SX1276LoRaSetPreambleLength
                0x000000000802cb20       0x64 ./SX127xLib/sx1276-LoRaMisc.o
                0x000000000802cb20                SX1276LoRaSetPreambleLength
 .text.SX1276LoRaSetImplicitHeaderOn
                0x000000000802cb84       0x6c ./SX127xLib/sx1276-LoRaMisc.o
                0x000000000802cb84                SX1276LoRaSetImplicitHeaderOn
 .text.SX1276LoRaSetPayloadLength
                0x000000000802cbf0       0x44 ./SX127xLib/sx1276-LoRaMisc.o
                0x000000000802cbf0                SX1276LoRaSetPayloadLength
 .text.SX1276LoRaSetPa20dBm
                0x000000000802cc34       0x84 ./SX127xLib/sx1276-LoRaMisc.o
                0x000000000802cc34                SX1276LoRaSetPa20dBm
 .text.SX1276LoRaSetPAOutput
                0x000000000802ccb8       0x60 ./SX127xLib/sx1276-LoRaMisc.o
                0x000000000802ccb8                SX1276LoRaSetPAOutput
 .text.SX1276LoRaSetSymbTimeout
                0x000000000802cd18       0x7c ./SX127xLib/sx1276-LoRaMisc.o
                0x000000000802cd18                SX1276LoRaSetSymbTimeout
 .text.SX1276LoRaSetLowDatarateOptimize
                0x000000000802cd94       0x68 ./SX127xLib/sx1276-LoRaMisc.o
                0x000000000802cd94                SX1276LoRaSetLowDatarateOptimize
 .text.SX1276LoRaSetNbTrigPeaks
                0x000000000802cdfc       0x68 ./SX127xLib/sx1276-LoRaMisc.o
                0x000000000802cdfc                SX1276LoRaSetNbTrigPeaks
 .text.SX1276Init
                0x000000000802ce64       0x4c ./SX127xLib/sx1276.o
                0x000000000802ce64                SX1276Init
 .text.SX1276Reset
                0x000000000802ceb0       0x1a ./SX127xLib/sx1276.o
                0x000000000802ceb0                SX1276Reset
 *fill*         0x000000000802ceca        0x2 
 .text.SX1276SetLoRaOn
                0x000000000802cecc      0x110 ./SX127xLib/sx1276.o
                0x000000000802cecc                SX1276SetLoRaOn
 .text.SX1276GetRxPacket
                0x000000000802cfdc       0x30 ./SX127xLib/sx1276.o
                0x000000000802cfdc                SX1276GetRxPacket
 .text.__errno  0x000000000802d00c        0xc d:/stm cube ide/stm32cubeide_1.7.0/stm32cubeide/plugins/com.st.stm32cube.ide.mcu.externaltools.gnu-tools-for-stm32.9-2020-q2-update.win32_2.0.0.202105311346/tools/bin/../lib/gcc/arm-none-eabi/9.3.1/../../../../arm-none-eabi/lib/thumb/v7e-m+fp/hard\libc_nano.a(lib_a-errno.o)
                0x000000000802d00c                __errno
 .text.__libc_init_array
                0x000000000802d018       0x48 d:/stm cube ide/stm32cubeide_1.7.0/stm32cubeide/plugins/com.st.stm32cube.ide.mcu.externaltools.gnu-tools-for-stm32.9-2020-q2-update.win32_2.0.0.202105311346/tools/bin/../lib/gcc/arm-none-eabi/9.3.1/../../../../arm-none-eabi/lib/thumb/v7e-m+fp/hard\libc_nano.a(lib_a-init.o)
                0x000000000802d018                __libc_init_array
 .text.memcpy   0x000000000802d060       0x1c d:/stm cube ide/stm32cubeide_1.7.0/stm32cubeide/plugins/com.st.stm32cube.ide.mcu.externaltools.gnu-tools-for-stm32.9-2020-q2-update.win32_2.0.0.202105311346/tools/bin/../lib/gcc/arm-none-eabi/9.3.1/../../../../arm-none-eabi/lib/thumb/v7e-m+fp/hard\libc_nano.a(lib_a-memcpy-stub.o)
                0x000000000802d060                memcpy
 .text.memset   0x000000000802d07c       0x10 d:/stm cube ide/stm32cubeide_1.7.0/stm32cubeide/plugins/com.st.stm32cube.ide.mcu.externaltools.gnu-tools-for-stm32.9-2020-q2-update.win32_2.0.0.202105311346/tools/bin/../lib/gcc/arm-none-eabi/9.3.1/../../../../arm-none-eabi/lib/thumb/v7e-m+fp/hard\libc_nano.a(lib_a-memset.o)
                0x000000000802d07c                memset
 .text.srand    0x000000000802d08c       0x5c d:/stm cube ide/stm32cubeide_1.7.0/stm32cubeide/plugins/com.st.stm32cube.ide.mcu.externaltools.gnu-tools-for-stm32.9-2020-q2-update.win32_2.0.0.202105311346/tools/bin/../lib/gcc/arm-none-eabi/9.3.1/../../../../arm-none-eabi/lib/thumb/v7e-m+fp/hard\libc_nano.a(lib_a-rand.o)
                0x000000000802d08c                srand
 .text.rand     0x000000000802d0e8       0x80 d:/stm cube ide/stm32cubeide_1.7.0/stm32cubeide/plugins/com.st.stm32cube.ide.mcu.externaltools.gnu-tools-for-stm32.9-2020-q2-update.win32_2.0.0.202105311346/tools/bin/../lib/gcc/arm-none-eabi/9.3.1/../../../../arm-none-eabi/lib/thumb/v7e-m+fp/hard\libc_nano.a(lib_a-rand.o)
                0x000000000802d0e8                rand
 .text.sprintf  0x000000000802d168       0x40 d:/stm cube ide/stm32cubeide_1.7.0/stm32cubeide/plugins/com.st.stm32cube.ide.mcu.externaltools.gnu-tools-for-stm32.9-2020-q2-update.win32_2.0.0.202105311346/tools/bin/../lib/gcc/arm-none-eabi/9.3.1/../../../../arm-none-eabi/lib/thumb/v7e-m+fp/hard\libc_nano.a(lib_a-sprintf.o)
                0x000000000802d168                siprintf
                0x000000000802d168                sprintf
 .text.strstr   0x000000000802d1a8       0x2e d:/stm cube ide/stm32cubeide_1.7.0/stm32cubeide/plugins/com.st.stm32cube.ide.mcu.externaltools.gnu-tools-for-stm32.9-2020-q2-update.win32_2.0.0.202105311346/tools/bin/../lib/gcc/arm-none-eabi/9.3.1/../../../../arm-none-eabi/lib/thumb/v7e-m+fp/hard\libc_nano.a(lib_a-strstr.o)
                0x000000000802d1a8                strstr
 *fill*         0x000000000802d1d6        0x2 
 .text.__assert_func
                0x000000000802d1d8       0x3c d:/stm cube ide/stm32cubeide_1.7.0/stm32cubeide/plugins/com.st.stm32cube.ide.mcu.externaltools.gnu-tools-for-stm32.9-2020-q2-update.win32_2.0.0.202105311346/tools/bin/../lib/gcc/arm-none-eabi/9.3.1/../../../../arm-none-eabi/lib/thumb/v7e-m+fp/hard\libc_nano.a(lib_a-assert.o)
                0x000000000802d1d8                __assert_func
 .text.fprintf  0x000000000802d214       0x24 d:/stm cube ide/stm32cubeide_1.7.0/stm32cubeide/plugins/com.st.stm32cube.ide.mcu.externaltools.gnu-tools-for-stm32.9-2020-q2-update.win32_2.0.0.202105311346/tools/bin/../lib/gcc/arm-none-eabi/9.3.1/../../../../arm-none-eabi/lib/thumb/v7e-m+fp/hard\libc_nano.a(lib_a-fprintf.o)
                0x000000000802d214                fiprintf
                0x000000000802d214                fprintf
 .text.malloc   0x000000000802d238       0x10 d:/stm cube ide/stm32cubeide_1.7.0/stm32cubeide/plugins/com.st.stm32cube.ide.mcu.externaltools.gnu-tools-for-stm32.9-2020-q2-update.win32_2.0.0.202105311346/tools/bin/../lib/gcc/arm-none-eabi/9.3.1/../../../../arm-none-eabi/lib/thumb/v7e-m+fp/hard\libc_nano.a(lib_a-malloc.o)
                0x000000000802d238                malloc
 .text._free_r  0x000000000802d248       0xa0 d:/stm cube ide/stm32cubeide_1.7.0/stm32cubeide/plugins/com.st.stm32cube.ide.mcu.externaltools.gnu-tools-for-stm32.9-2020-q2-update.win32_2.0.0.202105311346/tools/bin/../lib/gcc/arm-none-eabi/9.3.1/../../../../arm-none-eabi/lib/thumb/v7e-m+fp/hard\libc_nano.a(lib_a-nano-freer.o)
                0x000000000802d248                _free_r
 .text._malloc_r
                0x000000000802d2e8       0xb4 d:/stm cube ide/stm32cubeide_1.7.0/stm32cubeide/plugins/com.st.stm32cube.ide.mcu.externaltools.gnu-tools-for-stm32.9-2020-q2-update.win32_2.0.0.202105311346/tools/bin/../lib/gcc/arm-none-eabi/9.3.1/../../../../arm-none-eabi/lib/thumb/v7e-m+fp/hard\libc_nano.a(lib_a-nano-mallocr.o)
                0x000000000802d2e8                _malloc_r
 .text.__ssputs_r
                0x000000000802d39c       0xb6 d:/stm cube ide/stm32cubeide_1.7.0/stm32cubeide/plugins/com.st.stm32cube.ide.mcu.externaltools.gnu-tools-for-stm32.9-2020-q2-update.win32_2.0.0.202105311346/tools/bin/../lib/gcc/arm-none-eabi/9.3.1/../../../../arm-none-eabi/lib/thumb/v7e-m+fp/hard\libc_nano.a(lib_a-nano-svfprintf.o)
                0x000000000802d39c                __ssputs_r
 *fill*         0x000000000802d452        0x2 
 .text._svfprintf_r
                0x000000000802d454      0x200 d:/stm cube ide/stm32cubeide_1.7.0/stm32cubeide/plugins/com.st.stm32cube.ide.mcu.externaltools.gnu-tools-for-stm32.9-2020-q2-update.win32_2.0.0.202105311346/tools/bin/../lib/gcc/arm-none-eabi/9.3.1/../../../../arm-none-eabi/lib/thumb/v7e-m+fp/hard\libc_nano.a(lib_a-nano-svfprintf.o)
                0x000000000802d454                _svfiprintf_r
                0x000000000802d454                _svfprintf_r
 .text.__sfputc_r
                0x000000000802d654       0x2e d:/stm cube ide/stm32cubeide_1.7.0/stm32cubeide/plugins/com.st.stm32cube.ide.mcu.externaltools.gnu-tools-for-stm32.9-2020-q2-update.win32_2.0.0.202105311346/tools/bin/../lib/gcc/arm-none-eabi/9.3.1/../../../../arm-none-eabi/lib/thumb/v7e-m+fp/hard\libc_nano.a(lib_a-nano-vfprintf.o)
 .text.__sfputs_r
                0x000000000802d682       0x24 d:/stm cube ide/stm32cubeide_1.7.0/stm32cubeide/plugins/com.st.stm32cube.ide.mcu.externaltools.gnu-tools-for-stm32.9-2020-q2-update.win32_2.0.0.202105311346/tools/bin/../lib/gcc/arm-none-eabi/9.3.1/../../../../arm-none-eabi/lib/thumb/v7e-m+fp/hard\libc_nano.a(lib_a-nano-vfprintf.o)
                0x000000000802d682                __sfputs_r
 *fill*         0x000000000802d6a6        0x2 
 .text._vfprintf_r
                0x000000000802d6a8      0x260 d:/stm cube ide/stm32cubeide_1.7.0/stm32cubeide/plugins/com.st.stm32cube.ide.mcu.externaltools.gnu-tools-for-stm32.9-2020-q2-update.win32_2.0.0.202105311346/tools/bin/../lib/gcc/arm-none-eabi/9.3.1/../../../../arm-none-eabi/lib/thumb/v7e-m+fp/hard\libc_nano.a(lib_a-nano-vfprintf.o)
                0x000000000802d6a8                _vfprintf_r
                0x000000000802d6a8                _vfiprintf_r
 .text._printf_common
                0x000000000802d908       0xda d:/stm cube ide/stm32cubeide_1.7.0/stm32cubeide/plugins/com.st.stm32cube.ide.mcu.externaltools.gnu-tools-for-stm32.9-2020-q2-update.win32_2.0.0.202105311346/tools/bin/../lib/gcc/arm-none-eabi/9.3.1/../../../../arm-none-eabi/lib/thumb/v7e-m+fp/hard\libc_nano.a(lib_a-nano-vfprintf_i.o)
                0x000000000802d908                _printf_common
 *fill*         0x000000000802d9e2        0x2 
 .text._printf_i
                0x000000000802d9e4      0x24c d:/stm cube ide/stm32cubeide_1.7.0/stm32cubeide/plugins/com.st.stm32cube.ide.mcu.externaltools.gnu-tools-for-stm32.9-2020-q2-update.win32_2.0.0.202105311346/tools/bin/../lib/gcc/arm-none-eabi/9.3.1/../../../../arm-none-eabi/lib/thumb/v7e-m+fp/hard\libc_nano.a(lib_a-nano-vfprintf_i.o)
                0x000000000802d9e4                _printf_i
 .text._sbrk_r  0x000000000802dc30       0x20 d:/stm cube ide/stm32cubeide_1.7.0/stm32cubeide/plugins/com.st.stm32cube.ide.mcu.externaltools.gnu-tools-for-stm32.9-2020-q2-update.win32_2.0.0.202105311346/tools/bin/../lib/gcc/arm-none-eabi/9.3.1/../../../../arm-none-eabi/lib/thumb/v7e-m+fp/hard\libc_nano.a(lib_a-sbrkr.o)
                0x000000000802dc30                _sbrk_r
 .text.__swbuf_r
                0x000000000802dc50       0xa4 d:/stm cube ide/stm32cubeide_1.7.0/stm32cubeide/plugins/com.st.stm32cube.ide.mcu.externaltools.gnu-tools-for-stm32.9-2020-q2-update.win32_2.0.0.202105311346/tools/bin/../lib/gcc/arm-none-eabi/9.3.1/../../../../arm-none-eabi/lib/thumb/v7e-m+fp/hard\libc_nano.a(lib_a-wbuf.o)
                0x000000000802dc50                __swbuf_r
 .text.__swsetup_r
                0x000000000802dcf4       0xdc d:/stm cube ide/stm32cubeide_1.7.0/stm32cubeide/plugins/com.st.stm32cube.ide.mcu.externaltools.gnu-tools-for-stm32.9-2020-q2-update.win32_2.0.0.202105311346/tools/bin/../lib/gcc/arm-none-eabi/9.3.1/../../../../arm-none-eabi/lib/thumb/v7e-m+fp/hard\libc_nano.a(lib_a-wsetup.o)
                0x000000000802dcf4                __swsetup_r
 .text.abort    0x000000000802ddd0        0xe d:/stm cube ide/stm32cubeide_1.7.0/stm32cubeide/plugins/com.st.stm32cube.ide.mcu.externaltools.gnu-tools-for-stm32.9-2020-q2-update.win32_2.0.0.202105311346/tools/bin/../lib/gcc/arm-none-eabi/9.3.1/../../../../arm-none-eabi/lib/thumb/v7e-m+fp/hard\libc_nano.a(lib_a-abort.o)
                0x000000000802ddd0                abort
 *fill*         0x000000000802ddde        0x2 
 .text.__sflush_r
                0x000000000802dde0      0x10c d:/stm cube ide/stm32cubeide_1.7.0/stm32cubeide/plugins/com.st.stm32cube.ide.mcu.externaltools.gnu-tools-for-stm32.9-2020-q2-update.win32_2.0.0.202105311346/tools/bin/../lib/gcc/arm-none-eabi/9.3.1/../../../../arm-none-eabi/lib/thumb/v7e-m+fp/hard\libc_nano.a(lib_a-fflush.o)
                0x000000000802dde0                __sflush_r
 .text._fflush_r
                0x000000000802deec       0x78 d:/stm cube ide/stm32cubeide_1.7.0/stm32cubeide/plugins/com.st.stm32cube.ide.mcu.externaltools.gnu-tools-for-stm32.9-2020-q2-update.win32_2.0.0.202105311346/tools/bin/../lib/gcc/arm-none-eabi/9.3.1/../../../../arm-none-eabi/lib/thumb/v7e-m+fp/hard\libc_nano.a(lib_a-fflush.o)
                0x000000000802deec                _fflush_r
 .text.std      0x000000000802df64       0x48 d:/stm cube ide/stm32cubeide_1.7.0/stm32cubeide/plugins/com.st.stm32cube.ide.mcu.externaltools.gnu-tools-for-stm32.9-2020-q2-update.win32_2.0.0.202105311346/tools/bin/../lib/gcc/arm-none-eabi/9.3.1/../../../../arm-none-eabi/lib/thumb/v7e-m+fp/hard\libc_nano.a(lib_a-findfp.o)
 .text._cleanup_r
                0x000000000802dfac        0xc d:/stm cube ide/stm32cubeide_1.7.0/stm32cubeide/plugins/com.st.stm32cube.ide.mcu.externaltools.gnu-tools-for-stm32.9-2020-q2-update.win32_2.0.0.202105311346/tools/bin/../lib/gcc/arm-none-eabi/9.3.1/../../../../arm-none-eabi/lib/thumb/v7e-m+fp/hard\libc_nano.a(lib_a-findfp.o)
                0x000000000802dfac                _cleanup_r
 .text.__sfmoreglue
                0x000000000802dfb8       0x2c d:/stm cube ide/stm32cubeide_1.7.0/stm32cubeide/plugins/com.st.stm32cube.ide.mcu.externaltools.gnu-tools-for-stm32.9-2020-q2-update.win32_2.0.0.202105311346/tools/bin/../lib/gcc/arm-none-eabi/9.3.1/../../../../arm-none-eabi/lib/thumb/v7e-m+fp/hard\libc_nano.a(lib_a-findfp.o)
                0x000000000802dfb8                __sfmoreglue
 .text.__sfp_lock_acquire
                0x000000000802dfe4        0xc d:/stm cube ide/stm32cubeide_1.7.0/stm32cubeide/plugins/com.st.stm32cube.ide.mcu.externaltools.gnu-tools-for-stm32.9-2020-q2-update.win32_2.0.0.202105311346/tools/bin/../lib/gcc/arm-none-eabi/9.3.1/../../../../arm-none-eabi/lib/thumb/v7e-m+fp/hard\libc_nano.a(lib_a-findfp.o)
                0x000000000802dfe4                __sfp_lock_acquire
 .text.__sfp_lock_release
                0x000000000802dff0        0xc d:/stm cube ide/stm32cubeide_1.7.0/stm32cubeide/plugins/com.st.stm32cube.ide.mcu.externaltools.gnu-tools-for-stm32.9-2020-q2-update.win32_2.0.0.202105311346/tools/bin/../lib/gcc/arm-none-eabi/9.3.1/../../../../arm-none-eabi/lib/thumb/v7e-m+fp/hard\libc_nano.a(lib_a-findfp.o)
                0x000000000802dff0                __sfp_lock_release
 .text.__sinit_lock_acquire
                0x000000000802dffc        0xc d:/stm cube ide/stm32cubeide_1.7.0/stm32cubeide/plugins/com.st.stm32cube.ide.mcu.externaltools.gnu-tools-for-stm32.9-2020-q2-update.win32_2.0.0.202105311346/tools/bin/../lib/gcc/arm-none-eabi/9.3.1/../../../../arm-none-eabi/lib/thumb/v7e-m+fp/hard\libc_nano.a(lib_a-findfp.o)
                0x000000000802dffc                __sinit_lock_acquire
 .text.__sinit_lock_release
                0x000000000802e008        0xc d:/stm cube ide/stm32cubeide_1.7.0/stm32cubeide/plugins/com.st.stm32cube.ide.mcu.externaltools.gnu-tools-for-stm32.9-2020-q2-update.win32_2.0.0.202105311346/tools/bin/../lib/gcc/arm-none-eabi/9.3.1/../../../../arm-none-eabi/lib/thumb/v7e-m+fp/hard\libc_nano.a(lib_a-findfp.o)
                0x000000000802e008                __sinit_lock_release
 .text.__sinit  0x000000000802e014       0x70 d:/stm cube ide/stm32cubeide_1.7.0/stm32cubeide/plugins/com.st.stm32cube.ide.mcu.externaltools.gnu-tools-for-stm32.9-2020-q2-update.win32_2.0.0.202105311346/tools/bin/../lib/gcc/arm-none-eabi/9.3.1/../../../../arm-none-eabi/lib/thumb/v7e-m+fp/hard\libc_nano.a(lib_a-findfp.o)
                0x000000000802e014                __sinit
 .text.__sfp    0x000000000802e084       0x8c d:/stm cube ide/stm32cubeide_1.7.0/stm32cubeide/plugins/com.st.stm32cube.ide.mcu.externaltools.gnu-tools-for-stm32.9-2020-q2-update.win32_2.0.0.202105311346/tools/bin/../lib/gcc/arm-none-eabi/9.3.1/../../../../arm-none-eabi/lib/thumb/v7e-m+fp/hard\libc_nano.a(lib_a-findfp.o)
                0x000000000802e084                __sfp
 .text._fwalk_reent
                0x000000000802e110       0x3e d:/stm cube ide/stm32cubeide_1.7.0/stm32cubeide/plugins/com.st.stm32cube.ide.mcu.externaltools.gnu-tools-for-stm32.9-2020-q2-update.win32_2.0.0.202105311346/tools/bin/../lib/gcc/arm-none-eabi/9.3.1/../../../../arm-none-eabi/lib/thumb/v7e-m+fp/hard\libc_nano.a(lib_a-fwalk.o)
                0x000000000802e110                _fwalk_reent
 .text.__retarget_lock_init_recursive
                0x000000000802e14e        0x2 d:/stm cube ide/stm32cubeide_1.7.0/stm32cubeide/plugins/com.st.stm32cube.ide.mcu.externaltools.gnu-tools-for-stm32.9-2020-q2-update.win32_2.0.0.202105311346/tools/bin/../lib/gcc/arm-none-eabi/9.3.1/../../../../arm-none-eabi/lib/thumb/v7e-m+fp/hard\libc_nano.a(lib_a-lock.o)
                0x000000000802e14e                __retarget_lock_init_recursive
 .text.__retarget_lock_acquire_recursive
                0x000000000802e150        0x2 d:/stm cube ide/stm32cubeide_1.7.0/stm32cubeide/plugins/com.st.stm32cube.ide.mcu.externaltools.gnu-tools-for-stm32.9-2020-q2-update.win32_2.0.0.202105311346/tools/bin/../lib/gcc/arm-none-eabi/9.3.1/../../../../arm-none-eabi/lib/thumb/v7e-m+fp/hard\libc_nano.a(lib_a-lock.o)
                0x000000000802e150                __retarget_lock_acquire_recursive
 .text.__retarget_lock_release_recursive
                0x000000000802e152        0x2 d:/stm cube ide/stm32cubeide_1.7.0/stm32cubeide/plugins/com.st.stm32cube.ide.mcu.externaltools.gnu-tools-for-stm32.9-2020-q2-update.win32_2.0.0.202105311346/tools/bin/../lib/gcc/arm-none-eabi/9.3.1/../../../../arm-none-eabi/lib/thumb/v7e-m+fp/hard\libc_nano.a(lib_a-lock.o)
                0x000000000802e152                __retarget_lock_release_recursive
 .text.__swhatbuf_r
                0x000000000802e154       0x48 d:/stm cube ide/stm32cubeide_1.7.0/stm32cubeide/plugins/com.st.stm32cube.ide.mcu.externaltools.gnu-tools-for-stm32.9-2020-q2-update.win32_2.0.0.202105311346/tools/bin/../lib/gcc/arm-none-eabi/9.3.1/../../../../arm-none-eabi/lib/thumb/v7e-m+fp/hard\libc_nano.a(lib_a-makebuf.o)
                0x000000000802e154                __swhatbuf_r
 .text.__smakebuf_r
                0x000000000802e19c       0x80 d:/stm cube ide/stm32cubeide_1.7.0/stm32cubeide/plugins/com.st.stm32cube.ide.mcu.externaltools.gnu-tools-for-stm32.9-2020-q2-update.win32_2.0.0.202105311346/tools/bin/../lib/gcc/arm-none-eabi/9.3.1/../../../../arm-none-eabi/lib/thumb/v7e-m+fp/hard\libc_nano.a(lib_a-makebuf.o)
                0x000000000802e19c                __smakebuf_r
 .text.memmove  0x000000000802e21c       0x34 d:/stm cube ide/stm32cubeide_1.7.0/stm32cubeide/plugins/com.st.stm32cube.ide.mcu.externaltools.gnu-tools-for-stm32.9-2020-q2-update.win32_2.0.0.202105311346/tools/bin/../lib/gcc/arm-none-eabi/9.3.1/../../../../arm-none-eabi/lib/thumb/v7e-m+fp/hard\libc_nano.a(lib_a-memmove.o)
                0x000000000802e21c                memmove
 .text.__malloc_lock
                0x000000000802e250        0xc d:/stm cube ide/stm32cubeide_1.7.0/stm32cubeide/plugins/com.st.stm32cube.ide.mcu.externaltools.gnu-tools-for-stm32.9-2020-q2-update.win32_2.0.0.202105311346/tools/bin/../lib/gcc/arm-none-eabi/9.3.1/../../../../arm-none-eabi/lib/thumb/v7e-m+fp/hard\libc_nano.a(lib_a-mlock.o)
                0x000000000802e250                __malloc_lock
 .text.__malloc_unlock
                0x000000000802e25c        0xc d:/stm cube ide/stm32cubeide_1.7.0/stm32cubeide/plugins/com.st.stm32cube.ide.mcu.externaltools.gnu-tools-for-stm32.9-2020-q2-update.win32_2.0.0.202105311346/tools/bin/../lib/gcc/arm-none-eabi/9.3.1/../../../../arm-none-eabi/lib/thumb/v7e-m+fp/hard\libc_nano.a(lib_a-mlock.o)
                0x000000000802e25c                __malloc_unlock
 .text._realloc_r
                0x000000000802e268       0x4c d:/stm cube ide/stm32cubeide_1.7.0/stm32cubeide/plugins/com.st.stm32cube.ide.mcu.externaltools.gnu-tools-for-stm32.9-2020-q2-update.win32_2.0.0.202105311346/tools/bin/../lib/gcc/arm-none-eabi/9.3.1/../../../../arm-none-eabi/lib/thumb/v7e-m+fp/hard\libc_nano.a(lib_a-nano-reallocr.o)
                0x000000000802e268                _realloc_r
 .text._raise_r
                0x000000000802e2b4       0x50 d:/stm cube ide/stm32cubeide_1.7.0/stm32cubeide/plugins/com.st.stm32cube.ide.mcu.externaltools.gnu-tools-for-stm32.9-2020-q2-update.win32_2.0.0.202105311346/tools/bin/../lib/gcc/arm-none-eabi/9.3.1/../../../../arm-none-eabi/lib/thumb/v7e-m+fp/hard\libc_nano.a(lib_a-signal.o)
                0x000000000802e2b4                _raise_r
 .text.raise    0x000000000802e304       0x10 d:/stm cube ide/stm32cubeide_1.7.0/stm32cubeide/plugins/com.st.stm32cube.ide.mcu.externaltools.gnu-tools-for-stm32.9-2020-q2-update.win32_2.0.0.202105311346/tools/bin/../lib/gcc/arm-none-eabi/9.3.1/../../../../arm-none-eabi/lib/thumb/v7e-m+fp/hard\libc_nano.a(lib_a-signal.o)
                0x000000000802e304                raise
 .text._kill_r  0x000000000802e314       0x24 d:/stm cube ide/stm32cubeide_1.7.0/stm32cubeide/plugins/com.st.stm32cube.ide.mcu.externaltools.gnu-tools-for-stm32.9-2020-q2-update.win32_2.0.0.202105311346/tools/bin/../lib/gcc/arm-none-eabi/9.3.1/../../../../arm-none-eabi/lib/thumb/v7e-m+fp/hard\libc_nano.a(lib_a-signalr.o)
                0x000000000802e314                _kill_r
 .text._getpid_r
                0x000000000802e338        0x4 d:/stm cube ide/stm32cubeide_1.7.0/stm32cubeide/plugins/com.st.stm32cube.ide.mcu.externaltools.gnu-tools-for-stm32.9-2020-q2-update.win32_2.0.0.202105311346/tools/bin/../lib/gcc/arm-none-eabi/9.3.1/../../../../arm-none-eabi/lib/thumb/v7e-m+fp/hard\libc_nano.a(lib_a-signalr.o)
                0x000000000802e338                _getpid_r
 .text.__sread  0x000000000802e33c       0x22 d:/stm cube ide/stm32cubeide_1.7.0/stm32cubeide/plugins/com.st.stm32cube.ide.mcu.externaltools.gnu-tools-for-stm32.9-2020-q2-update.win32_2.0.0.202105311346/tools/bin/../lib/gcc/arm-none-eabi/9.3.1/../../../../arm-none-eabi/lib/thumb/v7e-m+fp/hard\libc_nano.a(lib_a-stdio.o)
                0x000000000802e33c                __sread
 .text.__swrite
                0x000000000802e35e       0x38 d:/stm cube ide/stm32cubeide_1.7.0/stm32cubeide/plugins/com.st.stm32cube.ide.mcu.externaltools.gnu-tools-for-stm32.9-2020-q2-update.win32_2.0.0.202105311346/tools/bin/../lib/gcc/arm-none-eabi/9.3.1/../../../../arm-none-eabi/lib/thumb/v7e-m+fp/hard\libc_nano.a(lib_a-stdio.o)
                0x000000000802e35e                __swrite
 .text.__sseek  0x000000000802e396       0x24 d:/stm cube ide/stm32cubeide_1.7.0/stm32cubeide/plugins/com.st.stm32cube.ide.mcu.externaltools.gnu-tools-for-stm32.9-2020-q2-update.win32_2.0.0.202105311346/tools/bin/../lib/gcc/arm-none-eabi/9.3.1/../../../../arm-none-eabi/lib/thumb/v7e-m+fp/hard\libc_nano.a(lib_a-stdio.o)
                0x000000000802e396                __sseek
 .text.__sclose
                0x000000000802e3ba        0x8 d:/stm cube ide/stm32cubeide_1.7.0/stm32cubeide/plugins/com.st.stm32cube.ide.mcu.externaltools.gnu-tools-for-stm32.9-2020-q2-update.win32_2.0.0.202105311346/tools/bin/../lib/gcc/arm-none-eabi/9.3.1/../../../../arm-none-eabi/lib/thumb/v7e-m+fp/hard\libc_nano.a(lib_a-stdio.o)
                0x000000000802e3ba                __sclose
 *fill*         0x000000000802e3c2        0x2 
 .text._write_r
                0x000000000802e3c4       0x24 d:/stm cube ide/stm32cubeide_1.7.0/stm32cubeide/plugins/com.st.stm32cube.ide.mcu.externaltools.gnu-tools-for-stm32.9-2020-q2-update.win32_2.0.0.202105311346/tools/bin/../lib/gcc/arm-none-eabi/9.3.1/../../../../arm-none-eabi/lib/thumb/v7e-m+fp/hard\libc_nano.a(lib_a-writer.o)
                0x000000000802e3c4                _write_r
 .text._close_r
                0x000000000802e3e8       0x20 d:/stm cube ide/stm32cubeide_1.7.0/stm32cubeide/plugins/com.st.stm32cube.ide.mcu.externaltools.gnu-tools-for-stm32.9-2020-q2-update.win32_2.0.0.202105311346/tools/bin/../lib/gcc/arm-none-eabi/9.3.1/../../../../arm-none-eabi/lib/thumb/v7e-m+fp/hard\libc_nano.a(lib_a-closer.o)
                0x000000000802e3e8                _close_r
 .text._fstat_r
                0x000000000802e408       0x24 d:/stm cube ide/stm32cubeide_1.7.0/stm32cubeide/plugins/com.st.stm32cube.ide.mcu.externaltools.gnu-tools-for-stm32.9-2020-q2-update.win32_2.0.0.202105311346/tools/bin/../lib/gcc/arm-none-eabi/9.3.1/../../../../arm-none-eabi/lib/thumb/v7e-m+fp/hard\libc_nano.a(lib_a-fstatr.o)
                0x000000000802e408                _fstat_r
 .text._isatty_r
                0x000000000802e42c       0x20 d:/stm cube ide/stm32cubeide_1.7.0/stm32cubeide/plugins/com.st.stm32cube.ide.mcu.externaltools.gnu-tools-for-stm32.9-2020-q2-update.win32_2.0.0.202105311346/tools/bin/../lib/gcc/arm-none-eabi/9.3.1/../../../../arm-none-eabi/lib/thumb/v7e-m+fp/hard\libc_nano.a(lib_a-isattyr.o)
                0x000000000802e42c                _isatty_r
 .text._lseek_r
                0x000000000802e44c       0x24 d:/stm cube ide/stm32cubeide_1.7.0/stm32cubeide/plugins/com.st.stm32cube.ide.mcu.externaltools.gnu-tools-for-stm32.9-2020-q2-update.win32_2.0.0.202105311346/tools/bin/../lib/gcc/arm-none-eabi/9.3.1/../../../../arm-none-eabi/lib/thumb/v7e-m+fp/hard\libc_nano.a(lib_a-lseekr.o)
                0x000000000802e44c                _lseek_r
 .text._malloc_usable_size_r
                0x000000000802e470       0x10 d:/stm cube ide/stm32cubeide_1.7.0/stm32cubeide/plugins/com.st.stm32cube.ide.mcu.externaltools.gnu-tools-for-stm32.9-2020-q2-update.win32_2.0.0.202105311346/tools/bin/../lib/gcc/arm-none-eabi/9.3.1/../../../../arm-none-eabi/lib/thumb/v7e-m+fp/hard\libc_nano.a(lib_a-nano-msizer.o)
                0x000000000802e470                _malloc_usable_size_r
 .text._read_r  0x000000000802e480       0x24 d:/stm cube ide/stm32cubeide_1.7.0/stm32cubeide/plugins/com.st.stm32cube.ide.mcu.externaltools.gnu-tools-for-stm32.9-2020-q2-update.win32_2.0.0.202105311346/tools/bin/../lib/gcc/arm-none-eabi/9.3.1/../../../../arm-none-eabi/lib/thumb/v7e-m+fp/hard\libc_nano.a(lib_a-readr.o)
                0x000000000802e480                _read_r
 *(.glue_7)
 .glue_7        0x000000000802e4a4        0x0 linker stubs
 *(.glue_7t)
 .glue_7t       0x000000000802e4a4        0x0 linker stubs
 *(.eh_frame)
 .eh_frame      0x000000000802e4a4        0x0 d:/stm cube ide/stm32cubeide_1.7.0/stm32cubeide/plugins/com.st.stm32cube.ide.mcu.externaltools.gnu-tools-for-stm32.9-2020-q2-update.win32_2.0.0.202105311346/tools/bin/../lib/gcc/arm-none-eabi/9.3.1/thumb/v7e-m+fp/hard/crtbegin.o
 *(.init)
 .init          0x000000000802e4a4        0x4 d:/stm cube ide/stm32cubeide_1.7.0/stm32cubeide/plugins/com.st.stm32cube.ide.mcu.externaltools.gnu-tools-for-stm32.9-2020-q2-update.win32_2.0.0.202105311346/tools/bin/../lib/gcc/arm-none-eabi/9.3.1/thumb/v7e-m+fp/hard/crti.o
                0x000000000802e4a4                _init
 .init          0x000000000802e4a8        0x8 d:/stm cube ide/stm32cubeide_1.7.0/stm32cubeide/plugins/com.st.stm32cube.ide.mcu.externaltools.gnu-tools-for-stm32.9-2020-q2-update.win32_2.0.0.202105311346/tools/bin/../lib/gcc/arm-none-eabi/9.3.1/thumb/v7e-m+fp/hard/crtn.o
 *(.fini)
 .fini          0x000000000802e4b0        0x4 d:/stm cube ide/stm32cubeide_1.7.0/stm32cubeide/plugins/com.st.stm32cube.ide.mcu.externaltools.gnu-tools-for-stm32.9-2020-q2-update.win32_2.0.0.202105311346/tools/bin/../lib/gcc/arm-none-eabi/9.3.1/thumb/v7e-m+fp/hard/crti.o
                0x000000000802e4b0                _fini
 .fini          0x000000000802e4b4        0x8 d:/stm cube ide/stm32cubeide_1.7.0/stm32cubeide/plugins/com.st.stm32cube.ide.mcu.externaltools.gnu-tools-for-stm32.9-2020-q2-update.win32_2.0.0.202105311346/tools/bin/../lib/gcc/arm-none-eabi/9.3.1/thumb/v7e-m+fp/hard/crtn.o
                0x000000000802e4bc                . = ALIGN (0x4)
                0x000000000802e4bc                _etext = .

.vfp11_veneer   0x000000000802e4bc        0x0
 .vfp11_veneer  0x000000000802e4bc        0x0 linker stubs

.v4_bx          0x000000000802e4bc        0x0
 .v4_bx         0x000000000802e4bc        0x0 linker stubs

.iplt           0x000000000802e4bc        0x0
 .iplt          0x000000000802e4bc        0x0 d:/stm cube ide/stm32cubeide_1.7.0/stm32cubeide/plugins/com.st.stm32cube.ide.mcu.externaltools.gnu-tools-for-stm32.9-2020-q2-update.win32_2.0.0.202105311346/tools/bin/../lib/gcc/arm-none-eabi/9.3.1/thumb/v7e-m+fp/hard/crtbegin.o

.rodata         0x000000000802e4bc      0x384
                0x000000000802e4bc                . = ALIGN (0x4)
 *(.rodata)
 .rodata        0x000000000802e4bc       0x23 ./APP/src/app_task.o
 *fill*         0x000000000802e4df        0x1 